<html>
<body>
<pre>
<h1>µVision Build Log</h1>
<h2>Tool Versions:</h2>
IDE-Version: ÂµVision V5.30.0.0
Copyright (C) 2020 ARM Ltd and ARM Germany GmbH. All rights reserved.
License Information: Stefanof Berlin, UIO78402, LIC=RC93N-YJV6S-II55V-PZWUL-FY8SR-78VXC
 
Tool Versions:
Toolchain:       MDK-ARM Plus  Version: 5.30.0.0
Toolchain Path:  C:\Keil_v5\ARM\ARMCC\Bin
C Compiler:      Armcc.exe V5.06 update 6 (build 750)
Assembler:       Armasm.exe V5.06 update 6 (build 750)
Linker/Locator:  ArmLink.exe V5.06 update 6 (build 750)
Library Manager: ArmAr.exe V5.06 update 6 (build 750)
Hex Converter:   FromElf.exe V5.06 update 6 (build 750)
CPU DLL:         SARMCM3.DLL V5.30.0.0
Dialog DLL:      DCM.DLL V1.17.3.0
Target DLL:      STLink\ST-LINKIII-KEIL_SWO.dll V3.0.7.0
Dialog DLL:      TCM.DLL V1.42.0.0
 
<h2>Project:</h2>
c:\Users\angel\OneDrive\Desktop\test\Acoustinc_Speaker_Code\Project.uvprojx
Project File Date:  08/24/2026

<h2>Output:</h2>
*** Using Compiler 'V5.06 update 6 (build 750)', folder: 'C:\Keil_v5\ARM\ARMCC\Bin'
Rebuild target 'Project'
assembling startup_stm32f10x_hd.s...
compiling core_cm3.c...
compiling misc.c...
compiling stm32f10x_it.c...
compiling main.c...
compiling system_stm32f10x.c...
compiling stm32f10x_adc.c...
compiling demo_spi_flash_fatfs.c...
USER\demo_spi_flash_fatfs.c(1439): warning:  #192-D: unrecognized character escape sequence
  		printf("???????/Dir1/Dir1_1???\r\n");
USER\demo_spi_flash_fatfs.c(1447): warning:  #192-D: unrecognized character escape sequence
  		printf("???????/Dir1/Dir1_1???(??????? = %s) ?????????????\r\n",  FR_Table[result]);
USER\demo_spi_flash_fatfs.c(1721): warning:  #174-D: expression has no effect
  		(rtc, 7);
USER\demo_spi_flash_fatfs.c(1721): warning:  #174-D: expression has no effect
  		(rtc, 7);
USER\demo_spi_flash_fatfs.c(612): warning:  #177-D: function "CreateNewFile"  was declared but never referenced
  static void CreateNewFile(char *filename, uint8_t* data, uint16_t len)
USER\demo_spi_flash_fatfs.c(700): warning:  #177-D: function "AddFileData"  was declared but never referenced
  static void AddFileData(char *filename, uint8_t* data, uint16_t len)
USER\demo_spi_flash_fatfs.c(843): warning:  #177-D: function "ReadFileData"  was declared but never referenced
  static void ReadFileData(char *filename)
USER\demo_spi_flash_fatfs.c(1324): warning:  #177-D: function "CreateDir"  was declared but never referenced
  static void CreateDir(void)
USER\demo_spi_flash_fatfs.c(1396): warning:  #177-D: function "DeleteDirFile"  was declared but never referenced
  static void DeleteDirFile(void)
USER\demo_spi_flash_fatfs.c(1526): warning:  #177-D: function "WriteFileTest"  was declared but never referenced
  static void WriteFileTest(void)
USER\demo_spi_flash_fatfs.c: 10 warnings, 0 errors
compiling stm32f10x_bkp.c...
compiling stm32f10x_crc.c...
compiling stm32f10x_dac.c...
compiling stm32f10x_dbgmcu.c...
compiling stm32f10x_can.c...
compiling stm32f10x_cec.c...
compiling stm32f10x_dma.c...
compiling stm32f10x_exti.c...
compiling stm32f10x_gpio.c...
compiling stm32f10x_flash.c...
compiling stm32f10x_iwdg.c...
compiling stm32f10x_i2c.c...
compiling stm32f10x_pwr.c...
compiling stm32f10x_fsmc.c...
compiling stm32f10x_rcc.c...
compiling mass_mal.c...
compiling stm32f10x_wwdg.c...
compiling stm32f10x_spi.c...
compiling stm32f10x_usart.c...
compiling stm32f10x_rtc.c...
compiling stm32f10x_sdio.c...
compiling stm32f10x_tim.c...
compiling usb_desc.c...
compiling usb_endp.c...
compiling memory.c...
compiling scsi_data.c...
compiling usb_hw.c...
compiling usb_istr.c...
compiling usb_bot.c...
compiling otgd_fs_cal.c...
compiling otgd_fs_int.c...
compiling otgd_fs_pcd.c...
compiling otgd_fs_dev.c...
compiling usb_prop.c...
compiling usb_pwr.c...
compiling usb_scsi.c...
compiling usb_init.c...
compiling usb_mem.c...
compiling usb_regs.c...
compiling usb_int.c...
compiling usb_sil.c...
compiling ff.c...
compiling diskio.c...
compiling usb_core.c...
compiling bsp_i2c.c...
compiling bsp_io.c...
compiling bsp_uart_fifo.c...
compiling bsp_spi_bus.c...
compiling bsp_spi_flash.c...
compiling bsp_vs1053b.c...
compiling bsp_w5500.c...
compiling bsp_24L01.c...
compiling bsp_iwdg.c...
compiling bsp_adc.c...
linking...
Program Size: Code=45130 RO-data=1438 RW-data=752 ZI-data=47784  
FromELF: creating hex file...
".\USER\Output\Project.axf" - 0 Error(s), 10 Warning(s).

<h2>Software Packages used:</h2>

Package Vendor: ARM
                http://www.keil.com/pack/ARM.CMSIS.5.7.0.pack
                ARM.CMSIS.5.7.0
                CMSIS (Cortex Microcontroller Software Interface Standard)
   * Component: CORE Version: 5.4.0

Package Vendor: Keil
                http://www.keil.com/pack/Keil.STM32F1xx_DFP.2.3.0.pack
                Keil.STM32F1xx_DFP.2.3.0
                STMicroelectronics STM32F1 Series Device Support, Drivers and Examples

<h2>Collection of Component include folders:</h2>
  .\RTE\_Project
  C:\Users\angel\AppData\Local\Arm\Packs\ARM\CMSIS\5.7.0\CMSIS\Core\Include
  C:\Users\angel\AppData\Local\Arm\Packs\Keil\STM32F1xx_DFP\2.3.0\Device\Include

<h2>Collection of Component Files used:</h2>

   * Component: ARM::CMSIS:CORE:5.4.0
Build Time Elapsed:  00:00:14
</pre>
</body>
</html>
