Component: ARM Compiler 5.06 (build 20) Tool: armlink [4d35a3]

==============================================================================

Section Cross References

    main.o(.text) refers to bsp_pwm.o(.text) for DIM_CH4_MI
    main.o(.text) refers to dflt_clz.o(x$fpl$dflt) for __aeabi_i2d
    main.o(.text) refers to dmul.o(x$fpl$dmul) for __aeabi_dmul
    main.o(.text) refers to ddiv.o(x$fpl$ddiv) for __aeabi_ddiv
    main.o(.text) refers to d2f.o(x$fpl$d2f) for __aeabi_d2f
    main.o(.text) refers to f2d.o(x$fpl$f2d) for __aeabi_f2d
    main.o(.text) refers to drleqf.o(x$fpl$drleqf) for __aeabi_cdrcmple
    main.o(.text) refers to dleqf.o(x$fpl$dleqf) for __aeabi_cdcmple
    main.o(.text) refers to daddsub_clz.o(x$fpl$dsub) for __aeabi_dsub
    main.o(.text) refers to daddsub_clz.o(x$fpl$dadd) for __aeabi_dadd
    main.o(.text) refers to dfixu.o(x$fpl$dfixu) for __aeabi_d2uiz
    main.o(.text) refers to bsp_io.o(.text) for bsp_GpioInit
    main.o(.text) refers to bsp_uart_fifo.o(.text) for bsp_InitUart
    main.o(.text) refers to bsp_spi_flash.o(.text) for bsp_InitSFlash
    main.o(.text) refers to bsp_adc.o(.text) for ADC1_Init
    main.o(.text) refers to bsp_uart_fifo.o(.bss) for show
    main.o(.text) refers to bsp_adc.o(.data) for ADC_ConvertedValue
    main.o(.text) refers to system_stm32f10x.o(.data) for SystemCoreClock
    main.o(.text) refers to main.o(.data) for reg1ms_flag
    stm32f10x_it.o(.text) refers to stm32f10x_it.o(.data) for TimingDelay
    stm32f10x_it.o(.text) refers to main.o(.data) for reg1ms_flag
    bsp_adc.o(.text) refers to stm32f10x_rcc.o(.text) for RCC_APB2PeriphClockCmd
    bsp_adc.o(.text) refers to stm32f10x_gpio.o(.text) for GPIO_Init
    bsp_adc.o(.text) refers to stm32f10x_adc.o(.text) for ADC_Init
    bsp_adc.o(.text) refers to stm32f10x_dma.o(.text) for DMA_DeInit
    bsp_adc.o(.text) refers to bsp_adc.o(.bss) for buf1
    bsp_adc.o(.text) refers to bsp_adc.o(.data) for write
    bsp_spi_flash.o(.text) refers to stm32f10x_spi.o(.text) for SPI_I2S_GetFlagStatus
    bsp_spi_flash.o(.text) refers to strcpy.o(.text) for strcpy
    bsp_spi_flash.o(.text) refers to stm32f10x_rcc.o(.text) for RCC_APB2PeriphClockCmd
    bsp_spi_flash.o(.text) refers to stm32f10x_gpio.o(.text) for GPIO_Init
    bsp_spi_flash.o(.text) refers to bsp_spi_flash.o(.bss) for g_tSF
    bsp_spi_flash.o(.text) refers to memcmp.o(.text) for memcmp
    bsp_spi_flash.o(.text) refers to rt_memcpy_v6.o(.text) for __aeabi_memcpy
    bsp_spi_flash.o(.text) refers to bsp_uart_fifo.o(.text) for UartSendBuf
    bsp_spi_flash.o(.text) refers to bsp_uart_fifo.o(.bss) for show
    bsp_io.o(.text) refers to stm32f10x_rcc.o(.text) for RCC_APB2PeriphClockCmd
    bsp_io.o(.text) refers to stm32f10x_gpio.o(.text) for GPIO_PinRemapConfig
    bsp_io.o(.text) refers to bsp_uart_fifo.o(.text) for UartSendBuf
    bsp_io.o(.text) refers to bsp_uart_fifo.o(.bss) for show
    bsp_io.o(.text) refers to bsp_io.o(.data) for buf
    bsp_uart_fifo.o(.text) refers to misc.o(.text) for NVIC_PriorityGroupConfig
    bsp_uart_fifo.o(.text) refers to stm32f10x_rcc.o(.text) for RCC_APB2PeriphClockCmd
    bsp_uart_fifo.o(.text) refers to stm32f10x_gpio.o(.text) for GPIO_Init
    bsp_uart_fifo.o(.text) refers to stm32f10x_usart.o(.text) for USART_Init
    bsp_uart_fifo.o(.text) refers to bsp_uart_fifo.o(.bss) for g_tUart1
    bsp_uart_fifo.o(.text) refers to bsp_uart_fifo.o(.constdata) for auchCRCHi
    bsp_uart_fifo.o(.text) refers to bsp_uart_fifo.o(.data) for CRCL
    bsp_uart_fifo.o(.text) refers to stm32f10x_it.o(.text) for Delay
    bsp_uart_fifo.o(.text) refers to bsp_spi_flash.o(.text) for save_par
    bsp_pwm.o(.text) refers to stm32f10x_rcc.o(.text) for RCC_APB2PeriphClockCmd
    bsp_pwm.o(.text) refers to stm32f10x_gpio.o(.text) for GPIO_Init
    bsp_pwm.o(.text) refers to stm32f10x_tim.o(.text) for TIM_TimeBaseInit
    bsp_pwm.o(.text) refers to misc.o(.text) for NVIC_Init
    bsp_pwm.o(.text) refers to bsp_io.o(.text) for read_detect
    bsp_pwm.o(.text) refers to bsp_uart_fifo.o(.text) for UartSendBuf
    bsp_pwm.o(.text) refers to bsp_pwm.o(.data) for reload_flag
    bsp_pwm.o(.text) refers to bsp_adc.o(.data) for ADC_ConvertedValue
    bsp_dac.o(.text) refers to stm32f10x_rcc.o(.text) for RCC_APB1PeriphClockCmd
    bsp_dac.o(.text) refers to stm32f10x_dac.o(.text) for DAC_Init
    bsp_dac.o(.text) refers to stm32f10x_gpio.o(.text) for GPIO_Init
    bsp_dac.o(.text) refers to stm32f10x_tim.o(.text) for TIM_TimeBaseStructInit
    bsp_dac.o(.text) refers to misc.o(.text) for NVIC_PriorityGroupConfig
    bsp_dac.o(.text) refers to stm32f10x_dma.o(.text) for DMA_DeInit
    bsp_dac.o(.text) refers to bsp_dac.o(.constdata) for Sine12bit
    stm32f10x_adc.o(.text) refers to stm32f10x_rcc.o(.text) for RCC_APB2PeriphResetCmd
    stm32f10x_bkp.o(.text) refers to stm32f10x_rcc.o(.text) for RCC_BackupResetCmd
    stm32f10x_can.o(.text) refers to stm32f10x_rcc.o(.text) for RCC_APB1PeriphResetCmd
[...]
    ../clib/angel/kernel.s                   0x00000000   Number         0  __rtentry4.o ABSOLUTE
    ../clib/angel/kernel.s                   0x00000000   Number         0  rtexit2.o ABSOLUTE
    ../clib/angel/rt.s                       0x00000000   Number         0  rt_raise.o ABSOLUTE
    ../clib/angel/scatter.s                  0x00000000   Number         0  __scatter.o ABSOLUTE
    ../clib/angel/startup.s                  0x00000000   Number         0  __main.o ABSOLUTE
    ../clib/angel/sys.s                      0x00000000   Number         0  use_no_semi.o ABSOLUTE
    ../clib/angel/sys.s                      0x00000000   Number         0  sys_stackheap_outer.o ABSOLUTE
    ../clib/angel/sys.s                      0x00000000   Number         0  libspace.o ABSOLUTE
    ../clib/angel/sys.s                      0x00000000   Number         0  indicate_semi.o ABSOLUTE
    ../clib/angel/sysapp.c                   0x00000000   Number         0  sys_wrch.o ABSOLUTE
    ../clib/angel/sysapp.c                   0x00000000   Number         0  sys_command.o ABSOLUTE
    ../clib/angel/sysapp.c                   0x00000000   Number         0  sys_exit.o ABSOLUTE
    ../clib/armsys.c                         0x00000000   Number         0  argv_veneer.o ABSOLUTE
    ../clib/armsys.c                         0x00000000   Number         0  no_argv.o ABSOLUTE
    ../clib/armsys.c                         0x00000000   Number         0  argv_veneer.o ABSOLUTE
    ../clib/armsys.c                         0x00000000   Number         0  _get_argv_nomalloc.o ABSOLUTE
    ../clib/heapalloc.c                      0x00000000   Number         0  hrguard.o ABSOLUTE
    ../clib/heapaux.c                        0x00000000   Number         0  heapauxi.o ABSOLUTE
    ../clib/libinit.s                        0x00000000   Number         0  libinit.o ABSOLUTE
    ../clib/libinit.s                        0x00000000   Number         0  libinit2.o ABSOLUTE
    ../clib/libinit.s                        0x00000000   Number         0  libshutdown.o ABSOLUTE
    ../clib/libinit.s                        0x00000000   Number         0  libshutdown2.o ABSOLUTE
    ../clib/memcpset.s                       0x00000000   Number         0  rt_memcpy_w.o ABSOLUTE
    ../clib/memcpset.s                       0x00000000   Number         0  rt_memcpy_v6.o ABSOLUTE
    ../clib/signal.c                         0x00000000   Number         0  defsig_abrt_inner.o ABSOLUTE
    ../clib/signal.c                         0x00000000   Number         0  defsig_segv_inner.o ABSOLUTE
    ../clib/signal.c                         0x00000000   Number         0  defsig_cppl_inner.o ABSOLUTE
    ../clib/signal.c                         0x00000000   Number         0  defsig_fpe_inner.o ABSOLUTE
    ../clib/signal.c                         0x00000000   Number         0  defsig_general.o ABSOLUTE
    ../clib/signal.c                         0x00000000   Number         0  __raise.o ABSOLUTE
    ../clib/signal.c                         0x00000000   Number         0  defsig_rtmem_inner.o ABSOLUTE
    ../clib/signal.c                         0x00000000   Number         0  defsig_exit.o ABSOLUTE
    ../clib/signal.c                         0x00000000   Number         0  defsig_stak_inner.o ABSOLUTE
    ../clib/signal.c                         0x00000000   Number         0  defsig_rtmem_formal.o ABSOLUTE
    ../clib/signal.c                         0x00000000   Number         0  defsig_rtmem_outer.o ABSOLUTE
    ../clib/signal.c                         0x00000000   Number         0  defsig_pvfn_inner.o ABSOLUTE
    ../clib/signal.c                         0x00000000   Number         0  defsig_other.o ABSOLUTE
    ../clib/signal.c                         0x00000000   Number         0  defsig_rtred_inner.o ABSOLUTE
    ../clib/signal.s                         0x00000000   Number         0  defsig.o ABSOLUTE
    ../clib/stdlib.c                         0x00000000   Number         0  exit.o ABSOLUTE
    ../clib/string.c                         0x00000000   Number         0  strcpy.o ABSOLUTE
    ../clib/string.c                         0x00000000   Number         0  memcmp.o ABSOLUTE
    ../fplib/d2f.s                           0x00000000   Number         0  d2f.o ABSOLUTE
    ../fplib/daddsub.s                       0x00000000   Number         0  daddsub_clz.o ABSOLUTE
    ../fplib/dcmpi.s                         0x00000000   Number         0  dcmpi.o ABSOLUTE
    ../fplib/ddiv.s                          0x00000000   Number         0  ddiv.o ABSOLUTE
    ../fplib/dfixu.s                         0x00000000   Number         0  dfixu.o ABSOLUTE
    ../fplib/dflt.s                          0x00000000   Number         0  dflt_clz.o ABSOLUTE
    ../fplib/dleqf.s                         0x00000000   Number         0  dleqf.o ABSOLUTE
    ../fplib/dmul.s                          0x00000000   Number         0  dmul.o ABSOLUTE
    ../fplib/dnaninf.s                       0x00000000   Number         0  dnaninf.o ABSOLUTE
    ../fplib/dretinf.s                       0x00000000   Number         0  dretinf.o ABSOLUTE
    ../fplib/drleqf.s                        0x00000000   Number         0  drleqf.o ABSOLUTE
    ../fplib/f2d.s                           0x00000000   Number         0  f2d.o ABSOLUTE
    ../fplib/fnaninf.s                       0x00000000   Number         0  fnaninf.o ABSOLUTE
    ../fplib/fpinit.s                        0x00000000   Number         0  fpinit.o ABSOLUTE
    ../fplib/fretinf.s                       0x00000000   Number         0  fretinf.o ABSOLUTE
    ../fplib/usenofp.s                       0x00000000   Number         0  usenofp.o ABSOLUTE
    CMSIS\\core_cm3.c                        0x00000000   Number         0  core_cm3.o ABSOLUTE
    CMSIS\core_cm3.c                         0x00000000   Number         0  core_cm3.o ABSOLUTE
    CMSIS\startup\arm\startup_stm32f10x_hd.s 0x00000000   Number         0  startup_stm32f10x_hd.o ABSOLUTE
    CMSIS\system_stm32f10x.c                 0x00000000   Number         0  system_stm32f10x.o ABSOLUTE
    LIB\src\misc.c                           0x00000000   Number         0  misc.o ABSOLUTE
    LIB\src\stm32f10x_adc.c                  0x00000000   Number         0  stm32f10x_adc.o ABSOLUTE
    LIB\src\stm32f10x_bkp.c                  0x00000000   Number         0  stm32f10x_bkp.o ABSOLUTE
    LIB\src\stm32f10x_can.c                  0x00000000   Number         0  stm32f10x_can.o ABSOLUTE
    LIB\src\stm32f10x_cec.c                  0x00000000   Number         0  stm32f10x_cec.o ABSOLUTE
    LIB\src\stm32f10x_crc.c                  0x00000000   Number         0  stm32f10x_crc.o ABSOLUTE
    LIB\src\stm32f10x_dac.c                  0x00000000   Number         0  stm32f10x_dac.o ABSOLUTE
    LIB\src\stm32f10x_dbgmcu.c               0x00000000   Number         0  stm32f10x_dbgmcu.o ABSOLUTE
    LIB\src\stm32f10x_dma.c                  0x00000000   Number         0  stm32f10x_dma.o ABSOLUTE
    LIB\src\stm32f10x_exti.c                 0x00000000   Number         0  stm32f10x_exti.o ABSOLUTE
    LIB\src\stm32f10x_flash.c                0x00000000   Number         0  stm32f10x_flash.o ABSOLUTE
    LIB\src\stm32f10x_fsmc.c                 0x00000000   Number         0  stm32f10x_fsmc.o ABSOLUTE
    LIB\src\stm32f10x_gpio.c                 0x00000000   Number         0  stm32f10x_gpio.o ABSOLUTE
    LIB\src\stm32f10x_i2c.c                  0x00000000   Number         0  stm32f10x_i2c.o ABSOLUTE
    LIB\src\stm32f10x_iwdg.c                 0x00000000   Number         0  stm32f10x_iwdg.o ABSOLUTE
    LIB\src\stm32f10x_pwr.c                  0x00000000   Number         0  stm32f10x_pwr.o ABSOLUTE
    LIB\src\stm32f10x_rcc.c                  0x00000000   Number         0  stm32f10x_rcc.o ABSOLUTE
    LIB\src\stm32f10x_rtc.c                  0x00000000   Number         0  stm32f10x_rtc.o ABSOLUTE
    LIB\src\stm32f10x_sdio.c                 0x00000000   Number         0  stm32f10x_sdio.o ABSOLUTE
    LIB\src\stm32f10x_spi.c                  0x00000000   Number         0  stm32f10x_spi.o ABSOLUTE
    LIB\src\stm32f10x_tim.c                  0x00000000   Number         0  stm32f10x_tim.o ABSOLUTE
    LIB\src\stm32f10x_usart.c                0x00000000   Number         0  stm32f10x_usart.o ABSOLUTE
    LIB\src\stm32f10x_wwdg.c                 0x00000000   Number         0  stm32f10x_wwdg.o ABSOLUTE
    USER\BSP\bsp_adc.c                       0x00000000   Number         0  bsp_adc.o ABSOLUTE
    USER\BSP\bsp_dac.c                       0x00000000   Number         0  bsp_dac.o ABSOLUTE
    USER\FatFS\src\diskio.c                  0x00000000   Number         0  diskio.o ABSOLUTE
    USER\FatFS\src\ff.c                      0x00000000   Number         0  ff.o ABSOLUTE
    USER\FatFS\src\option\cc936.c            0x00000000   Number         0  cc936.o ABSOLUTE
    USER\bsp_io.c                            0x00000000   Number         0  bsp_io.o ABSOLUTE
    USER\bsp_pwm.c                           0x00000000   Number         0  bsp_pwm.o ABSOLUTE
    USER\bsp_spi_flash.c                     0x00000000   Number         0  bsp_spi_flash.o ABSOLUTE
    USER\bsp_uart_fifo.c                     0x00000000   Number         0  bsp_uart_fifo.o ABSOLUTE
    USER\main.c                              0x00000000   Number         0  main.o ABSOLUTE
    USER\stm32f10x_it.c                      0x00000000   Number         0  stm32f10x_it.o ABSOLUTE
    dc.s                                     0x00000000   Number         0  dc.o ABSOLUTE
    RESET                                    0x08000000   Section      304  startup_stm32f10x_hd.o(RESET)
    !!!main                                  0x08000130   Section        8  __main.o(!!!main)
    !!!scatter                               0x08000138   Section       52  __scatter.o(!!!scatter)
    !!handler_copy                           0x0800016c   Section       26  __scatter_copy.o(!!handler_copy)
    !!handler_zi                             0x08000188   Section       28  __scatter_zi.o(!!handler_zi)
    .ARM.Collect$$libinit$$00000000          0x080001a4   Section        2  libinit.o(.ARM.Collect$$libinit$$00000000)
    .ARM.Collect$$libinit$$00000002          0x080001a6   Section        0  libinit2.o(.ARM.Collect$$libinit$$00000002)
    .ARM.Collect$$libinit$$00000004          0x080001a6   Section        0  libinit2.o(.ARM.Collect$$libinit$$00000004)
    .ARM.Collect$$libinit$$0000000A          0x080001a6   Section        0  libinit2.o(.ARM.Collect$$libinit$$0000000A)
    .ARM.Collect$$libinit$$0000000C          0x080001a6   Section        0  libinit2.o(.ARM.Collect$$libinit$$0000000C)
    .ARM.Collect$$libinit$$0000000E          0x080001a6   Section        0  libinit2.o(.ARM.Collect$$libinit$$0000000E)
    .ARM.Collect$$libinit$$00000011          0x080001a6   Section        0  libinit2.o(.ARM.Collect$$libinit$$00000011)
    .ARM.Collect$$libinit$$00000013          0x080001a6   Section        0  libinit2.o(.ARM.Collect$$libinit$$00000013)
    .ARM.Collect$$libinit$$00000015          0x080001a6   Section        0  libinit2.o(.ARM.Collect$$libinit$$00000015)
    .ARM.Collect$$libinit$$00000017          0x080001a6   Section        0  libinit2.o(.ARM.Collect$$libinit$$00000017)
    .ARM.Collect$$libinit$$00000019          0x080001a6   Section        0  libinit2.o(.ARM.Collect$$libinit$$00000019)
    .ARM.Collect$$libinit$$0000001B          0x080001a6   Section        0  libinit2.o(.ARM.Collect$$libinit$$0000001B)
    .ARM.Collect$$libinit$$0000001D          0x080001a6   Section        0  libinit2.o(.ARM.Collect$$libinit$$0000001D)
    .ARM.Collect$$libinit$$0000001F          0x080001a6   Section        0  libinit2.o(.ARM.Collect$$libinit$$0000001F)
    .ARM.Collect$$libinit$$00000021          0x080001a6   Section        0  libinit2.o(.ARM.Collect$$libinit$$00000021)
    .ARM.Collect$$libinit$$00000023          0x080001a6   Section        0  libinit2.o(.ARM.Collect$$libinit$$00000023)
    .ARM.Collect$$libinit$$00000025          0x080001a6   Section        0  libinit2.o(.ARM.Collect$$libinit$$00000025)
    .ARM.Collect$$libinit$$0000002C          0x080001a6   Section        0  libinit2.o(.ARM.Collect$$libinit$$0000002C)
    .ARM.Collect$$libinit$$0000002E          0x080001a6   Section        0  libinit2.o(.ARM.Collect$$libinit$$0000002E)
    .ARM.Collect$$libinit$$00000030          0x080001a6   Section        0  libinit2.o(.ARM.Collect$$libinit$$00000030)
    .ARM.Collect$$libinit$$00000032          0x080001a6   Section        0  libinit2.o(.ARM.Collect$$libinit$$00000032)
    .ARM.Collect$$libinit$$00000033          0x080001a6   Section        2  libinit2.o(.ARM.Collect$$libinit$$00000033)
    .ARM.Collect$$libshutdown$$00000000      0x080001a8   Section        2  libshutdown.o(.ARM.Collect$$libshutdown$$00000000)
    .ARM.Collect$$libshutdown$$00000002      0x080001aa   Section        0  libshutdown2.o(.ARM.Collect$$libshutdown$$00000002)
    .ARM.Collect$$libshutdown$$00000004      0x080001aa   Section        0  libshutdown2.o(.ARM.Collect$$libshutdown$$00000004)
    .ARM.Collect$$libshutdown$$00000007      0x080001aa   Section        0  libshutdown2.o(.ARM.Collect$$libshutdown$$00000007)
    .ARM.Collect$$libshutdown$$0000000A      0x080001aa   Section        0  libshutdown2.o(.ARM.Collect$$libshutdown$$0000000A)
    .ARM.Collect$$libshutdown$$0000000C      0x080001aa   Section        0  libshutdown2.o(.ARM.Collect$$libshutdown$$0000000C)
    .ARM.Collect$$libshutdown$$0000000F      0x080001aa   Section        0  libshutdown2.o(.ARM.Collect$$libshutdown$$0000000F)
    .ARM.Collect$$libshutdown$$00000010      0x080001aa   Section        2  libshutdown2.o(.ARM.Collect$$libshutdown$$00000010)
    .ARM.Collect$$rtentry$$00000000          0x080001ac   Section        0  __rtentry.o(.ARM.Collect$$rtentry$$00000000)
    .ARM.Collect$$rtentry$$00000002          0x080001ac   Section        0  __rtentry2.o(.ARM.Collect$$rtentry$$00000002)
    .ARM.Collect$$rtentry$$00000004          0x080001ac   Section        6  __rtentry4.o(.ARM.Collect$$rtentry$$00000004)
    .ARM.Collect$$rtentry$$00000009          0x080001b2   Section        0  __rtentry2.o(.ARM.Collect$$rtentry$$00000009)
    .ARM.Collect$$rtentry$$0000000A          0x080001b2   Section        4  __rtentry2.o(.ARM.Collect$$rtentry$$0000000A)
    .ARM.Collect$$rtentry$$0000000C          0x080001b6   Section        0  __rtentry2.o(.ARM.Collect$$rtentry$$0000000C)
    .ARM.Collect$$rtentry$$0000000D          0x080001b6   Section        8  __rtentry2.o(.ARM.Collect$$rtentry$$0000000D)
    .ARM.Collect$$rtexit$$00000000           0x080001be   Section        2  rtexit.o(.ARM.Collect$$rtexit$$00000000)
    .ARM.Collect$$rtexit$$00000002           0x080001c0   Section        0  rtexit2.o(.ARM.Collect$$rtexit$$00000002)
    .ARM.Collect$$rtexit$$00000003           0x080001c0   Section        4  rtexit2.o(.ARM.Collect$$rtexit$$00000003)
    .ARM.Collect$$rtexit$$00000004           0x080001c4   Section        6  rtexit2.o(.ARM.Collect$$rtexit$$00000004)
    .text                                    0x080001cc   Section        0  main.o(.text)
    SysTick_Init                             0x0800048f   Thumb Code    92  main.o(.text)
    .text                                    0x080005c0   Section        0  stm32f10x_it.o(.text)
    .text                                    0x08000644   Section        0  bsp_adc.o(.text)
    ADC1_GPIO_Config                         0x0800079f   Thumb Code    62  bsp_adc.o(.text)
    ADC1_Mode_Config                         0x080007dd   Thumb Code   230  bsp_adc.o(.text)
    .text                                    0x080008fc   Section        0  bsp_spi_flash.o(.text)
    sf_SendByte                              0x080008fd   Thumb Code    50  bsp_spi_flash.o(.text)
    sf_WriteStatus                           0x0800092f   Thumb Code    80  bsp_spi_flash.o(.text)
    sf_WaitForWriteEnd                       0x0800097f   Thumb Code    38  bsp_spi_flash.o(.text)
    bsp_CfgSPIForSFlash                      0x08000a6d   Thumb Code   106  bsp_spi_flash.o(.text)
    sf_WriteEnable                           0x08000b3f   Thumb Code    22  bsp_spi_flash.o(.text)
    sf_CmpData                               0x08000c7f   Thumb Code   194  bsp_spi_flash.o(.text)
    sf_NeedErase                             0x08000d41   Thumb Code    40  bsp_spi_flash.o(.text)
    sf_AutoWritePage                         0x08000d69   Thumb Code   268  bsp_spi_flash.o(.text)
    .text                                    0x0800108c   Section        0  bsp_io.o(.text)
    .text                                    0x08001300   Section        0  bsp_uart_fifo.o(.text)
    ConfigUartNVIC                           0x08001301   Thumb Code    36  bsp_uart_fifo.o(.text)
    InitHardUart                             0x08001325   Thumb Code   140  bsp_uart_fifo.o(.text)
    UartVarInit                              0x080013cd   Thumb Code   106  bsp_uart_fifo.o(.text)
    UartIRQ                                  0x08001585   Thumb Code   628  bsp_uart_fifo.o(.text)
    __set_PRIMASK                            0x08001b37   Thumb Code     6  bsp_uart_fifo.o(.text)
    .text                                    0x08001b60   Section        0  bsp_pwm.o(.text)
    .text                                    0x08001d14   Section        0  misc.o(.text)
    .text                                    0x08001df0   Section        0  stm32f10x_adc.o(.text)
    .text                                    0x08002240   Section        0  stm32f10x_dma.o(.text)
    .text                                    0x08002494   Section        0  stm32f10x_gpio.o(.text)
    .text                                    0x080027f0   Section        0  stm32f10x_rcc.o(.text)
    .text                                    0x08002b94   Section        0  stm32f10x_spi.o(.text)
    .text                                    0x08002ea0   Section        0  stm32f10x_tim.o(.text)
    TI4_Config                               0x08003347   Thumb Code   130  stm32f10x_tim.o(.text)
    TI3_Config                               0x080033db   Thumb Code   122  stm32f10x_tim.o(.text)
    TI2_Config                               0x0800346f   Thumb Code   130  stm32f10x_tim.o(.text)
    TI1_Config                               0x08003503   Thumb Code   108  stm32f10x_tim.o(.text)
    .text                                    0x08003cbc   Section        0  stm32f10x_usart.o(.text)
    .text                                    0x080040c4   Section        0  system_stm32f10x.o(.text)
    SetSysClockTo72                          0x080040c5   Thumb Code   214  system_stm32f10x.o(.text)
    SetSysClock                              0x0800419b   Thumb Code     8  system_stm32f10x.o(.text)
    .text                                    0x080042a4   Section       64  startup_stm32f10x_hd.o(.text)
    .text                                    0x080042e4   Section        0  memcmp.o(.text)
    .text                                    0x0800433c   Section        0  strcpy.o(.text)
    .text                                    0x08004384   Section      138  rt_memcpy_v6.o(.text)
    .text                                    0x0800440e   Section        0  heapauxi.o(.text)
    .text                                    0x08004414   Section      100  rt_memcpy_w.o(.text)
    .text                                    0x08004478   Section       74  sys_stackheap_outer.o(.text)
    .text                                    0x080044c2   Section        0  exit.o(.text)
    .text                                    0x080044d4   Section        8  libspace.o(.text)
    .text                                    0x080044dc   Section        0  sys_exit.o(.text)
    .text                                    0x080044e8   Section        2  use_no_semi.o(.text)
    .text                                    0x080044ea   Section        0  indicate_semi.o(.text)
    x$fpl$d2f                                0x080044ec   Section       98  d2f.o(x$fpl$d2f)
    x$fpl$dadd                               0x08004550   Section      336  daddsub_clz.o(x$fpl$dadd)
    _dadd1                                   0x08004561   Thumb Code     0  daddsub_clz.o(x$fpl$dadd)
    x$fpl$dcmpinf                            0x080046a0   Section       24  dcmpi.o(x$fpl$dcmpinf)
    x$fpl$ddiv                               0x080046b8   Section      688  ddiv.o(x$fpl$ddiv)
    ddiv_entry                               0x080046bf   Thumb Code     0  ddiv.o(x$fpl$ddiv)
    x$fpl$dfixu                              0x08004968   Section       90  dfixu.o(x$fpl$dfixu)
    x$fpl$dflt                               0x080049c2   Section       46  dflt_clz.o(x$fpl$dflt)
    x$fpl$dleqf                              0x080049f0   Section      120  dleqf.o(x$fpl$dleqf)
    x$fpl$dmul                               0x08004a68   Section      340  dmul.o(x$fpl$dmul)
    x$fpl$dnaninf                            0x08004bbc   Section      156  dnaninf.o(x$fpl$dnaninf)
    x$fpl$dretinf                            0x08004c58   Section       12  dretinf.o(x$fpl$dretinf)
    x$fpl$drleqf                             0x08004c64   Section      108  drleqf.o(x$fpl$drleqf)
    x$fpl$dsub                               0x08004cd0   Section      468  daddsub_clz.o(x$fpl$dsub)
    _dsub1                                   0x08004ce1   Thumb Code     0  daddsub_clz.o(x$fpl$dsub)
    x$fpl$f2d                                0x08004ea4   Section       86  f2d.o(x$fpl$f2d)
    x$fpl$fnaninf                            0x08004efa   Section      140  fnaninf.o(x$fpl$fnaninf)
    x$fpl$fretinf                            0x08004f86   Section       10  fretinf.o(x$fpl$fretinf)
    .constdata                               0x08004f90   Section      512  bsp_uart_fifo.o(.constdata)
    x$fpl$usenofp                            0x08004f90   Section        0  usenofp.o(x$fpl$usenofp)
    .data                                    0x20000000   Section       30  main.o(.data)
    .data                                    0x20000020   Section        6  stm32f10x_it.o(.data)
    TimingDelay                              0x20000020   Data           4  stm32f10x_it.o(.data)
    s_count                                  0x20000024   Data           1  stm32f10x_it.o(.data)
    t_count                                  0x20000025   Data           1  stm32f10x_it.o(.data)
    .data                                    0x20000026   Section       14  bsp_adc.o(.data)
    write                                    0x20000032   Data           1  bsp_adc.o(.data)
    write                                    0x20000033   Data           1  bsp_adc.o(.data)
    .data                                    0x20000034   Section       11  bsp_io.o(.data)
    .data                                    0x2000003f   Section        8  bsp_uart_fifo.o(.data)
    .data                                    0x20000047   Section       11  bsp_pwm.o(.data)
    .data                                    0x20000052   Section       20  stm32f10x_rcc.o(.data)
    APBAHBPrescTable                         0x20000052   Data          16  stm32f10x_rcc.o(.data)
    ADCPrescTable                            0x20000062   Data           4  stm32f10x_rcc.o(.data)
    .data                                    0x20000068   Section       20  system_stm32f10x.o(.data)
    .bss                                     0x2000007c   Section       80  bsp_adc.o(.bss)
    buf1                                     0x2000007c   Data          40  bsp_adc.o(.bss)
    buf2                                     0x200000a4   Data          40  bsp_adc.o(.bss)
    .bss                                     0x200000cc   Section     4124  bsp_spi_flash.o(.bss)
    s_spiBuf                                 0x200000e8   Data        4096  bsp_spi_flash.o(.bss)
    .bss                                     0x200010e8   Section      836  bsp_uart_fifo.o(.bss)
    g_TxBuf1                                 0x200010e8   Data         256  bsp_uart_fifo.o(.bss)
    g_RxBuf1                                 0x200011e8   Data         256  bsp_uart_fifo.o(.bss)
    RxBuf                                    0x200012e8   Data         256  bsp_uart_fifo.o(.bss)
    .bss                                     0x2000142c   Section       96  libspace.o(.bss)
    HEAP                                     0x20001490   Section      512  startup_stm32f10x_hd.o(HEAP)
    Heap_Mem                                 0x20001490   Data         512  startup_stm32f10x_hd.o(HEAP)
    STACK                                    0x20001690   Section     1024  startup_stm32f10x_hd.o(STACK)
    Stack_Mem                                0x20001690   Data        1024  startup_stm32f10x_hd.o(STACK)
    __initial_sp                             0x20001a90   Data           0  startup_stm32f10x_hd.o(STACK)

    Global Symbols

    Symbol Name                              Value     Ov Type        Size  Object(Section)

    BuildAttributes$$THM_ISAv4$P$D$K$B$S$PE$A:L22UL41UL21$X:L11$S22US41US21$IEEE1$IW$USESV6$~STKCKD$USESV7$~SHL$OSPACE$ROPI$EBA8$UX$STANDARDLIB$REQ8$PRES8$EABIv2 0x00000000   Number         0  anon$$obj.o ABSOLUTE
    __ARM_use_no_argv                        0x00000000   Number         0  main.o ABSOLUTE
    __ARM_exceptions_init                     - Undefined Weak Reference
    __alloca_initialize                       - Undefined Weak Reference
    __arm_preinit_                            - Undefined Weak Reference
    __cpp_initialize__aeabi_                  - Undefined Weak Reference
    __cxa_finalize                            - Undefined Weak Reference
    __rt_locale                               - Undefined Weak Reference
    __sigvec_lookup                           - Undefined Weak Reference
    _atexit_init                              - Undefined Weak Reference
    _call_atexit_fns                          - Undefined Weak Reference
    _clock_init                               - Undefined Weak Reference
    _fp_trap_init                             - Undefined Weak Reference
    _fp_trap_shutdown                         - Undefined Weak Reference
    _get_lc_collate                           - Undefined Weak Reference
    _get_lc_ctype                             - Undefined Weak Reference
    _get_lc_monetary                          - Undefined Weak Reference
    _get_lc_numeric                           - Undefined Weak Reference
    _get_lc_time                              - Undefined Weak Reference
    _getenv_init                              - Undefined Weak Reference
    _handle_redirection                       - Undefined Weak Reference
    _init_alloc                               - Undefined Weak Reference
    _init_user_alloc                          - Undefined Weak Reference
    _initio                                   - Undefined Weak Reference
    _rand_init                                - Undefined Weak Reference
    _signal_finish                            - Undefined Weak Reference
    _signal_init                              - Undefined Weak Reference
    _terminate_alloc                          - Undefined Weak Reference
    _terminate_user_alloc                     - Undefined Weak Reference
    _terminateio                              - Undefined Weak Reference
    __Vectors_Size                           0x00000130   Number         0  startup_stm32f10x_hd.o ABSOLUTE
    __Vectors                                0x08000000   Data           4  startup_stm32f10x_hd.o(RESET)
    __Vectors_End                            0x08000130   Data           0  startup_stm32f10x_hd.o(RESET)
    __main                                   0x08000131   Thumb Code     8  __main.o(!!!main)
    __scatterload                            0x08000139   Thumb Code     0  __scatter.o(!!!scatter)
    __scatterload_rt2                        0x08000139   Thumb Code    44  __scatter.o(!!!scatter)
    __scatterload_rt2_thumb_only             0x08000139   Thumb Code     0  __scatter.o(!!!scatter)
    __scatterload_null                       0x08000147   Thumb Code     0  __scatter.o(!!!scatter)
    __scatterload_copy                       0x0800016d   Thumb Code    26  __scatter_copy.o(!!handler_copy)
    __scatterload_zeroinit                   0x08000189   Thumb Code    28  __scatter_zi.o(!!handler_zi)
    __rt_lib_init                            0x080001a5   Thumb Code     0  libinit.o(.ARM.Collect$$libinit$$00000000)
    __rt_lib_init_alloca_1                   0x080001a7   Thumb Code     0  libinit2.o(.ARM.Collect$$libinit$$0000002E)
    __rt_lib_init_argv_1                     0x080001a7   Thumb Code     0  libinit2.o(.ARM.Collect$$libinit$$0000002C)
    __rt_lib_init_atexit_1                   0x080001a7   Thumb Code     0  libinit2.o(.ARM.Collect$$libinit$$0000001B)
    __rt_lib_init_clock_1                    0x080001a7   Thumb Code     0  libinit2.o(.ARM.Collect$$libinit$$00000021)
    __rt_lib_init_cpp_1                      0x080001a7   Thumb Code     0  libinit2.o(.ARM.Collect$$libinit$$00000032)
    __rt_lib_init_exceptions_1               0x080001a7   Thumb Code     0  libinit2.o(.ARM.Collect$$libinit$$00000030)
    __rt_lib_init_fp_1                       0x080001a7   Thumb Code     0  libinit2.o(.ARM.Collect$$libinit$$00000002)
    __rt_lib_init_fp_trap_1                  0x080001a7   Thumb Code     0  libinit2.o(.ARM.Collect$$libinit$$0000001F)
    __rt_lib_init_getenv_1                   0x080001a7   Thumb Code     0  libinit2.o(.ARM.Collect$$libinit$$00000023)
    __rt_lib_init_heap_1                     0x080001a7   Thumb Code     0  libinit2.o(.ARM.Collect$$libinit$$0000000A)
    __rt_lib_init_lc_collate_1               0x080001a7   Thumb Code     0  libinit2.o(.ARM.Collect$$libinit$$00000011)
    __rt_lib_init_lc_ctype_1                 0x080001a7   Thumb Code     0  libinit2.o(.ARM.Collect$$libinit$$00000013)
    __rt_lib_init_lc_monetary_1              0x080001a7   Thumb Code     0  libinit2.o(.ARM.Collect$$libinit$$00000015)
    __rt_lib_init_lc_numeric_1               0x080001a7   Thumb Code     0  libinit2.o(.ARM.Collect$$libinit$$00000017)
    __rt_lib_init_lc_time_1                  0x080001a7   Thumb Code     0  libinit2.o(.ARM.Collect$$libinit$$00000019)
    __rt_lib_init_preinit_1                  0x080001a7   Thumb Code     0  libinit2.o(.ARM.Collect$$libinit$$00000004)
    __rt_lib_init_rand_1                     0x080001a7   Thumb Code     0  libinit2.o(.ARM.Collect$$libinit$$0000000E)
    __rt_lib_init_return                     0x080001a7   Thumb Code     0  libinit2.o(.ARM.Collect$$libinit$$00000033)
    __rt_lib_init_signal_1                   0x080001a7   Thumb Code     0  libinit2.o(.ARM.Collect$$libinit$$0000001D)
    __rt_lib_init_stdio_1                    0x080001a7   Thumb Code     0  libinit2.o(.ARM.Collect$$libinit$$00000025)
    __rt_lib_init_user_alloc_1               0x080001a7   Thumb Code     0  libinit2.o(.ARM.Collect$$libinit$$0000000C)
    __rt_lib_shutdown                        0x080001a9   Thumb Code     0  libshutdown.o(.ARM.Collect$$libshutdown$$00000000)
    __rt_lib_shutdown_cpp_1                  0x080001ab   Thumb Code     0  libshutdown2.o(.ARM.Collect$$libshutdown$$00000002)
    __rt_lib_shutdown_fp_trap_1              0x080001ab   Thumb Code     0  libshutdown2.o(.ARM.Collect$$libshutdown$$00000007)
    __rt_lib_shutdown_heap_1                 0x080001ab   Thumb Code     0  libshutdown2.o(.ARM.Collect$$libshutdown$$0000000F)
    __rt_lib_shutdown_return                 0x080001ab   Thumb Code     0  libshutdown2.o(.ARM.Collect$$libshutdown$$00000010)
    __rt_lib_shutdown_signal_1               0x080001ab   Thumb Code     0  libshutdown2.o(.ARM.Collect$$libshutdown$$0000000A)
    __rt_lib_shutdown_stdio_1                0x080001ab   Thumb Code     0  libshutdown2.o(.ARM.Collect$$libshutdown$$00000004)
    __rt_lib_shutdown_user_alloc_1           0x080001ab   Thumb Code     0  libshutdown2.o(.ARM.Collect$$libshutdown$$0000000C)
    __rt_entry                               0x080001ad   Thumb Code     0  __rtentry.o(.ARM.Collect$$rtentry$$00000000)
    __rt_entry_presh_1                       0x080001ad   Thumb Code     0  __rtentry2.o(.ARM.Collect$$rtentry$$00000002)
    __rt_entry_sh                            0x080001ad   Thumb Code     0  __rtentry4.o(.ARM.Collect$$rtentry$$00000004)
    __rt_entry_li                            0x080001b3   Thumb Code     0  __rtentry2.o(.ARM.Collect$$rtentry$$0000000A)
    __rt_entry_postsh_1                      0x080001b3   Thumb Code     0  __rtentry2.o(.ARM.Collect$$rtentry$$00000009)
    __rt_entry_main                          0x080001b7   Thumb Code     0  __rtentry2.o(.ARM.Collect$$rtentry$$0000000D)
    __rt_entry_postli_1                      0x080001b7   Thumb Code     0  __rtentry2.o(.ARM.Collect$$rtentry$$0000000C)
    __rt_exit                                0x080001bf   Thumb Code     0  rtexit.o(.ARM.Collect$$rtexit$$00000000)
    __rt_exit_ls                             0x080001c1   Thumb Code     0  rtexit2.o(.ARM.Collect$$rtexit$$00000003)
    __rt_exit_prels_1                        0x080001c1   Thumb Code     0  rtexit2.o(.ARM.Collect$$rtexit$$00000002)
    __rt_exit_exit                           0x080001c5   Thumb Code     0  rtexit2.o(.ARM.Collect$$rtexit$$00000004)
    lamp_control                             0x080001cd   Thumb Code   388  main.o(.text)
    dim_process                              0x08000351   Thumb Code   318  main.o(.text)
    main                                     0x080004eb   Thumb Code   138  main.o(.text)
    Delay                                    0x080005c1   Thumb Code    20  stm32f10x_it.o(.text)
    TimingDelay_Decrement                    0x080005d5   Thumb Code    18  stm32f10x_it.o(.text)
    NMI_Handler                              0x080005e7   Thumb Code     2  stm32f10x_it.o(.text)
    HardFault_Handler                        0x080005e9   Thumb Code     4  stm32f10x_it.o(.text)
    MemManage_Handler                        0x080005ed   Thumb Code     4  stm32f10x_it.o(.text)
    BusFault_Handler                         0x080005f1   Thumb Code     4  stm32f10x_it.o(.text)
    UsageFault_Handler                       0x080005f5   Thumb Code     4  stm32f10x_it.o(.text)
    SVC_Handler                              0x080005f9   Thumb Code     2  stm32f10x_it.o(.text)
    DebugMon_Handler                         0x080005fb   Thumb Code     2  stm32f10x_it.o(.text)
    PendSV_Handler                           0x080005fd   Thumb Code     2  stm32f10x_it.o(.text)
    SysTick_Handler                          0x080005ff   Thumb Code    54  stm32f10x_it.o(.text)
    ADC_GPIO_Config                          0x08000645   Thumb Code    32  bsp_adc.o(.text)
    ADC1_Configuration                       0x08000665   Thumb Code   126  bsp_adc.o(.text)
    Adc1Pro                                  0x080006e3   Thumb Code    80  bsp_adc.o(.text)
    Adc2Pro                                  0x08000733   Thumb Code    80  bsp_adc.o(.text)
    GetADC                                   0x08000783   Thumb Code    28  bsp_adc.o(.text)
    ADC1_Init                                0x080008c3   Thumb Code    12  bsp_adc.o(.text)
    sf_ReadID                                0x080009a5   Thumb Code    62  bsp_spi_flash.o(.text)
    sf_ReadInfo                              0x080009e3   Thumb Code   138  bsp_spi_flash.o(.text)
    bsp_InitSFlash                           0x08000ad7   Thumb Code   104  bsp_spi_flash.o(.text)
    sf_EraseSector                           0x08000b55   Thumb Code    54  bsp_spi_flash.o(.text)
    sf_EraseChip                             0x08000b8b   Thumb Code    30  bsp_spi_flash.o(.text)
    sf_PageWrite                             0x08000ba9   Thumb Code   128  bsp_spi_flash.o(.text)
    sf_ReadBuffer                            0x08000c29   Thumb Code    86  bsp_spi_flash.o(.text)
    sf_WriteBuffer                           0x08000e75   Thumb Code   366  bsp_spi_flash.o(.text)
    read_par                                 0x08000fe3   Thumb Code    84  bsp_spi_flash.o(.text)
    save_par                                 0x08001037   Thumb Code    74  bsp_spi_flash.o(.text)
    bsp_GpioInit                             0x0800108d   Thumb Code   234  bsp_io.o(.text)
    display_data                             0x08001177   Thumb Code   186  bsp_io.o(.text)
    read_detect                              0x08001231   Thumb Code   174  bsp_io.o(.text)
    RS485_SendOver                           0x080013b1   Thumb Code    14  bsp_uart_fifo.o(.text)
    RS485_SendBefor                          0x080013bf   Thumb Code    14  bsp_uart_fifo.o(.text)
    bsp_InitUart                             0x08001437   Thumb Code    16  bsp_uart_fifo.o(.text)
    UartClearTxFifo                          0x08001447   Thumb Code    12  bsp_uart_fifo.o(.text)
    UartClearRxFifo                          0x08001453   Thumb Code    12  bsp_uart_fifo.o(.text)
    UartSendBuf                              0x0800145f   Thumb Code   144  bsp_uart_fifo.o(.text)
    UartSendChar                             0x080014ef   Thumb Code    12  bsp_uart_fifo.o(.text)
    UartGetChar                              0x080014fb   Thumb Code    88  bsp_uart_fifo.o(.text)
    modbus_crc16                             0x08001553   Thumb Code    50  bsp_uart_fifo.o(.text)
    receive_process                          0x080017f9   Thumb Code   768  bsp_uart_fifo.o(.text)
    USART1_IRQHandler                        0x08001af9   Thumb Code     8  bsp_uart_fifo.o(.text)
    fputc                                    0x08001b01   Thumb Code    32  bsp_uart_fifo.o(.text)
    fgetc                                    0x08001b21   Thumb Code    22  bsp_uart_fifo.o(.text)
    TIM4_GPIO_Config                         0x08001b61   Thumb Code    40  bsp_pwm.o(.text)
    TIM4_Mode_Config                         0x08001b89   Thumb Code   190  bsp_pwm.o(.text)
    DIM_CH1_SHUZI                            0x08001c47   Thumb Code    14  bsp_pwm.o(.text)
    DIM_CH3_xiangao                          0x08001c55   Thumb Code    14  bsp_pwm.o(.text)
    DIM_CH4_MI                               0x08001c63   Thumb Code    14  bsp_pwm.o(.text)
    diming                                   0x08001c71   Thumb Code    24  bsp_pwm.o(.text)
    TIM4_IRQHandler                          0x08001c89   Thumb Code   110  bsp_pwm.o(.text)
    NVIC_PriorityGroupConfig                 0x08001d15   Thumb Code    10  misc.o(.text)
    NVIC_Init                                0x08001d1f   Thumb Code   100  misc.o(.text)
    NVIC_SetVectorTable                      0x08001d83   Thumb Code    14  misc.o(.text)
    NVIC_SystemLPConfig                      0x08001d91   Thumb Code    34  misc.o(.text)
    SysTick_CLKSourceConfig                  0x08001db3   Thumb Code    40  misc.o(.text)
    ADC_DeInit                               0x08001df1   Thumb Code    78  stm32f10x_adc.o(.text)
    ADC_Init                                 0x08001e3f   Thumb Code    70  stm32f10x_adc.o(.text)
    ADC_StructInit                           0x08001e85   Thumb Code    18  stm32f10x_adc.o(.text)
    ADC_Cmd                                  0x08001e97   Thumb Code    22  stm32f10x_adc.o(.text)
    ADC_DMACmd                               0x08001ead   Thumb Code    22  stm32f10x_adc.o(.text)
    ADC_ITConfig                             0x08001ec3   Thumb Code    24  stm32f10x_adc.o(.text)
    ADC_ResetCalibration                     0x08001edb   Thumb Code    10  stm32f10x_adc.o(.text)
    ADC_GetResetCalibrationStatus            0x08001ee5   Thumb Code    20  stm32f10x_adc.o(.text)
    ADC_StartCalibration                     0x08001ef9   Thumb Code    10  stm32f10x_adc.o(.text)
    ADC_GetCalibrationStatus                 0x08001f03   Thumb Code    20  stm32f10x_adc.o(.text)
    ADC_SoftwareStartConvCmd                 0x08001f17   Thumb Code    22  stm32f10x_adc.o(.text)
    ADC_GetSoftwareStartConvStatus           0x08001f2d   Thumb Code    20  stm32f10x_adc.o(.text)
    ADC_DiscModeChannelCountConfig           0x08001f41   Thumb Code    24  stm32f10x_adc.o(.text)
    ADC_DiscModeCmd                          0x08001f59   Thumb Code    22  stm32f10x_adc.o(.text)
    ADC_RegularChannelConfig                 0x08001f6f   Thumb Code   184  stm32f10x_adc.o(.text)
    ADC_ExternalTrigConvCmd                  0x08002027   Thumb Code    22  stm32f10x_adc.o(.text)
    ADC_GetConversionValue                   0x0800203d   Thumb Code     8  stm32f10x_adc.o(.text)
    ADC_GetDualModeConversionValue           0x08002045   Thumb Code     8  stm32f10x_adc.o(.text)
    ADC_AutoInjectedConvCmd                  0x0800204d   Thumb Code    22  stm32f10x_adc.o(.text)
    ADC_InjectedDiscModeCmd                  0x08002063   Thumb Code    22  stm32f10x_adc.o(.text)
    ADC_ExternalTrigInjectedConvConfig       0x08002079   Thumb Code    16  stm32f10x_adc.o(.text)
    ADC_ExternalTrigInjectedConvCmd          0x08002089   Thumb Code    22  stm32f10x_adc.o(.text)
    ADC_SoftwareStartInjectedConvCmd         0x0800209f   Thumb Code    22  stm32f10x_adc.o(.text)
    ADC_GetSoftwareStartInjectedConvCmdStatus 0x080020b5   Thumb Code    20  stm32f10x_adc.o(.text)
    ADC_InjectedChannelConfig                0x080020c9   Thumb Code   130  stm32f10x_adc.o(.text)
    ADC_InjectedSequencerLengthConfig        0x0800214b   Thumb Code    24  stm32f10x_adc.o(.text)
    ADC_SetInjectedOffset                    0x08002163   Thumb Code    20  stm32f10x_adc.o(.text)
    ADC_GetInjectedConversionValue           0x08002177   Thumb Code    28  stm32f10x_adc.o(.text)
    ADC_AnalogWatchdogCmd                    0x08002193   Thumb Code    16  stm32f10x_adc.o(.text)
    ADC_AnalogWatchdogThresholdsConfig       0x080021a3   Thumb Code     6  stm32f10x_adc.o(.text)
    ADC_AnalogWatchdogSingleChannelConfig    0x080021a9   Thumb Code    16  stm32f10x_adc.o(.text)
    ADC_TempSensorVrefintCmd                 0x080021b9   Thumb Code    64  stm32f10x_adc.o(.text)
    ADC_GetFlagStatus                        0x080021f9   Thumb Code    18  stm32f10x_adc.o(.text)
    ADC_ClearFlag                            0x0800220b   Thumb Code     6  stm32f10x_adc.o(.text)
    ADC_GetITStatus                          0x08002211   Thumb Code    36  stm32f10x_adc.o(.text)
    ADC_ClearITPendingBit                    0x08002235   Thumb Code    10  stm32f10x_adc.o(.text)
    DMA_DeInit                               0x08002241   Thumb Code   324  stm32f10x_dma.o(.text)
    DMA_Init                                 0x08002385   Thumb Code    60  stm32f10x_dma.o(.text)
    DMA_StructInit                           0x080023c1   Thumb Code    26  stm32f10x_dma.o(.text)
    DMA_Cmd                                  0x080023db   Thumb Code    24  stm32f10x_dma.o(.text)
    DMA_ITConfig                             0x080023f3   Thumb Code    18  stm32f10x_dma.o(.text)
    DMA_SetCurrDataCounter                   0x08002405   Thumb Code     4  stm32f10x_dma.o(.text)
    DMA_GetCurrDataCounter                   0x08002409   Thumb Code     8  stm32f10x_dma.o(.text)
    DMA_GetFlagStatus                        0x08002411   Thumb Code    40  stm32f10x_dma.o(.text)
    DMA_ClearFlag                            0x08002439   Thumb Code    22  stm32f10x_dma.o(.text)
    DMA_GetITStatus                          0x0800244f   Thumb Code    40  stm32f10x_dma.o(.text)
    DMA_ClearITPendingBit                    0x08002477   Thumb Code    22  stm32f10x_dma.o(.text)
    GPIO_DeInit                              0x08002495   Thumb Code   172  stm32f10x_gpio.o(.text)
    GPIO_AFIODeInit                          0x08002541   Thumb Code    20  stm32f10x_gpio.o(.text)
    GPIO_Init                                0x08002555   Thumb Code   278  stm32f10x_gpio.o(.text)
    GPIO_StructInit                          0x0800266b   Thumb Code    16  stm32f10x_gpio.o(.text)
    GPIO_ReadInputDataBit                    0x0800267b   Thumb Code    18  stm32f10x_gpio.o(.text)
    GPIO_ReadInputData                       0x0800268d   Thumb Code     8  stm32f10x_gpio.o(.text)
    GPIO_ReadOutputDataBit                   0x08002695   Thumb Code    18  stm32f10x_gpio.o(.text)
    GPIO_ReadOutputData                      0x080026a7   Thumb Code     8  stm32f10x_gpio.o(.text)
    GPIO_SetBits                             0x080026af   Thumb Code     4  stm32f10x_gpio.o(.text)
    GPIO_ResetBits                           0x080026b3   Thumb Code     4  stm32f10x_gpio.o(.text)
    GPIO_WriteBit                            0x080026b7   Thumb Code    10  stm32f10x_gpio.o(.text)
    GPIO_Write                               0x080026c1   Thumb Code     4  stm32f10x_gpio.o(.text)
    GPIO_PinLockConfig                       0x080026c5   Thumb Code    18  stm32f10x_gpio.o(.text)
    GPIO_EventOutputConfig                   0x080026d7   Thumb Code    26  stm32f10x_gpio.o(.text)
    GPIO_EventOutputCmd                      0x080026f1   Thumb Code     6  stm32f10x_gpio.o(.text)
    GPIO_PinRemapConfig                      0x080026f7   Thumb Code   138  stm32f10x_gpio.o(.text)
    GPIO_EXTILineConfig                      0x08002781   Thumb Code    66  stm32f10x_gpio.o(.text)
    GPIO_ETH_MediaInterfaceConfig            0x080027c3   Thumb Code     8  stm32f10x_gpio.o(.text)
    RCC_DeInit                               0x080027f1   Thumb Code    64  stm32f10x_rcc.o(.text)
    RCC_HSEConfig                            0x08002831   Thumb Code    70  stm32f10x_rcc.o(.text)
    RCC_GetFlagStatus                        0x08002877   Thumb Code    56  stm32f10x_rcc.o(.text)
    RCC_WaitForHSEStartUp                    0x080028af   Thumb Code    56  stm32f10x_rcc.o(.text)
    RCC_AdjustHSICalibrationValue            0x080028e7   Thumb Code    20  stm32f10x_rcc.o(.text)
    RCC_HSICmd                               0x080028fb   Thumb Code     6  stm32f10x_rcc.o(.text)
    RCC_PLLConfig                            0x08002901   Thumb Code    24  stm32f10x_rcc.o(.text)
    RCC_PLLCmd                               0x08002919   Thumb Code     6  stm32f10x_rcc.o(.text)
    RCC_SYSCLKConfig                         0x0800291f   Thumb Code    18  stm32f10x_rcc.o(.text)
    RCC_GetSYSCLKSource                      0x08002931   Thumb Code    10  stm32f10x_rcc.o(.text)
    RCC_HCLKConfig                           0x0800293b   Thumb Code    18  stm32f10x_rcc.o(.text)
    RCC_PCLK1Config                          0x0800294d   Thumb Code    18  stm32f10x_rcc.o(.text)
    RCC_PCLK2Config                          0x0800295f   Thumb Code    20  stm32f10x_rcc.o(.text)
    RCC_ITConfig                             0x08002973   Thumb Code    26  stm32f10x_rcc.o(.text)
    RCC_USBCLKConfig                         0x0800298d   Thumb Code     8  stm32f10x_rcc.o(.text)
    RCC_ADCCLKConfig                         0x08002995   Thumb Code    18  stm32f10x_rcc.o(.text)
    RCC_LSEConfig                            0x080029a7   Thumb Code    50  stm32f10x_rcc.o(.text)
    RCC_LSICmd                               0x080029d9   Thumb Code     6  stm32f10x_rcc.o(.text)
    RCC_RTCCLKConfig                         0x080029df   Thumb Code    12  stm32f10x_rcc.o(.text)
    RCC_RTCCLKCmd                            0x080029eb   Thumb Code     8  stm32f10x_rcc.o(.text)
    RCC_GetClocksFreq                        0x080029f3   Thumb Code   192  stm32f10x_rcc.o(.text)
    RCC_AHBPeriphClockCmd                    0x08002ab3   Thumb Code    26  stm32f10x_rcc.o(.text)
    RCC_APB2PeriphClockCmd                   0x08002acd   Thumb Code    26  stm32f10x_rcc.o(.text)
    RCC_APB1PeriphClockCmd                   0x08002ae7   Thumb Code    26  stm32f10x_rcc.o(.text)
    RCC_APB2PeriphResetCmd                   0x08002b01   Thumb Code    26  stm32f10x_rcc.o(.text)
    RCC_APB1PeriphResetCmd                   0x08002b1b   Thumb Code    26  stm32f10x_rcc.o(.text)
    RCC_BackupResetCmd                       0x08002b35   Thumb Code     8  stm32f10x_rcc.o(.text)
    RCC_ClockSecuritySystemCmd               0x08002b3d   Thumb Code     6  stm32f10x_rcc.o(.text)
    RCC_MCOConfig                            0x08002b43   Thumb Code     6  stm32f10x_rcc.o(.text)
    RCC_ClearFlag                            0x08002b49   Thumb Code    14  stm32f10x_rcc.o(.text)
    RCC_GetITStatus                          0x08002b57   Thumb Code    20  stm32f10x_rcc.o(.text)
    RCC_ClearITPendingBit                    0x08002b6b   Thumb Code     6  stm32f10x_rcc.o(.text)
    SPI_I2S_DeInit                           0x08002b95   Thumb Code    76  stm32f10x_spi.o(.text)
    SPI_Init                                 0x08002be1   Thumb Code    60  stm32f10x_spi.o(.text)
    I2S_Init                                 0x08002c1d   Thumb Code   226  stm32f10x_spi.o(.text)
    SPI_StructInit                           0x08002cff   Thumb Code    24  stm32f10x_spi.o(.text)
    I2S_StructInit                           0x08002d17   Thumb Code    20  stm32f10x_spi.o(.text)
    SPI_Cmd                                  0x08002d2b   Thumb Code    24  stm32f10x_spi.o(.text)
    I2S_Cmd                                  0x08002d43   Thumb Code    24  stm32f10x_spi.o(.text)
    SPI_I2S_ITConfig                         0x08002d5b   Thumb Code    32  stm32f10x_spi.o(.text)
    SPI_I2S_DMACmd                           0x08002d7b   Thumb Code    18  stm32f10x_spi.o(.text)
    SPI_I2S_SendData                         0x08002d8d   Thumb Code     4  stm32f10x_spi.o(.text)
    SPI_I2S_ReceiveData                      0x08002d91   Thumb Code     6  stm32f10x_spi.o(.text)
    SPI_NSSInternalSoftwareConfig            0x08002d97   Thumb Code    30  stm32f10x_spi.o(.text)
    SPI_SSOutputCmd                          0x08002db5   Thumb Code    24  stm32f10x_spi.o(.text)
    SPI_DataSizeConfig                       0x08002dcd   Thumb Code    18  stm32f10x_spi.o(.text)
    SPI_TransmitCRC                          0x08002ddf   Thumb Code    10  stm32f10x_spi.o(.text)
    SPI_CalculateCRC                         0x08002de9   Thumb Code    24  stm32f10x_spi.o(.text)
    SPI_GetCRC                               0x08002e01   Thumb Code    16  stm32f10x_spi.o(.text)
    SPI_GetCRCPolynomial                     0x08002e11   Thumb Code     6  stm32f10x_spi.o(.text)
    SPI_BiDirectionalLineConfig              0x08002e17   Thumb Code    28  stm32f10x_spi.o(.text)
    SPI_I2S_GetFlagStatus                    0x08002e33   Thumb Code    18  stm32f10x_spi.o(.text)
    SPI_I2S_ClearFlag                        0x08002e45   Thumb Code     6  stm32f10x_spi.o(.text)
    SPI_I2S_GetITStatus                      0x08002e4b   Thumb Code    52  stm32f10x_spi.o(.text)
    SPI_I2S_ClearITPendingBit                0x08002e7f   Thumb Code    20  stm32f10x_spi.o(.text)
    TIM_DeInit                               0x08002ea1   Thumb Code   424  stm32f10x_tim.o(.text)
    TIM_TimeBaseInit                         0x08003049   Thumb Code   122  stm32f10x_tim.o(.text)
    TIM_OC1Init                              0x080030c3   Thumb Code   132  stm32f10x_tim.o(.text)
    TIM_OC2Init                              0x08003147   Thumb Code   154  stm32f10x_tim.o(.text)
    TIM_OC3Init                              0x080031e1   Thumb Code   150  stm32f10x_tim.o(.text)
    TIM_OC4Init                              0x08003277   Thumb Code   182  stm32f10x_tim.o(.text)
    TIM_SetIC4Prescaler                      0x0800332d   Thumb Code    26  stm32f10x_tim.o(.text)
    TIM_SetIC3Prescaler                      0x080033c9   Thumb Code    18  stm32f10x_tim.o(.text)
    TIM_SetIC2Prescaler                      0x08003455   Thumb Code    26  stm32f10x_tim.o(.text)
    TIM_SetIC1Prescaler                      0x080034f1   Thumb Code    18  stm32f10x_tim.o(.text)
    TIM_ICInit                               0x0800356f   Thumb Code   150  stm32f10x_tim.o(.text)
    TIM_PWMIConfig                           0x08003605   Thumb Code   124  stm32f10x_tim.o(.text)
    TIM_BDTRConfig                           0x08003681   Thumb Code    32  stm32f10x_tim.o(.text)
    TIM_TimeBaseStructInit                   0x080036a1   Thumb Code    18  stm32f10x_tim.o(.text)
    TIM_OCStructInit                         0x080036b3   Thumb Code    20  stm32f10x_tim.o(.text)
    TIM_ICStructInit                         0x080036c7   Thumb Code    18  stm32f10x_tim.o(.text)
    TIM_BDTRStructInit                       0x080036d9   Thumb Code    40  stm32f10x_tim.o(.text)
    TIM_Cmd                                  0x08003701   Thumb Code    24  stm32f10x_tim.o(.text)
    TIM_CtrlPWMOutputs                       0x08003719   Thumb Code    30  stm32f10x_tim.o(.text)
    TIM_ITConfig                             0x08003737   Thumb Code    18  stm32f10x_tim.o(.text)
    TIM_GenerateEvent                        0x08003749   Thumb Code     4  stm32f10x_tim.o(.text)
    TIM_DMAConfig                            0x0800374d   Thumb Code    10  stm32f10x_tim.o(.text)
    TIM_DMACmd                               0x08003757   Thumb Code    18  stm32f10x_tim.o(.text)
    TIM_InternalClockConfig                  0x08003769   Thumb Code    12  stm32f10x_tim.o(.text)
    TIM_SelectInputTrigger                   0x08003775   Thumb Code    18  stm32f10x_tim.o(.text)
    TIM_ITRxExternalClockConfig              0x08003787   Thumb Code    24  stm32f10x_tim.o(.text)
    TIM_TIxExternalClockConfig               0x0800379f   Thumb Code    62  stm32f10x_tim.o(.text)
    TIM_ETRConfig                            0x080037dd   Thumb Code    28  stm32f10x_tim.o(.text)
    TIM_ETRClockMode1Config                  0x080037f9   Thumb Code    54  stm32f10x_tim.o(.text)
    TIM_ETRClockMode2Config                  0x0800382f   Thumb Code    32  stm32f10x_tim.o(.text)
    TIM_PrescalerConfig                      0x0800384f   Thumb Code     6  stm32f10x_tim.o(.text)
    TIM_CounterModeConfig                    0x08003855   Thumb Code    18  stm32f10x_tim.o(.text)
    TIM_EncoderInterfaceConfig               0x08003867   Thumb Code    66  stm32f10x_tim.o(.text)
    TIM_ForcedOC1Config                      0x080038a9   Thumb Code    18  stm32f10x_tim.o(.text)
    TIM_ForcedOC2Config                      0x080038bb   Thumb Code    26  stm32f10x_tim.o(.text)
    TIM_ForcedOC3Config                      0x080038d5   Thumb Code    18  stm32f10x_tim.o(.text)
    TIM_ForcedOC4Config                      0x080038e7   Thumb Code    26  stm32f10x_tim.o(.text)
    TIM_ARRPreloadConfig                     0x08003901   Thumb Code    24  stm32f10x_tim.o(.text)
    TIM_SelectCOM                            0x08003919   Thumb Code    24  stm32f10x_tim.o(.text)
    TIM_SelectCCDMA                          0x08003931   Thumb Code    24  stm32f10x_tim.o(.text)
    TIM_CCPreloadControl                     0x08003949   Thumb Code    24  stm32f10x_tim.o(.text)
    TIM_OC1PreloadConfig                     0x08003961   Thumb Code    18  stm32f10x_tim.o(.text)
    TIM_OC2PreloadConfig                     0x08003973   Thumb Code    26  stm32f10x_tim.o(.text)
    TIM_OC3PreloadConfig                     0x0800398d   Thumb Code    18  stm32f10x_tim.o(.text)
    TIM_OC4PreloadConfig                     0x0800399f   Thumb Code    26  stm32f10x_tim.o(.text)
    TIM_OC1FastConfig                        0x080039b9   Thumb Code    18  stm32f10x_tim.o(.text)
    TIM_OC2FastConfig                        0x080039cb   Thumb Code    26  stm32f10x_tim.o(.text)
    TIM_OC3FastConfig                        0x080039e5   Thumb Code    18  stm32f10x_tim.o(.text)
    TIM_OC4FastConfig                        0x080039f7   Thumb Code    26  stm32f10x_tim.o(.text)
    TIM_ClearOC1Ref                          0x08003a11   Thumb Code    18  stm32f10x_tim.o(.text)
    TIM_ClearOC2Ref                          0x08003a23   Thumb Code    24  stm32f10x_tim.o(.text)
    TIM_ClearOC3Ref                          0x08003a3b   Thumb Code    18  stm32f10x_tim.o(.text)
    TIM_ClearOC4Ref                          0x08003a4d   Thumb Code    24  stm32f10x_tim.o(.text)
    TIM_OC1PolarityConfig                    0x08003a65   Thumb Code    18  stm32f10x_tim.o(.text)
    TIM_OC1NPolarityConfig                   0x08003a77   Thumb Code    18  stm32f10x_tim.o(.text)
    TIM_OC2PolarityConfig                    0x08003a89   Thumb Code    26  stm32f10x_tim.o(.text)
    TIM_OC2NPolarityConfig                   0x08003aa3   Thumb Code    26  stm32f10x_tim.o(.text)
    TIM_OC3PolarityConfig                    0x08003abd   Thumb Code    26  stm32f10x_tim.o(.text)
    TIM_OC3NPolarityConfig                   0x08003ad7   Thumb Code    26  stm32f10x_tim.o(.text)
    TIM_OC4PolarityConfig                    0x08003af1   Thumb Code    26  stm32f10x_tim.o(.text)
    TIM_CCxCmd                               0x08003b0b   Thumb Code    30  stm32f10x_tim.o(.text)
    TIM_CCxNCmd                              0x08003b29   Thumb Code    30  stm32f10x_tim.o(.text)
    TIM_SelectOCxM                           0x08003b47   Thumb Code    82  stm32f10x_tim.o(.text)
    TIM_UpdateDisableConfig                  0x08003b99   Thumb Code    24  stm32f10x_tim.o(.text)
    TIM_UpdateRequestConfig                  0x08003bb1   Thumb Code    24  stm32f10x_tim.o(.text)
    TIM_SelectHallSensor                     0x08003bc9   Thumb Code    24  stm32f10x_tim.o(.text)
    TIM_SelectOnePulseMode                   0x08003be1   Thumb Code    18  stm32f10x_tim.o(.text)
    TIM_SelectOutputTrigger                  0x08003bf3   Thumb Code    18  stm32f10x_tim.o(.text)
    TIM_SelectSlaveMode                      0x08003c05   Thumb Code    18  stm32f10x_tim.o(.text)
    TIM_SelectMasterSlaveMode                0x08003c17   Thumb Code    18  stm32f10x_tim.o(.text)
    TIM_SetCounter                           0x08003c29   Thumb Code     4  stm32f10x_tim.o(.text)
    TIM_SetAutoreload                        0x08003c2d   Thumb Code     4  stm32f10x_tim.o(.text)
    TIM_SetCompare1                          0x08003c31   Thumb Code     4  stm32f10x_tim.o(.text)
    TIM_SetCompare2                          0x08003c35   Thumb Code     4  stm32f10x_tim.o(.text)
    TIM_SetCompare3                          0x08003c39   Thumb Code     4  stm32f10x_tim.o(.text)
    TIM_SetCompare4                          0x08003c3d   Thumb Code     6  stm32f10x_tim.o(.text)
    TIM_SetClockDivision                     0x08003c43   Thumb Code    18  stm32f10x_tim.o(.text)
    TIM_GetCapture1                          0x08003c55   Thumb Code     6  stm32f10x_tim.o(.text)
    TIM_GetCapture2                          0x08003c5b   Thumb Code     6  stm32f10x_tim.o(.text)
    TIM_GetCapture3                          0x08003c61   Thumb Code     6  stm32f10x_tim.o(.text)
    TIM_GetCapture4                          0x08003c67   Thumb Code     8  stm32f10x_tim.o(.text)
    TIM_GetCounter                           0x08003c6f   Thumb Code     6  stm32f10x_tim.o(.text)
    TIM_GetPrescaler                         0x08003c75   Thumb Code     6  stm32f10x_tim.o(.text)
    TIM_GetFlagStatus                        0x08003c7b   Thumb Code    18  stm32f10x_tim.o(.text)
    TIM_ClearFlag                            0x08003c8d   Thumb Code     6  stm32f10x_tim.o(.text)
    TIM_GetITStatus                          0x08003c93   Thumb Code    34  stm32f10x_tim.o(.text)
    TIM_ClearITPendingBit                    0x08003cb5   Thumb Code     6  stm32f10x_tim.o(.text)
    USART_DeInit                             0x08003cbd   Thumb Code   134  stm32f10x_usart.o(.text)
    USART_Init                               0x08003d43   Thumb Code   210  stm32f10x_usart.o(.text)
    USART_StructInit                         0x08003e15   Thumb Code    24  stm32f10x_usart.o(.text)
    USART_ClockInit                          0x08003e2d   Thumb Code    34  stm32f10x_usart.o(.text)
    USART_ClockStructInit                    0x08003e4f   Thumb Code    12  stm32f10x_usart.o(.text)
    USART_Cmd                                0x08003e5b   Thumb Code    24  stm32f10x_usart.o(.text)
    USART_ITConfig                           0x08003e73   Thumb Code    74  stm32f10x_usart.o(.text)
    USART_DMACmd                             0x08003ebd   Thumb Code    18  stm32f10x_usart.o(.text)
    USART_SetAddress                         0x08003ecf   Thumb Code    18  stm32f10x_usart.o(.text)
    USART_WakeUpConfig                       0x08003ee1   Thumb Code    18  stm32f10x_usart.o(.text)
    USART_ReceiverWakeUpCmd                  0x08003ef3   Thumb Code    24  stm32f10x_usart.o(.text)
    USART_LINBreakDetectLengthConfig         0x08003f0b   Thumb Code    18  stm32f10x_usart.o(.text)
    USART_LINCmd                             0x08003f1d   Thumb Code    24  stm32f10x_usart.o(.text)
    USART_SendData                           0x08003f35   Thumb Code     8  stm32f10x_usart.o(.text)
    USART_ReceiveData                        0x08003f3d   Thumb Code    10  stm32f10x_usart.o(.text)
    USART_SendBreak                          0x08003f47   Thumb Code    10  stm32f10x_usart.o(.text)
    USART_SetGuardTime                       0x08003f51   Thumb Code    16  stm32f10x_usart.o(.text)
    USART_SetPrescaler                       0x08003f61   Thumb Code    16  stm32f10x_usart.o(.text)
    USART_SmartCardCmd                       0x08003f71   Thumb Code    24  stm32f10x_usart.o(.text)
    USART_SmartCardNACKCmd                   0x08003f89   Thumb Code    24  stm32f10x_usart.o(.text)
    USART_HalfDuplexCmd                      0x08003fa1   Thumb Code    24  stm32f10x_usart.o(.text)
    USART_OverSampling8Cmd                   0x08003fb9   Thumb Code    22  stm32f10x_usart.o(.text)
    USART_OneBitMethodCmd                    0x08003fcf   Thumb Code    24  stm32f10x_usart.o(.text)
    USART_IrDAConfig                         0x08003fe7   Thumb Code    18  stm32f10x_usart.o(.text)
    USART_IrDACmd                            0x08003ff9   Thumb Code    24  stm32f10x_usart.o(.text)
    USART_GetFlagStatus                      0x08004011   Thumb Code    26  stm32f10x_usart.o(.text)
    USART_ClearFlag                          0x0800402b   Thumb Code    18  stm32f10x_usart.o(.text)
    USART_GetITStatus                        0x0800403d   Thumb Code    84  stm32f10x_usart.o(.text)
    USART_ClearITPendingBit                  0x08004091   Thumb Code    52  stm32f10x_usart.o(.text)
    SystemInit                               0x080041a3   Thumb Code    78  system_stm32f10x.o(.text)
    SystemCoreClockUpdate                    0x080041f1   Thumb Code   142  system_stm32f10x.o(.text)
    Reset_Handler                            0x080042a5   Thumb Code     8  startup_stm32f10x_hd.o(.text)
    ADC1_2_IRQHandler                        0x080042bf   Thumb Code     0  startup_stm32f10x_hd.o(.text)
    ADC3_IRQHandler                          0x080042bf   Thumb Code     0  startup_stm32f10x_hd.o(.text)
    CAN1_RX1_IRQHandler                      0x080042bf   Thumb Code     0  startup_stm32f10x_hd.o(.text)
    CAN1_SCE_IRQHandler                      0x080042bf   Thumb Code     0  startup_stm32f10x_hd.o(.text)
    DMA1_Channel1_IRQHandler                 0x080042bf   Thumb Code     0  startup_stm32f10x_hd.o(.text)
    DMA1_Channel2_IRQHandler                 0x080042bf   Thumb Code     0  startup_stm32f10x_hd.o(.text)
    DMA1_Channel3_IRQHandler                 0x080042bf   Thumb Code     0  startup_stm32f10x_hd.o(.text)
    DMA1_Channel4_IRQHandler                 0x080042bf   Thumb Code     0  startup_stm32f10x_hd.o(.text)
    DMA1_Channel5_IRQHandler                 0x080042bf   Thumb Code     0  startup_stm32f10x_hd.o(.text)
    DMA1_Channel6_IRQHandler                 0x080042bf   Thumb Code     0  startup_stm32f10x_hd.o(.text)
    DMA1_Channel7_IRQHandler                 0x080042bf   Thumb Code     0  startup_stm32f10x_hd.o(.text)
    DMA2_Channel1_IRQHandler                 0x080042bf   Thumb Code     0  startup_stm32f10x_hd.o(.text)
    DMA2_Channel2_IRQHandler                 0x080042bf   Thumb Code     0  startup_stm32f10x_hd.o(.text)
    DMA2_Channel3_IRQHandler                 0x080042bf   Thumb Code     0  startup_stm32f10x_hd.o(.text)
    DMA2_Channel4_5_IRQHandler               0x080042bf   Thumb Code     0  startup_stm32f10x_hd.o(.text)
    EXTI0_IRQHandler                         0x080042bf   Thumb Code     0  startup_stm32f10x_hd.o(.text)
    EXTI15_10_IRQHandler                     0x080042bf   Thumb Code     0  startup_stm32f10x_hd.o(.text)
    EXTI1_IRQHandler                         0x080042bf   Thumb Code     0  startup_stm32f10x_hd.o(.text)
    EXTI2_IRQHandler                         0x080042bf   Thumb Code     0  startup_stm32f10x_hd.o(.text)
    EXTI3_IRQHandler                         0x080042bf   Thumb Code     0  startup_stm32f10x_hd.o(.text)
    EXTI4_IRQHandler                         0x080042bf   Thumb Code     0  startup_stm32f10x_hd.o(.text)
    EXTI9_5_IRQHandler                       0x080042bf   Thumb Code     0  startup_stm32f10x_hd.o(.text)
    FLASH_IRQHandler                         0x080042bf   Thumb Code     0  startup_stm32f10x_hd.o(.text)
    FSMC_IRQHandler                          0x080042bf   Thumb Code     0  startup_stm32f10x_hd.o(.text)
    I2C1_ER_IRQHandler                       0x080042bf   Thumb Code     0  startup_stm32f10x_hd.o(.text)
    I2C1_EV_IRQHandler                       0x080042bf   Thumb Code     0  startup_stm32f10x_hd.o(.text)
    I2C2_ER_IRQHandler                       0x080042bf   Thumb Code     0  startup_stm32f10x_hd.o(.text)
    I2C2_EV_IRQHandler                       0x080042bf   Thumb Code     0  startup_stm32f10x_hd.o(.text)
    PVD_IRQHandler                           0x080042bf   Thumb Code     0  startup_stm32f10x_hd.o(.text)
    RCC_IRQHandler                           0x080042bf   Thumb Code     0  startup_stm32f10x_hd.o(.text)
    RTCAlarm_IRQHandler                      0x080042bf   Thumb Code     0  startup_stm32f10x_hd.o(.text)
    RTC_IRQHandler                           0x080042bf   Thumb Code     0  startup_stm32f10x_hd.o(.text)
    SDIO_IRQHandler                          0x080042bf   Thumb Code     0  startup_stm32f10x_hd.o(.text)
    SPI1_IRQHandler                          0x080042bf   Thumb Code     0  startup_stm32f10x_hd.o(.text)
    SPI2_IRQHandler                          0x080042bf   Thumb Code     0  startup_stm32f10x_hd.o(.text)
    SPI3_IRQHandler                          0x080042bf   Thumb Code     0  startup_stm32f10x_hd.o(.text)
    TAMPER_IRQHandler                        0x080042bf   Thumb Code     0  startup_stm32f10x_hd.o(.text)
    TIM1_BRK_IRQHandler                      0x080042bf   Thumb Code     0  startup_stm32f10x_hd.o(.text)
    TIM1_CC_IRQHandler                       0x080042bf   Thumb Code     0  startup_stm32f10x_hd.o(.text)
    TIM1_TRG_COM_IRQHandler                  0x080042bf   Thumb Code     0  startup_stm32f10x_hd.o(.text)
    TIM1_UP_IRQHandler                       0x080042bf   Thumb Code     0  startup_stm32f10x_hd.o(.text)
    TIM2_IRQHandler                          0x080042bf   Thumb Code     0  startup_stm32f10x_hd.o(.text)
    TIM3_IRQHandler                          0x080042bf   Thumb Code     0  startup_stm32f10x_hd.o(.text)
    TIM5_IRQHandler                          0x080042bf   Thumb Code     0  startup_stm32f10x_hd.o(.text)
    TIM6_IRQHandler                          0x080042bf   Thumb Code     0  startup_stm32f10x_hd.o(.text)
    TIM7_IRQHandler                          0x080042bf   Thumb Code     0  startup_stm32f10x_hd.o(.text)
    TIM8_BRK_IRQHandler                      0x080042bf   Thumb Code     0  startup_stm32f10x_hd.o(.text)
    TIM8_CC_IRQHandler                       0x080042bf   Thumb Code     0  startup_stm32f10x_hd.o(.text)
    TIM8_TRG_COM_IRQHandler                  0x080042bf   Thumb Code     0  startup_stm32f10x_hd.o(.text)
    TIM8_UP_IRQHandler                       0x080042bf   Thumb Code     0  startup_stm32f10x_hd.o(.text)
    UART4_IRQHandler                         0x080042bf   Thumb Code     0  startup_stm32f10x_hd.o(.text)
    UART5_IRQHandler                         0x080042bf   Thumb Code     0  startup_stm32f10x_hd.o(.text)
    USART2_IRQHandler                        0x080042bf   Thumb Code     0  startup_stm32f10x_hd.o(.text)
    USART3_IRQHandler                        0x080042bf   Thumb Code     0  startup_stm32f10x_hd.o(.text)
    USBWakeUp_IRQHandler                     0x080042bf   Thumb Code     0  startup_stm32f10x_hd.o(.text)
    USB_HP_CAN1_TX_IRQHandler                0x080042bf   Thumb Code     0  startup_stm32f10x_hd.o(.text)
    USB_LP_CAN1_RX0_IRQHandler               0x080042bf   Thumb Code     0  startup_stm32f10x_hd.o(.text)
    WWDG_IRQHandler                          0x080042bf   Thumb Code     0  startup_stm32f10x_hd.o(.text)
    __user_initial_stackheap                 0x080042c1   Thumb Code     0  startup_stm32f10x_hd.o(.text)
    memcmp                                   0x080042e5   Thumb Code    88  memcmp.o(.text)
    strcpy                                   0x0800433d   Thumb Code    72  strcpy.o(.text)
    __aeabi_memcpy                           0x08004385   Thumb Code     0  rt_memcpy_v6.o(.text)
    __rt_memcpy                              0x08004385   Thumb Code   138  rt_memcpy_v6.o(.text)
    _memcpy_lastbytes                        0x080043eb   Thumb Code     0  rt_memcpy_v6.o(.text)
    __use_two_region_memory                  0x0800440f   Thumb Code     2  heapauxi.o(.text)
    __rt_heap_escrow$2region                 0x08004411   Thumb Code     2  heapauxi.o(.text)
    __rt_heap_expand$2region                 0x08004413   Thumb Code     2  heapauxi.o(.text)
    __aeabi_memcpy4                          0x08004415   Thumb Code     0  rt_memcpy_w.o(.text)
    __aeabi_memcpy8                          0x08004415   Thumb Code     0  rt_memcpy_w.o(.text)
    __rt_memcpy_w                            0x08004415   Thumb Code   100  rt_memcpy_w.o(.text)
    _memcpy_lastbytes_aligned                0x0800445d   Thumb Code     0  rt_memcpy_w.o(.text)
    __user_setup_stackheap                   0x08004479   Thumb Code    74  sys_stackheap_outer.o(.text)
    exit                                     0x080044c3   Thumb Code    18  exit.o(.text)
    __user_libspace                          0x080044d5   Thumb Code     8  libspace.o(.text)
    __user_perproc_libspace                  0x080044d5   Thumb Code     0  libspace.o(.text)
    __user_perthread_libspace                0x080044d5   Thumb Code     0  libspace.o(.text)
    _sys_exit                                0x080044dd   Thumb Code     8  sys_exit.o(.text)
    __I$use$semihosting                      0x080044e9   Thumb Code     0  use_no_semi.o(.text)
    __use_no_semihosting_swi                 0x080044e9   Thumb Code     2  use_no_semi.o(.text)
    __semihosting_library_function           0x080044eb   Thumb Code     0  indicate_semi.o(.text)
    __aeabi_d2f                              0x080044ed   Thumb Code     0  d2f.o(x$fpl$d2f)
    _d2f                                     0x080044ed   Thumb Code    98  d2f.o(x$fpl$d2f)
    __aeabi_dadd                             0x08004551   Thumb Code     0  daddsub_clz.o(x$fpl$dadd)
    _dadd                                    0x08004551   Thumb Code   332  daddsub_clz.o(x$fpl$dadd)
    __fpl_dcmp_Inf                           0x080046a1   Thumb Code    24  dcmpi.o(x$fpl$dcmpinf)
    __aeabi_ddiv                             0x080046b9   Thumb Code     0  ddiv.o(x$fpl$ddiv)
    _ddiv                                    0x080046b9   Thumb Code   552  ddiv.o(x$fpl$ddiv)
    __aeabi_d2uiz                            0x08004969   Thumb Code     0  dfixu.o(x$fpl$dfixu)
    _dfixu                                   0x08004969   Thumb Code    90  dfixu.o(x$fpl$dfixu)
    __aeabi_i2d                              0x080049c3   Thumb Code     0  dflt_clz.o(x$fpl$dflt)
    _dflt                                    0x080049c3   Thumb Code    46  dflt_clz.o(x$fpl$dflt)
    __aeabi_cdcmple                          0x080049f1   Thumb Code     0  dleqf.o(x$fpl$dleqf)
    _dcmple                                  0x080049f1   Thumb Code   120  dleqf.o(x$fpl$dleqf)
    __fpl_dcmple_InfNaN                      0x08004a53   Thumb Code     0  dleqf.o(x$fpl$dleqf)
    __aeabi_dmul                             0x08004a69   Thumb Code     0  dmul.o(x$fpl$dmul)
    _dmul                                    0x08004a69   Thumb Code   332  dmul.o(x$fpl$dmul)
    __fpl_dnaninf                            0x08004bbd   Thumb Code   156  dnaninf.o(x$fpl$dnaninf)
    __fpl_dretinf                            0x08004c59   Thumb Code    12  dretinf.o(x$fpl$dretinf)
    __aeabi_cdrcmple                         0x08004c65   Thumb Code     0  drleqf.o(x$fpl$drleqf)
    _drcmple                                 0x08004c65   Thumb Code   108  drleqf.o(x$fpl$drleqf)
    __aeabi_dsub                             0x08004cd1   Thumb Code     0  daddsub_clz.o(x$fpl$dsub)
    _dsub                                    0x08004cd1   Thumb Code   464  daddsub_clz.o(x$fpl$dsub)
    __aeabi_f2d                              0x08004ea5   Thumb Code     0  f2d.o(x$fpl$f2d)
    _f2d                                     0x08004ea5   Thumb Code    86  f2d.o(x$fpl$f2d)
    __fpl_fnaninf                            0x08004efb   Thumb Code   140  fnaninf.o(x$fpl$fnaninf)
    __fpl_fretinf                            0x08004f87   Thumb Code    10  fretinf.o(x$fpl$fretinf)
    __I$use$fp                               0x08004f90   Number         0  usenofp.o(x$fpl$usenofp)
    auchCRCHi                                0x08004f90   Data         256  bsp_uart_fifo.o(.constdata)
    auchCRCLo                                0x08005090   Data         256  bsp_uart_fifo.o(.constdata)
    Region$$Table$$Base                      0x08005190   Number         0  anon$$obj.o(Region$$Table)
    Region$$Table$$Limit                     0x080051b0   Number         0  anon$$obj.o(Region$$Table)
    ADC_ConvertedValueLocal                  0x20000000   Data           4  main.o(.data)
    system_error                             0x20000004   Data           1  main.o(.data)
    led1_cycle                               0x20000006   Data           2  main.o(.data)
    led1_count                               0x20000008   Data           2  main.o(.data)
    reg1ms_count                             0x2000000a   Data           2  main.o(.data)
    reg1ms_flag                              0x2000000c   Data           1  main.o(.data)
    adc16                                    0x2000000e   Data           8  main.o(.data)
    adc1                                     0x20000016   Data           8  main.o(.data)
    g_usAdcValue                             0x20000026   Data           4  bsp_adc.o(.data)
    ADC_ConvertedValue                       0x2000002a   Data           8  bsp_adc.o(.data)
    buf                                      0x20000034   Data          11  bsp_io.o(.data)
    id                                       0x2000003f   Data           1  bsp_uart_fifo.o(.data)
    receive_data_flag                        0x20000040   Data           1  bsp_uart_fifo.o(.data)
    receive_CRC_flag                         0x20000041   Data           1  bsp_uart_fifo.o(.data)
    Usart_CRC                                0x20000042   Data           1  bsp_uart_fifo.o(.data)
    packet_length                            0x20000043   Data           1  bsp_uart_fifo.o(.data)
    packet_receive_flag                      0x20000044   Data           1  bsp_uart_fifo.o(.data)
    CRCH                                     0x20000045   Data           1  bsp_uart_fifo.o(.data)
    CRCL                                     0x20000046   Data           1  bsp_uart_fifo.o(.data)
    adc_count                                0x20000047   Data           1  bsp_pwm.o(.data)
    adc_count1                               0x20000048   Data           1  bsp_pwm.o(.data)
    adc                                      0x20000049   Data           8  bsp_pwm.o(.data)
    reload_flag                              0x20000051   Data           1  bsp_pwm.o(.data)
    SystemCoreClock                          0x20000068   Data           4  system_stm32f10x.o(.data)
    AHBPrescTable                            0x2000006c   Data          16  system_stm32f10x.o(.data)
    g_tSF                                    0x200000cc   Data          28  bsp_spi_flash.o(.bss)
    g_tUart1                                 0x200013e8   Data          44  bsp_uart_fifo.o(.bss)
    show                                     0x20001414   Data          24  bsp_uart_fifo.o(.bss)
    __libspace_start                         0x2000142c   Data          96  libspace.o(.bss)
    __temporary_stack_top$libspace           0x2000148c   Data           0  libspace.o(.bss)



==============================================================================

Memory Map of the image

  Image Entry point : 0x08000131

  Load Region LR_IROM1 (Base: 0x08000000, Size: 0x0000522c, Max: 0x00040000, ABSOLUTE)

    Execution Region ER_IROM1 (Base: 0x08000000, Size: 0x000051b0, Max: 0x00040000, ABSOLUTE)

    Base Addr    Size         Type   Attr      Idx    E Section Name        Object

    0x08000000   0x00000130   Data   RO          616    RESET               startup_stm32f10x_hd.o
    0x08000130   0x00000008   Code   RO          694  * !!!main             c_w.l(__main.o)
    0x08000138   0x00000034   Code   RO          894    !!!scatter          c_w.l(__scatter.o)
    0x0800016c   0x0000001a   Code   RO          896    !!handler_copy      c_w.l(__scatter_copy.o)
    0x08000186   0x00000002   PAD
    0x08000188   0x0000001c   Code   RO          898    !!handler_zi        c_w.l(__scatter_zi.o)
    0x080001a4   0x00000002   Code   RO          764    .ARM.Collect$$libinit$$00000000  c_w.l(libinit.o)
    0x080001a6   0x00000000   Code   RO          771    .ARM.Collect$$libinit$$00000002  c_w.l(libinit2.o)
    0x080001a6   0x00000000   Code   RO          773    .ARM.Collect$$libinit$$00000004  c_w.l(libinit2.o)
    0x080001a6   0x00000000   Code   RO          776    .ARM.Collect$$libinit$$0000000A  c_w.l(libinit2.o)
    0x080001a6   0x00000000   Code   RO          778    .ARM.Collect$$libinit$$0000000C  c_w.l(libinit2.o)
    0x080001a6   0x00000000   Code   RO          780    .ARM.Collect$$libinit$$0000000E  c_w.l(libinit2.o)
    0x080001a6   0x00000000   Code   RO          783    .ARM.Collect$$libinit$$00000011  c_w.l(libinit2.o)
    0x080001a6   0x00000000   Code   RO          785    .ARM.Collect$$libinit$$00000013  c_w.l(libinit2.o)
    0x080001a6   0x00000000   Code   RO          787    .ARM.Collect$$libinit$$00000015  c_w.l(libinit2.o)
    0x080001a6   0x00000000   Code   RO          789    .ARM.Collect$$libinit$$00000017  c_w.l(libinit2.o)
    0x080001a6   0x00000000   Code   RO          791    .ARM.Collect$$libinit$$00000019  c_w.l(libinit2.o)
    0x080001a6   0x00000000   Code   RO          793    .ARM.Collect$$libinit$$0000001B  c_w.l(libinit2.o)
    0x080001a6   0x00000000   Code   RO          795    .ARM.Collect$$libinit$$0000001D  c_w.l(libinit2.o)
    0x080001a6   0x00000000   Code   RO          797    .ARM.Collect$$libinit$$0000001F  c_w.l(libinit2.o)
    0x080001a6   0x00000000   Code   RO          799    .ARM.Collect$$libinit$$00000021  c_w.l(libinit2.o)
    0x080001a6   0x00000000   Code   RO          801    .ARM.Collect$$libinit$$00000023  c_w.l(libinit2.o)
    0x080001a6   0x00000000   Code   RO          803    .ARM.Collect$$libinit$$00000025  c_w.l(libinit2.o)
    0x080001a6   0x00000000   Code   RO          807    .ARM.Collect$$libinit$$0000002C  c_w.l(libinit2.o)
    0x080001a6   0x00000000   Code   RO          809    .ARM.Collect$$libinit$$0000002E  c_w.l(libinit2.o)
    0x080001a6   0x00000000   Code   RO          811    .ARM.Collect$$libinit$$00000030  c_w.l(libinit2.o)
    0x080001a6   0x00000000   Code   RO          813    .ARM.Collect$$libinit$$00000032  c_w.l(libinit2.o)
    0x080001a6   0x00000002   Code   RO          814    .ARM.Collect$$libinit$$00000033  c_w.l(libinit2.o)
    0x080001a8   0x00000002   Code   RO          834    .ARM.Collect$$libshutdown$$00000000  c_w.l(libshutdown.o)
    0x080001aa   0x00000000   Code   RO          847    .ARM.Collect$$libshutdown$$00000002  c_w.l(libshutdown2.o)
    0x080001aa   0x00000000   Code   RO          849    .ARM.Collect$$libshutdown$$00000004  c_w.l(libshutdown2.o)
    0x080001aa   0x00000000   Code   RO          852    .ARM.Collect$$libshutdown$$00000007  c_w.l(libshutdown2.o)
    0x080001aa   0x00000000   Code   RO          855    .ARM.Collect$$libshutdown$$0000000A  c_w.l(libshutdown2.o)
    0x080001aa   0x00000000   Code   RO          857    .ARM.Collect$$libshutdown$$0000000C  c_w.l(libshutdown2.o)
    0x080001aa   0x00000000   Code   RO          860    .ARM.Collect$$libshutdown$$0000000F  c_w.l(libshutdown2.o)
    0x080001aa   0x00000002   Code   RO          861    .ARM.Collect$$libshutdown$$00000010  c_w.l(libshutdown2.o)
    0x080001ac   0x00000000   Code   RO          726    .ARM.Collect$$rtentry$$00000000  c_w.l(__rtentry.o)
    0x080001ac   0x00000000   Code   RO          741    .ARM.Collect$$rtentry$$00000002  c_w.l(__rtentry2.o)
    0x080001ac   0x00000006   Code   RO          753    .ARM.Collect$$rtentry$$00000004  c_w.l(__rtentry4.o)
    0x080001b2   0x00000000   Code   RO          743    .ARM.Collect$$rtentry$$00000009  c_w.l(__rtentry2.o)
    0x080001b2   0x00000004   Code   RO          744    .ARM.Collect$$rtentry$$0000000A  c_w.l(__rtentry2.o)
    0x080001b6   0x00000000   Code   RO          746    .ARM.Collect$$rtentry$$0000000C  c_w.l(__rtentry2.o)
    0x080001b6   0x00000008   Code   RO          747    .ARM.Collect$$rtentry$$0000000D  c_w.l(__rtentry2.o)
    0x080001be   0x00000002   Code   RO          768    .ARM.Collect$$rtexit$$00000000  c_w.l(rtexit.o)
    0x080001c0   0x00000000   Code   RO          816    .ARM.Collect$$rtexit$$00000002  c_w.l(rtexit2.o)
    0x080001c0   0x00000004   Code   RO          817    .ARM.Collect$$rtexit$$00000003  c_w.l(rtexit2.o)
    0x080001c4   0x00000006   Code   RO          818    .ARM.Collect$$rtexit$$00000004  c_w.l(rtexit2.o)
    0x080001ca   0x00000002   PAD
    0x080001cc   0x000003f4   Code   RO            1    .text               main.o
    0x080005c0   0x00000084   Code   RO          142    .text               stm32f10x_it.o
    0x08000644   0x000002b8   Code   RO          164    .text               bsp_adc.o
    0x080008fc   0x00000790   Code   RO          187    .text               bsp_spi_flash.o
    0x0800108c   0x00000274   Code   RO          205    .text               bsp_io.o
    0x08001300   0x00000860   Code   RO          220    .text               bsp_uart_fifo.o
    0x08001b60   0x000001b4   Code   RO          240    .text               bsp_pwm.o
    0x08001d14   0x000000dc   Code   RO          284    .text               misc.o
    0x08001df0   0x0000044e   Code   RO          296    .text               stm32f10x_adc.o
    0x0800223e   0x00000002   PAD
    0x08002240   0x00000254   Code   RO          380    .text               stm32f10x_dma.o
    0x08002494   0x0000035c   Code   RO          428    .text               stm32f10x_gpio.o
    0x080027f0   0x000003a4   Code   RO          476    .text               stm32f10x_rcc.o
    0x08002b94   0x0000030c   Code   RO          514    .text               stm32f10x_spi.o
    0x08002ea0   0x00000e1a   Code   RO          526    .text               stm32f10x_tim.o
    0x08003cba   0x00000002   PAD
    0x08003cbc   0x00000408   Code   RO          538    .text               stm32f10x_usart.o
    0x080040c4   0x000001e0   Code   RO          573    .text               system_stm32f10x.o
    0x080042a4   0x00000040   Code   RO          617    .text               startup_stm32f10x_hd.o
    0x080042e4   0x00000058   Code   RO          686    .text               c_w.l(memcmp.o)
    0x0800433c   0x00000048   Code   RO          688    .text               c_w.l(strcpy.o)
    0x08004384   0x0000008a   Code   RO          690    .text               c_w.l(rt_memcpy_v6.o)
    0x0800440e   0x00000006   Code   RO          692    .text               c_w.l(heapauxi.o)
    0x08004414   0x00000064   Code   RO          727    .text               c_w.l(rt_memcpy_w.o)
    0x08004478   0x0000004a   Code   RO          755    .text               c_w.l(sys_stackheap_outer.o)
    0x080044c2   0x00000012   Code   RO          757    .text               c_w.l(exit.o)
    0x080044d4   0x00000008   Code   RO          765    .text               c_w.l(libspace.o)
    0x080044dc   0x0000000c   Code   RO          826    .text               c_w.l(sys_exit.o)
    0x080044e8   0x00000002   Code   RO          837    .text               c_w.l(use_no_semi.o)
    0x080044ea   0x00000000   Code   RO          839    .text               c_w.l(indicate_semi.o)
    0x080044ea   0x00000002   PAD
    0x080044ec   0x00000062   Code   RO          696    x$fpl$d2f           fz_ws.l(d2f.o)
    0x0800454e   0x00000002   PAD
    0x08004550   0x00000150   Code   RO          698    x$fpl$dadd          fz_ws.l(daddsub_clz.o)
    0x080046a0   0x00000018   Code   RO          729    x$fpl$dcmpinf       fz_ws.l(dcmpi.o)
    0x080046b8   0x000002b0   Code   RO          705    x$fpl$ddiv          fz_ws.l(ddiv.o)
    0x08004968   0x0000005a   Code   RO          708    x$fpl$dfixu         fz_ws.l(dfixu.o)
    0x080049c2   0x0000002e   Code   RO          713    x$fpl$dflt          fz_ws.l(dflt_clz.o)
    0x080049f0   0x00000078   Code   RO          718    x$fpl$dleqf         fz_ws.l(dleqf.o)
    0x08004a68   0x00000154   Code   RO          720    x$fpl$dmul          fz_ws.l(dmul.o)
    0x08004bbc   0x0000009c   Code   RO          731    x$fpl$dnaninf       fz_ws.l(dnaninf.o)
    0x08004c58   0x0000000c   Code   RO          733    x$fpl$dretinf       fz_ws.l(dretinf.o)
    0x08004c64   0x0000006c   Code   RO          722    x$fpl$drleqf        fz_ws.l(drleqf.o)
    0x08004cd0   0x000001d4   Code   RO          700    x$fpl$dsub          fz_ws.l(daddsub_clz.o)
    0x08004ea4   0x00000056   Code   RO          724    x$fpl$f2d           fz_ws.l(f2d.o)
    0x08004efa   0x0000008c   Code   RO          735    x$fpl$fnaninf       fz_ws.l(fnaninf.o)
    0x08004f86   0x0000000a   Code   RO          737    x$fpl$fretinf       fz_ws.l(fretinf.o)
    0x08004f90   0x00000000   Code   RO          739    x$fpl$usenofp       fz_ws.l(usenofp.o)
    0x08004f90   0x00000200   Data   RO          222    .constdata          bsp_uart_fifo.o
    0x08005190   0x00000020   Data   RO          892    Region$$Table       anon$$obj.o


    Execution Region RW_IRAM1 (Base: 0x20000000, Size: 0x00001a90, Max: 0x0000c000, ABSOLUTE)

    Base Addr    Size         Type   Attr      Idx    E Section Name        Object

    0x20000000   0x0000001e   Data   RW            2    .data               main.o
    0x2000001e   0x00000002   PAD
    0x20000020   0x00000006   Data   RW          143    .data               stm32f10x_it.o
    0x20000026   0x0000000e   Data   RW          166    .data               bsp_adc.o
    0x20000034   0x0000000b   Data   RW          206    .data               bsp_io.o
    0x2000003f   0x00000008   Data   RW          223    .data               bsp_uart_fifo.o
    0x20000047   0x0000000b   Data   RW          241    .data               bsp_pwm.o
    0x20000052   0x00000014   Data   RW          477    .data               stm32f10x_rcc.o
    0x20000066   0x00000002   PAD
    0x20000068   0x00000014   Data   RW          574    .data               system_stm32f10x.o
    0x2000007c   0x00000050   Zero   RW          165    .bss                bsp_adc.o
    0x200000cc   0x0000101c   Zero   RW          188    .bss                bsp_spi_flash.o
    0x200010e8   0x00000344   Zero   RW          221    .bss                bsp_uart_fifo.o
    0x2000142c   0x00000060   Zero   RW          766    .bss                c_w.l(libspace.o)
    0x2000148c   0x00000004   PAD
    0x20001490   0x00000200   Zero   RW          615    HEAP                startup_stm32f10x_hd.o
    0x20001690   0x00000400   Zero   RW          614    STACK               startup_stm32f10x_hd.o


==============================================================================

Image component sizes


      Code (inc. data)   RO Data    RW Data    ZI Data      Debug   Object Name

       696         46          0         14         80      17727   bsp_adc.o
       628         34          0         11          0       1762   bsp_io.o
       436         30          0         11          0       2115   bsp_pwm.o
      1936         94          0          0       4124       6751   bsp_spi_flash.o
      2144        102        512          8        836       6430   bsp_uart_fifo.o
         0          0          0          0          0         32   core_cm3.o
      1012         76          0         30          0     296976   main.o
       220         22          0          0          0       1637   misc.o
        64         26        304          0       1536        772   startup_stm32f10x_hd.o
      1102         26          0          0          0      10877   stm32f10x_adc.o
       596          8          0          0          0       4198   stm32f10x_dma.o
       860         38          0          0          0       5573   stm32f10x_gpio.o
       132         16          0          6          0       2040   stm32f10x_it.o
       932         36          0         20          0       8688   stm32f10x_rcc.o
       780         14          0          0          0       6450   stm32f10x_spi.o
      3610         88          0          0          0      22680   stm32f10x_tim.o
      1032         22          0          0          0       8292   stm32f10x_usart.o
       480         38          0         20          0       1643   system_stm32f10x.o

    ----------------------------------------------------------------------
     16664        716        848        124       6576     404643   Object Totals
         0          0         32          0          0          0   (incl. Generated)
         4          0          0          4          0          0   (incl. Padding)

    ----------------------------------------------------------------------

      Code (inc. data)   RO Data    RW Data    ZI Data      Debug   Library Member Name

         8          0          0          0          0         68   __main.o
         0          0          0          0          0          0   __rtentry.o
        12          0          0          0          0          0   __rtentry2.o
         6          0          0          0          0          0   __rtentry4.o
        52          8          0          0          0          0   __scatter.o
        26          0          0          0          0          0   __scatter_copy.o
        28          0          0          0          0          0   __scatter_zi.o
        18          0          0          0          0         80   exit.o
         6          0          0          0          0        152   heapauxi.o
         0          0          0          0          0          0   indicate_semi.o
         2          0          0          0          0          0   libinit.o
         2          0          0          0          0          0   libinit2.o
         2          0          0          0          0          0   libshutdown.o
         2          0          0          0          0          0   libshutdown2.o
         8          4          0          0         96         68   libspace.o
        88          0          0          0          0         76   memcmp.o
       138          0          0          0          0         68   rt_memcpy_v6.o
       100          0          0          0          0         80   rt_memcpy_w.o
         2          0          0          0          0          0   rtexit.o
        10          0          0          0          0          0   rtexit2.o
        72          0          0          0          0         80   strcpy.o
        12          4          0          0          0         68   sys_exit.o
        74          0          0          0          0         80   sys_stackheap_outer.o
         2          0          0          0          0         68   use_no_semi.o
        98          4          0          0          0         92   d2f.o
       804         16          0          0          0        272   daddsub_clz.o
        24          0          0          0          0         68   dcmpi.o
       688        140          0          0          0        208   ddiv.o
        90          4          0          0          0         92   dfixu.o
        46          0          0          0          0         68   dflt_clz.o
       120          4          0          0          0         92   dleqf.o
       340         12          0          0          0        104   dmul.o
       156          4          0          0          0         92   dnaninf.o
        12          0          0          0          0         68   dretinf.o
       108          0          0          0          0         80   drleqf.o
        86          4          0          0          0         84   f2d.o
       140          4          0          0          0         84   fnaninf.o
        10          0          0          0          0         68   fretinf.o
         0          0          0          0          0          0   usenofp.o

    ----------------------------------------------------------------------
      3400        208          0          0        100       2360   Library Totals
         8          0          0          0          4          0   (incl. Padding)

    ----------------------------------------------------------------------

      Code (inc. data)   RO Data    RW Data    ZI Data      Debug   Library Name

       670         16          0          0         96        888   c_w.l
      2722        192          0          0          0       1472   fz_ws.l

    ----------------------------------------------------------------------
      3400        208          0          0        100       2360   Library Totals

    ----------------------------------------------------------------------

==============================================================================


      Code (inc. data)   RO Data    RW Data    ZI Data      Debug   

     20064        924        848        124       6676     404243   Grand Totals
     20064        924        848        124       6676     404243   ELF Image Totals
     20064        924        848        124          0          0   ROM Totals

==============================================================================

    Total RO  Size (Code + RO Data)                20912 (  20.42kB)
    Total RW  Size (RW Data + ZI Data)              6800 (   6.64kB)
    Total ROM Size (Code + RO Data + RW Data)      21036 (  20.54kB)

==============================================================================

