L 1 "Libraries\FatFS\option\cc936.c"
N/*------------------------------------------------------------------------*/
N/* Unicode - OEM code bidirectional converter  (C)ChaN, 2009              */
N/*                                                                        */
N/* CP936 (Simplified Chinese GBK)                                         */
N/*------------------------------------------------------------------------*/
N
N#include "../ff.h"
L 1 "Libraries\FatFS\option\../ff.h" 1
N/*---------------------------------------------------------------------------/
N/  FatFs - FAT file system module include file  R0.10b    (C)ChaN, 2014
N/----------------------------------------------------------------------------/
N/ FatFs module is a generic FAT file system module for small embedded systems.
N/ This is a free software that opened for education, research and commercial
N/ developments under license policy of following terms.
N/
N/  Copyright (C) 2014, ChaN, all right reserved.
N/
N/ * The FatFs module is a free software and there is NO WARRANTY.
N/ * No restriction on use. You can use, modify and redistribute it for
N/   personal, non-profit or commercial product UNDER YOUR RESPONSIBILITY.
N/ * Redistributions of source code must retain the above copyright notice.
N/
N/----------------------------------------------------------------------------*/
N
N#ifndef _FATFS
N#define _FATFS	8051	/* Revision ID */
N
N#ifdef __cplusplus
Sextern "C" {
N#endif
N
N#include "integer.h"	/* Basic integer types */
L 1 "Libraries\FatFS\option\../integer.h" 1
N/*-------------------------------------------*/
N/* Integer type definitions for FatFs module */
N/*-------------------------------------------*/
N
N#ifndef _FF_INTEGER
N#define _FF_INTEGER
N
N#ifdef _WIN32	/* FatFs development platform */
S
S#include <windows.h>
S#include <tchar.h>
S
N#else			/* Embedded platform */
N
N/* This type MUST be 8 bit */
Ntypedef unsigned char	BYTE;
N
N/* These types MUST be 16 bit */
Ntypedef short			SHORT;
Ntypedef unsigned short	WORD;
Ntypedef unsigned short	WCHAR;
N
N/* These types MUST be 16 bit or 32 bit */
Ntypedef int				INT;
Ntypedef unsigned int	UINT;
N
N/* These types MUST be 32 bit */
Ntypedef long			LONG;
Ntypedef unsigned long	DWORD;
N
N#endif
N
N#endif
L 25 "Libraries\FatFS\option\../ff.h" 2
N#include "ffconf.h"		/* FatFs configuration options */
L 1 "Libraries\FatFS\option\../ffconf.h" 1
N/*---------------------------------------------------------------------------/
N/  FatFs - FAT file system module configuration file  R0.10b (C)ChaN, 2014
N/---------------------------------------------------------------------------*/
N
N#ifndef _FFCONF
N#define _FFCONF 8051	/* Revision ID */
N
N
N/*---------------------------------------------------------------------------/
N/ Functions and Buffer Configurations
N/---------------------------------------------------------------------------*/
N
N#define	_FS_TINY		0	/* 0:Normal or 1:Tiny */
N/* When _FS_TINY is set to 1, it reduces memory consumption _MAX_SS bytes each
N/  file object. For file data transfer, FatFs uses the common sector buffer in
N/  the file system object (FATFS) instead of private sector buffer eliminated
N/  from the file object (FIL). */
N
N
N#define _FS_READONLY	0	/* 0:Read/Write or 1:Read only */
N/* Setting _FS_READONLY to 1 defines read only configuration. This removes
N/  writing functions, f_write(), f_sync(), f_unlink(), f_mkdir(), f_chmod(),
N/  f_rename(), f_truncate() and useless f_getfree(). */
N
N
N#define _FS_MINIMIZE	0	/* 0 to 3 */
N/* The _FS_MINIMIZE option defines minimization level to remove API functions.
N/
N/   0: All basic functions are enabled.
N/   1: f_stat(), f_getfree(), f_unlink(), f_mkdir(), f_chmod(), f_utime(),
N/      f_truncate() and f_rename() function are removed.
N/   2: f_opendir(), f_readdir() and f_closedir() are removed in addition to 1.
N/   3: f_lseek() function is removed in addition to 2. */
N
N
N#define	_USE_STRFUNC	0	/* 0:Disable or 1-2:Enable */
N/* To enable string functions, set _USE_STRFUNC to 1 or 2. */
N
N
N#define	_USE_MKFS		1	/* 0:Disable or 1:Enable */
N/* To enable f_mkfs() function, set _USE_MKFS to 1 and set _FS_READONLY to 0 */
N
N
N#define	_USE_FASTSEEK	1	/* 0:Disable or 1:Enable */
N/* To enable fast seek feature, set _USE_FASTSEEK to 1. */
N
N
N#define _USE_LABEL		0	/* 0:Disable or 1:Enable */
N/* To enable volume label functions, set _USE_LAVEL to 1 */
N
N
N#define	_USE_FORWARD	0	/* 0:Disable or 1:Enable */
N/* To enable f_forward() function, set _USE_FORWARD to 1 and set _FS_TINY to 1. */
N
N
N/*---------------------------------------------------------------------------/
N/ Locale and Namespace Configurations
N/---------------------------------------------------------------------------*/
N
N#define _CODE_PAGE	936
N/* The _CODE_PAGE specifies the OEM code page to be used on the target system.
N/  Incorrect setting of the code page can cause a file open failure.
N/
N/   932  - Japanese Shift_JIS (DBCS, OEM, Windows)
N/   936  - Simplified Chinese GBK (DBCS, OEM, Windows)
N/   949  - Korean (DBCS, OEM, Windows)
N/   950  - Traditional Chinese Big5 (DBCS, OEM, Windows)
N/   1250 - Central Europe (Windows)
N/   1251 - Cyrillic (Windows)
N/   1252 - Latin 1 (Windows)
N/   1253 - Greek (Windows)
N/   1254 - Turkish (Windows)
N/   1255 - Hebrew (Windows)
N/   1256 - Arabic (Windows)
N/   1257 - Baltic (Windows)
N/   1258 - Vietnam (OEM, Windows)
N/   437  - U.S. (OEM)
N/   720  - Arabic (OEM)
N/   737  - Greek (OEM)
N/   775  - Baltic (OEM)
N/   850  - Multilingual Latin 1 (OEM)
N/   858  - Multilingual Latin 1 + Euro (OEM)
N/   852  - Latin 2 (OEM)
N/   855  - Cyrillic (OEM)
N/   866  - Russian (OEM)
N/   857  - Turkish (OEM)
N/   862  - Hebrew (OEM)
N/   874  - Thai (OEM, Windows)
N/   1    - ASCII (Valid for only non-LFN configuration) */
N
N
N#define	_USE_LFN	0		/* 0 to 3 */
N#define	_MAX_LFN	255		/* Maximum LFN length to handle (12 to 255) */
N/* The _USE_LFN option switches the LFN feature.
N/
N/   0: Disable LFN feature. _MAX_LFN has no effect.
N/   1: Enable LFN with static working buffer on the BSS. Always NOT thread-safe.
N/   2: Enable LFN with dynamic working buffer on the STACK.
N/   3: Enable LFN with dynamic working buffer on the HEAP.
N/
N/  When enable LFN feature, Unicode handling functions ff_convert() and ff_wtoupper()
N/  function must be added to the project.
N/  The LFN working buffer occupies (_MAX_LFN + 1) * 2 bytes. When use stack for the
N/  working buffer, take care on stack overflow. When use heap memory for the working
N/  buffer, memory management functions, ff_memalloc() and ff_memfree(), must be added
N/  to the project. */
N
N
N#define	_LFN_UNICODE	0	/* 0:ANSI/OEM or 1:Unicode */
N/* To switch the character encoding on the FatFs API (TCHAR) to Unicode, enable LFN
N/  feature and set _LFN_UNICODE to 1. This option affects behavior of string I/O
N/  functions. This option must be 0 when LFN feature is not enabled. */
N
N
N#define _STRF_ENCODE	3	/* 0:ANSI/OEM, 1:UTF-16LE, 2:UTF-16BE, 3:UTF-8 */
N/* When Unicode API is enabled by _LFN_UNICODE option, this option selects the character
N/  encoding on the file to be read/written via string I/O functions, f_gets(), f_putc(),
N/  f_puts and f_printf(). This option has no effect when Unicode API is not enabled. */
N
N
N#define _FS_RPATH		0	/* 0 to 2 */
N/* The _FS_RPATH option configures relative path feature.
N/
N/   0: Disable relative path feature and remove related functions.
N/   1: Enable relative path. f_chdrive() and f_chdir() function are available.
N/   2: f_getcwd() function is available in addition to 1.
N/
N/  Note that output of the f_readdir() fnction is affected by this option. */
N
N
N/*---------------------------------------------------------------------------/
N/ Drive/Volume Configurations
N/---------------------------------------------------------------------------*/
N
N#define _VOLUMES	2
N/* Number of volumes (logical drives) to be used. */
N
N
N#define _STR_VOLUME_ID	0	/* 0:Use only 0-9 for drive ID, 1:Use strings for drive ID */
N#define _VOLUME_STRS	"RAM","NAND","CF","SD1","SD2","USB1","USB2","USB3"
N/* When _STR_VOLUME_ID is set to 1, also pre-defined strings can be used as drive
N/  number in the path name. _VOLUME_STRS defines the drive ID strings for each logical
N/  drives. Number of items must be equal to _VOLUMES. Valid characters for the drive ID
N/  strings are: 0-9 and A-Z. */
N
N
N#define	_MULTI_PARTITION	0	/* 0:Single partition, 1:Enable multiple partition wcx */
N/* By default(0), each logical drive number is bound to the same physical drive number
N/  and only a FAT volume found on the physical drive is mounted. When it is set to 1,
N/  each logical drive number is bound to arbitrary drive/partition listed in VolToPart[].
N*/
N
N
N#define	_MIN_SS		4096
N#define	_MAX_SS		4096
N/* These options configure the range of sector size to be supported. (512, 1024, 2048 or
N/  4096) Always set both 512 for most systems, all memory card and harddisk. But a larger
N/  value may be required for on-board flash memory and some type of optical media.
N/  When _MAX_SS is larger than _MIN_SS, FatFs is configured to variable sector size and
N/  GET_SECTOR_SIZE command must be implemented to the disk_ioctl() function. */
N
N
N#define	_USE_ERASE	0	/* 0:Disable or 1:Enable */
N/* To enable sector erase feature, set _USE_ERASE to 1. Also CTRL_ERASE_SECTOR command
N/  should be added to the disk_ioctl() function. */
N
N
N#define _FS_NOFSINFO	0	/* 0 to 3 */
N/* If you need to know correct free space on the FAT32 volume, set bit 0 of this option
N/  and f_getfree() function at first time after volume mount will force a full FAT scan.
N/  Bit 1 controls the last allocated cluster number as bit 0.
N/
N/  bit0=0: Use free cluster count in the FSINFO if available.
N/  bit0=1: Do not trust free cluster count in the FSINFO.
N/  bit1=0: Use last allocated cluster number in the FSINFO if available.
N/  bit1=1: Do not trust last allocated cluster number in the FSINFO.
N*/
N
N
N
N/*---------------------------------------------------------------------------/
N/ System Configurations
N/---------------------------------------------------------------------------*/
N
N#define	_FS_LOCK	0	/* 0:Disable or >=1:Enable */
N/* To enable file lock control feature, set _FS_LOCK to non-zero value.
N/  The value defines how many files/sub-directories can be opened simultaneously
N/  with file lock control. This feature uses bss _FS_LOCK * 12 bytes. */
N
N
N#define _FS_REENTRANT	0		/* 0:Disable or 1:Enable */
N#define _FS_TIMEOUT		1000	/* Timeout period in unit of time tick */
N#define	_SYNC_t			HANDLE	/* O/S dependent sync object type. e.g. HANDLE, OS_EVENT*, ID, SemaphoreHandle_t and etc.. */
N/* The _FS_REENTRANT option switches the re-entrancy (thread safe) of the FatFs module.
N/
N/   0: Disable re-entrancy. _FS_TIMEOUT and _SYNC_t have no effect.
N/   1: Enable re-entrancy. Also user provided synchronization handlers,
N/      ff_req_grant(), ff_rel_grant(), ff_del_syncobj() and ff_cre_syncobj()
N/      function must be added to the project.
N*/
N
N
N#define _WORD_ACCESS	0	/* 0 or 1 */
N/* The _WORD_ACCESS option is an only platform dependent option. It defines
N/  which access method is used to the word data on the FAT volume.
N/
N/   0: Byte-by-byte access. Always compatible with all platforms.
N/   1: Word access. Do not choose this unless under both the following conditions.
N/
N/  * Address misaligned memory access is always allowed for ALL instructions.
N/  * Byte order on the memory is little-endian.
N/
N/  If it is the case, _WORD_ACCESS can also be set to 1 to improve performance and
N/  reduce code size. Following table shows an example of some processor types.
N/
N/   ARM7TDMI    0           ColdFire    0           V850E2      0
N/   Cortex-M3   0           Z80         0/1         V850ES      0/1
N/   Cortex-M0   0           RX600(LE)   0/1         TLCS-870    0/1
N/   AVR         0/1         RX600(BE)   0           TLCS-900    0/1
N/   AVR32       0           RL78        0           R32C        0
N/   PIC18       0/1         SH-2        0           M16C        0/1
N/   PIC24       0           H8S         0           MSP430      0
N/   PIC32       0           H8/300H     0           x86         0/1
N*/
N
N
N#endif /* _FFCONF */
L 26 "Libraries\FatFS\option\../ff.h" 2
N
N#if _FATFS != _FFCONF
X#if 8051 != 8051
S#error Wrong configuration file (ffconf.h).
N#endif
N
N
N
N/* Definitions of volume management */
N
N#if _MULTI_PARTITION		/* Multiple partition configuration */
X#if 0		 
Stypedef struct {
S	BYTE pd;	/* Physical drive number */
S	BYTE pt;	/* Partition: 0:Auto detect, 1-4:Forced partition) */
S} PARTITION;
Sextern PARTITION VolToPart[];	/* Volume - Partition resolution table */
S#define LD2PD(vol) (VolToPart[vol].pd)	/* Get physical drive number */
S#define LD2PT(vol) (VolToPart[vol].pt)	/* Get partition index */
S
N#else							/* Single partition configuration */
N#define LD2PD(vol) (BYTE)(vol)	/* Each logical drive is bound to the same physical drive number */
N#define LD2PT(vol) 0			/* Find first valid partition or in SFD */
N
N#endif
N
N
N
N/* Type of path name strings on FatFs API */
N
N#if _LFN_UNICODE			/* Unicode string */
X#if 0			 
S#if !_USE_LFN
S#error _LFN_UNICODE must be 0 at non-LFN cfg.
S#endif
S#ifndef _INC_TCHAR
Stypedef WCHAR TCHAR;
S#define _T(x) L ## x
S#define _TEXT(x) L ## x
S#endif
S
N#else						/* ANSI/OEM string */
N#ifndef _INC_TCHAR
Ntypedef char TCHAR;
N#define _T(x) x
N#define _TEXT(x) x
N#endif
N
N#endif
N
N
N
N/* File system object structure (FATFS) */
N
Ntypedef struct {
N	BYTE	fs_type;		/* FAT sub-type (0:Not mounted) */
N	BYTE	drv;			/* Physical drive number */
N	BYTE	csize;			/* Sectors per cluster (1,2,4...128) */
N	BYTE	n_fats;			/* Number of FAT copies (1 or 2) */
N	BYTE	wflag;			/* win[] flag (b0:dirty) */
N	BYTE	fsi_flag;		/* FSINFO flags (b7:disabled, b0:dirty) */
N	WORD	id;				/* File system mount ID */
N	WORD	n_rootdir;		/* Number of root directory entries (FAT12/16) */
N#if _MAX_SS != _MIN_SS
X#if 4096 != 4096
S	WORD	ssize;			/* Bytes per sector (512, 1024, 2048 or 4096) */
N#endif
N#if _FS_REENTRANT
X#if 0
S	_SYNC_t	sobj;			/* Identifier of sync object */
N#endif
N#if !_FS_READONLY
X#if !0
N	DWORD	last_clust;		/* Last allocated cluster */
N	DWORD	free_clust;		/* Number of free clusters */
N#endif
N#if _FS_RPATH
X#if 0
S	DWORD	cdir;			/* Current directory start cluster (0:root) */
N#endif
N	DWORD	n_fatent;		/* Number of FAT entries, = number of clusters + 2 */
N	DWORD	fsize;			/* Sectors per FAT */
N	DWORD	volbase;		/* Volume start sector */
N	DWORD	fatbase;		/* FAT start sector */
N	DWORD	dirbase;		/* Root directory start sector (FAT32:Cluster#) */
N	DWORD	database;		/* Data start sector */
N	DWORD	winsect;		/* Current sector appearing in the win[] */
N	BYTE	win[_MAX_SS];	/* Disk access window for Directory, FAT (and file data at tiny cfg) */
X	BYTE	win[4096];	 
N} FATFS;
N
N
N
N/* File object structure (FIL) */
N
Ntypedef struct {
N	FATFS*	fs;				/* Pointer to the related file system object (**do not change order**) */
N	WORD	id;				/* Owner file system mount ID (**do not change order**) */
N	BYTE	flag;			/* Status flags */
N	BYTE	err;			/* Abort flag (error code) */
N	DWORD	fptr;			/* File read/write pointer (Zeroed on file open) */
N	DWORD	fsize;			/* File size */
N	DWORD	sclust;			/* File start cluster (0:no cluster chain, always 0 when fsize is 0) */
N	DWORD	clust;			/* Current cluster of fpter (not valid when fprt is 0) */
N	DWORD	dsect;			/* Sector number appearing in buf[] (0:invalid) */
N#if !_FS_READONLY
X#if !0
N	DWORD	dir_sect;		/* Sector number containing the directory entry */
N	BYTE*	dir_ptr;		/* Pointer to the directory entry in the win[] */
N#endif
N#if _USE_FASTSEEK
X#if 1
N	DWORD*	cltbl;			/* Pointer to the cluster link map table (Nulled on file open) */
N#endif
N#if _FS_LOCK
X#if 0
S	UINT	lockid;			/* File lock ID origin from 1 (index of file semaphore table Files[]) */
N#endif
N#if !_FS_TINY
X#if !0
N	BYTE	buf[_MAX_SS];	/* File private data read/write window */
X	BYTE	buf[4096];	 
N#endif
N} FIL;
N
N
N
N/* Directory object structure (DIR) */
N
Ntypedef struct {
N	FATFS*	fs;				/* Pointer to the owner file system object (**do not change order**) */
N	WORD	id;				/* Owner file system mount ID (**do not change order**) */
N	WORD	index;			/* Current read/write index number */
N	DWORD	sclust;			/* Table start cluster (0:Root dir) */
N	DWORD	clust;			/* Current cluster */
N	DWORD	sect;			/* Current sector */
N	BYTE*	dir;			/* Pointer to the current SFN entry in the win[] */
N	BYTE*	fn;				/* Pointer to the SFN (in/out) {file[8],ext[3],status[1]} */
N#if _FS_LOCK
X#if 0
S	UINT	lockid;			/* File lock ID (index of file semaphore table Files[]) */
N#endif
N#if _USE_LFN
X#if 0
S	WCHAR*	lfn;			/* Pointer to the LFN working buffer */
S	WORD	lfn_idx;		/* Last matched LFN index number (0xFFFF:No LFN) */
N#endif
N} DIR;
N
N
N
N/* File status structure (FILINFO) */
N
Ntypedef struct {
N	DWORD	fsize;			/* File size */
N	WORD	fdate;			/* Last modified date */
N	WORD	ftime;			/* Last modified time */
N	BYTE	fattrib;		/* Attribute */
N	TCHAR	fname[13];		/* Short file name (8.3 format) */
N#if _USE_LFN
X#if 0
S	TCHAR*	lfname;			/* Pointer to the LFN buffer */
S	UINT 	lfsize;			/* Size of LFN buffer in TCHAR */
N#endif
N} FILINFO;
N
N
N
N/* File function return code (FRESULT) */
N
Ntypedef enum {
N	FR_OK = 0,				/* (0) Succeeded */
N	FR_DISK_ERR,			/* (1) A hard error occurred in the low level disk I/O layer */
N	FR_INT_ERR,				/* (2) Assertion failed */
N	FR_NOT_READY,			/* (3) The physical drive cannot work */
N	FR_NO_FILE,				/* (4) Could not find the file */
N	FR_NO_PATH,				/* (5) Could not find the path */
N	FR_INVALID_NAME,		/* (6) The path name format is invalid */
N	FR_DENIED,				/* (7) Access denied due to prohibited access or directory full */
N	FR_EXIST,				/* (8) Access denied due to prohibited access */
N	FR_INVALID_OBJECT,		/* (9) The file/directory object is invalid */
N	FR_WRITE_PROTECTED,		/* (10) The physical drive is write protected */
N	FR_INVALID_DRIVE,		/* (11) The logical drive number is invalid */
N	FR_NOT_ENABLED,			/* (12) The volume has no work area */
N	FR_NO_FILESYSTEM,		/* (13) There is no valid FAT volume */
N	FR_MKFS_ABORTED,		/* (14) The f_mkfs() aborted due to any parameter error */
N	FR_TIMEOUT,				/* (15) Could not get a grant to access the volume within defined period */
N	FR_LOCKED,				/* (16) The operation is rejected according to the file sharing policy */
N	FR_NOT_ENOUGH_CORE,		/* (17) LFN working buffer could not be allocated */
N	FR_TOO_MANY_OPEN_FILES,	/* (18) Number of open files > _FS_SHARE */
N	FR_INVALID_PARAMETER	/* (19) Given parameter is invalid */
N} FRESULT;
N
N
N
N/*--------------------------------------------------------------*/
N/* FatFs module application interface                           */
N
NFRESULT f_open (FIL* fp, const TCHAR* path, BYTE mode);				/* Open or create a file */
NFRESULT f_close (FIL* fp);											/* Close an open file object */
NFRESULT f_read (FIL* fp, void* buff, UINT btr, UINT* br);			/* Read data from a file */
NFRESULT f_write (FIL* fp, const void* buff, UINT btw, UINT* bw);	/* Write data to a file */
NFRESULT f_forward (FIL* fp, UINT(*func)(const BYTE*,UINT), UINT btf, UINT* bf);	/* Forward data to the stream */
NFRESULT f_lseek (FIL* fp, DWORD ofs);								/* Move file pointer of a file object */
NFRESULT f_truncate (FIL* fp);										/* Truncate file */
NFRESULT f_sync (FIL* fp);											/* Flush cached data of a writing file */
NFRESULT f_opendir (DIR* dp, const TCHAR* path);						/* Open a directory */
NFRESULT f_closedir (DIR* dp);										/* Close an open directory */
NFRESULT f_readdir (DIR* dp, FILINFO* fno);							/* Read a directory item */
NFRESULT f_mkdir (const TCHAR* path);								/* Create a sub directory */
NFRESULT f_unlink (const TCHAR* path);								/* Delete an existing file or directory */
NFRESULT f_rename (const TCHAR* path_old, const TCHAR* path_new);	/* Rename/Move a file or directory */
NFRESULT f_stat (const TCHAR* path, FILINFO* fno);					/* Get file status */
NFRESULT f_chmod (const TCHAR* path, BYTE value, BYTE mask);			/* Change attribute of the file/dir */
NFRESULT f_utime (const TCHAR* path, const FILINFO* fno);			/* Change times-tamp of the file/dir */
NFRESULT f_chdir (const TCHAR* path);								/* Change current directory */
NFRESULT f_chdrive (const TCHAR* path);								/* Change current drive */
NFRESULT f_getcwd (TCHAR* buff, UINT len);							/* Get current directory */
NFRESULT f_getfree (const TCHAR* path, DWORD* nclst, FATFS** fatfs);	/* Get number of free clusters on the drive */
NFRESULT f_getlabel (const TCHAR* path, TCHAR* label, DWORD* vsn);	/* Get volume label */
NFRESULT f_setlabel (const TCHAR* label);							/* Set volume label */
NFRESULT f_mount (FATFS* fs, const TCHAR* path, BYTE opt);			/* Mount/Unmount a logical drive */
NFRESULT f_mkfs (const TCHAR* path, BYTE sfd, UINT au);				/* Create a file system on the volume */
NFRESULT f_fdisk (BYTE pdrv, const DWORD szt[], void* work);			/* Divide a physical drive into some partitions */
Nint f_putc (TCHAR c, FIL* fp);										/* Put a character to the file */
Nint f_puts (const TCHAR* str, FIL* cp);								/* Put a string to the file */
Nint f_printf (FIL* fp, const TCHAR* str, ...);						/* Put a formatted string to the file */
NTCHAR* f_gets (TCHAR* buff, int len, FIL* fp);						/* Get a string from the file */
N
N#define f_eof(fp) (((fp)->fptr == (fp)->fsize) ? 1 : 0)
N#define f_error(fp) ((fp)->err)
N#define f_tell(fp) ((fp)->fptr)
N#define f_size(fp) ((fp)->fsize)
N
N#ifndef EOF
N#define EOF (-1)
N#endif
N
N
N
N
N/*--------------------------------------------------------------*/
N/* Additional user defined functions                            */
N
N/* RTC function */
N#if !_FS_READONLY
X#if !0
NDWORD get_fattime (void);
N#endif
N
N/* Unicode support functions */
N#if _USE_LFN							/* Unicode - OEM code conversion */
X#if 0							 
SWCHAR ff_convert (WCHAR chr, UINT dir);	/* OEM-Unicode bidirectional conversion */
SWCHAR ff_wtoupper (WCHAR chr);			/* Unicode upper-case conversion */
S#if _USE_LFN == 3						/* Memory functions */
Svoid* ff_memalloc (UINT msize);			/* Allocate memory block */
Svoid ff_memfree (void* mblock);			/* Free memory block */
S#endif
N#endif
N
N/* Sync functions */
N#if _FS_REENTRANT
X#if 0
Sint ff_cre_syncobj (BYTE vol, _SYNC_t* sobj);	/* Create a sync object */
Sint ff_req_grant (_SYNC_t sobj);				/* Lock sync object */
Svoid ff_rel_grant (_SYNC_t sobj);				/* Unlock sync object */
Sint ff_del_syncobj (_SYNC_t sobj);				/* Delete a sync object */
N#endif
N
N
N
N
N/*--------------------------------------------------------------*/
N/* Flags and offset address                                     */
N
N
N/* File access control and file status flags (FIL.flag) */
N
N#define	FA_READ				0x01
N#define	FA_OPEN_EXISTING	0x00
N
N#if !_FS_READONLY
X#if !0
N#define	FA_WRITE			0x02
N#define	FA_CREATE_NEW		0x04
N#define	FA_CREATE_ALWAYS	0x08
N#define	FA_OPEN_ALWAYS		0x10
N#define FA__WRITTEN			0x20
N#define FA__DIRTY			0x40
N#endif
N
N
N/* FAT sub type (FATFS.fs_type) */
N
N#define FS_FAT12	1
N#define FS_FAT16	2
N#define FS_FAT32	3
N
N
N/* File attribute bits for directory entry */
N
N#define	AM_RDO	0x01	/* Read only */
N#define	AM_HID	0x02	/* Hidden */
N#define	AM_SYS	0x04	/* System */
N#define	AM_VOL	0x08	/* Volume label */
N#define AM_LFN	0x0F	/* LFN entry */
N#define AM_DIR	0x10	/* Directory */
N#define AM_ARC	0x20	/* Archive */
N#define AM_MASK	0x3F	/* Mask of defined bits */
N
N
N/* Fast seek feature */
N#define CREATE_LINKMAP	0xFFFFFFFF
N
N
N
N/*--------------------------------*/
N/* Multi-byte word access macros  */
N
N#if _WORD_ACCESS == 1	/* Enable word access to the FAT structure */
X#if 0 == 1	 
S#define	LD_WORD(ptr)		(WORD)(*(WORD*)(BYTE*)(ptr))
S#define	LD_DWORD(ptr)		(DWORD)(*(DWORD*)(BYTE*)(ptr))
S#define	ST_WORD(ptr,val)	*(WORD*)(BYTE*)(ptr)=(WORD)(val)
S#define	ST_DWORD(ptr,val)	*(DWORD*)(BYTE*)(ptr)=(DWORD)(val)
N#else					/* Use byte-by-byte access to the FAT structure */
N#define	LD_WORD(ptr)		(WORD)(((WORD)*((BYTE*)(ptr)+1)<<8)|(WORD)*(BYTE*)(ptr))
N#define	LD_DWORD(ptr)		(DWORD)(((DWORD)*((BYTE*)(ptr)+3)<<24)|((DWORD)*((BYTE*)(ptr)+2)<<16)|((WORD)*((BYTE*)(ptr)+1)<<8)|*(BYTE*)(ptr))
N#define	ST_WORD(ptr,val)	*(BYTE*)(ptr)=(BYTE)(val); *((BYTE*)(ptr)+1)=(BYTE)((WORD)(val)>>8)
N#define	ST_DWORD(ptr,val)	*(BYTE*)(ptr)=(BYTE)(val); *((BYTE*)(ptr)+1)=(BYTE)((WORD)(val)>>8); *((BYTE*)(ptr)+2)=(BYTE)((DWORD)(val)>>16); *((BYTE*)(ptr)+3)=(BYTE)((DWORD)(val)>>24)
N#endif
N
N#ifdef __cplusplus
S}
N#endif
N
N#endif /* _FATFS */
L 8 "Libraries\FatFS\option\cc936.c" 2
N
N
N#if !_USE_LFN || _CODE_PAGE != 936
X#if !0 || 936 != 936
C "Libraries\FatFS\option\cc936.c" 11 2 #error directive: This file is not needed in current configuration. Remove from the project.
N#error This file is not needed in current configuration. Remove from the project.
