Component: ARM Compiler 5.06 update 6 (build 750) Tool: armlink [4d35ed]

==============================================================================

Section Cross References

    main.o(i.Process_Socket_Data) refers to bsp_w5500.o(i.Read_SOCK_Data_Buffer) for Read_SOCK_Data_Buffer
    main.o(i.Process_Socket_Data) refers to demo_spi_flash_fatfs.o(i.get_cpuid) for get_cpuid
    main.o(i.Process_Socket_Data) refers to bsp_w5500.o(i.Write_SOCK_Data_Buffer) for Write_SOCK_Data_Buffer
    main.o(i.Process_Socket_Data) refers to demo_spi_flash_fatfs.o(i.WriteConfigFile) for WriteConfigFile
    main.o(i.Process_Socket_Data) refers to demo_spi_flash_fatfs.o(i.Config) for Config
    main.o(i.Process_Socket_Data) refers to bsp_w5500.o(i.W5500_Initialization) for W5500_Initialization
    main.o(i.Process_Socket_Data) refers to demo_spi_flash_fatfs.o(i.ReceiveProcess) for ReceiveProcess
    main.o(i.Process_Socket_Data) refers to memseta.o(.text) for __aeabi_memclr
    main.o(i.Process_Socket_Data) refers to bsp_i2c.o(i.RtcRead) for RtcRead
    main.o(i.Process_Socket_Data) refers to memcpya.o(.text) for __aeabi_memcpy
    main.o(i.Process_Socket_Data) refers to bsp_uart_fifo.o(i.printf_fifo_hex) for printf_fifo_hex
    main.o(i.Process_Socket_Data) refers to bsp_w5500.o(.bss) for Rx_Buffer
    main.o(i.Process_Socket_Data) refers to bsp_i2c.o(.data) for SYS_RTC
    main.o(i.Process_Socket_Data) refers to bsp_io.o(.bss) for system_temp
    main.o(i.Process_Socket_Data) refers to demo_spi_flash_fatfs.o(.bss) for Time_Volume
    main.o(i.SocketProcess) refers to bsp_w5500.o(i.W5500_Socket_Set) for W5500_Socket_Set
    main.o(i.SocketProcess) refers to bsp_w5500.o(i.W5500_Interrupt_Process) for W5500_Interrupt_Process
    main.o(i.SocketProcess) refers to main.o(i.Process_Socket_Data) for Process_Socket_Data
    main.o(i.SocketProcess) refers to bsp_w5500.o(.bss) for Socket
    main.o(i.SysTick_Init) refers to system_stm32f10x.o(.data) for SystemCoreClock
    main.o(i.main) refers to main.o(i.SysTick_Init) for SysTick_Init
    main.o(i.main) refers to bsp_io.o(i.bsp_GpioInit) for bsp_GpioInit
    main.o(i.main) refers to bsp_vs1053b.o(i.vs1053_IO_Init) for vs1053_IO_Init
    main.o(i.main) refers to bsp_uart_fifo.o(i.bsp_InitUart) for bsp_InitUart
    main.o(i.main) refers to bsp_adc.o(i.ADC_Inits) for ADC_Inits
    main.o(i.main) refers to bsp_i2c.o(i.bsp_InitI2C) for bsp_InitI2C
    main.o(i.main) refers to bsp_spi_bus.o(i.bsp_InitSpi1Bus) for bsp_InitSpi1Bus
    main.o(i.main) refers to bsp_spi_flash.o(i.bsp_InitSpiFlash) for bsp_InitSpiFlash
    main.o(i.main) refers to bsp_w5500.o(i.W5500_GPIO_Config) for W5500_GPIO_Config
    main.o(i.main) refers to bsp_spi_bus.o(i.bsp_InitSpi2Bus) for bsp_InitSpi2Bus
    main.o(i.main) refers to demo_spi_flash_fatfs.o(i.mp3_par_init) for mp3_par_init
    main.o(i.main) refers to bsp_vs1053b.o(i.vs1053_HardInit) for vs1053_HardInit
    main.o(i.main) refers to demo_spi_flash_fatfs.o(i.Config) for Config
    main.o(i.main) refers to demo_spi_flash_fatfs.o(i.CheckVolume) for CheckVolume
    main.o(i.main) refers to bsp_w5500.o(i.W5500_Hardware_Reset) for W5500_Hardware_Reset
    main.o(i.main) refers to bsp_w5500.o(i.W5500_Initialization) for W5500_Initialization
    main.o(i.main) refers to bsp_iwdg.o(i.bsp_InitIwdg) for bsp_InitIwdg
    main.o(i.main) refers to bsp_24l01.o(i.nRF24L01ioConfig) for nRF24L01ioConfig
    main.o(i.main) refers to bsp_24l01.o(i.SPI_RW_Reg) for SPI_RW_Reg
    main.o(i.main) refers to bsp_24l01.o(i.RX_Mode) for RX_Mode
    main.o(i.main) refers to bsp_24l01.o(i.rf24l01_irq_init) for rf24l01_irq_init
    main.o(i.main) refers to bsp_io.o(i.pps_irq_init) for pps_irq_init
    main.o(i.main) refers to bsp_io.o(i.ain_filterAC_DC) for ain_filterAC_DC
    main.o(i.main) refers to bsp_io.o(i.filterAC_DC) for filterAC_DC
    main.o(i.main) refers to bsp_io.o(i.study_mode_filterAC_DC) for study_mode_filterAC_DC
    main.o(i.main) refers to bsp_io.o(i.study_mode_time_calculation) for study_mode_time_calculation
    main.o(i.main) refers to bsp_io.o(i.down_time_display) for down_time_display
    main.o(i.main) refers to stm32f10x_gpio.o(i.GPIO_SetBits) for GPIO_SetBits
    main.o(i.main) refers to stm32f10x_gpio.o(i.GPIO_ResetBits) for GPIO_ResetBits
    main.o(i.main) refers to bsp_i2c.o(i.RtcWrite) for RtcWrite
    main.o(i.main) refers to demo_spi_flash_fatfs.o(i.WriteConfigFile) for WriteConfigFile
    main.o(i.main) refers to demo_spi_flash_fatfs.o(i.ReadConfigFile) for ReadConfigFile
    main.o(i.main) refers to demo_spi_flash_fatfs.o(i.Load_Period_Parameters) for Load_Period_Parameters
    main.o(i.main) refers to bsp_iwdg.o(i.IWDG_Feed) for IWDG_Feed
    main.o(i.main) refers to printf8.o(i.__0printf$8) for __2printf
    main.o(i.main) refers to memseta.o(.text) for __aeabi_memclr4
    main.o(i.main) refers to demo_spi_flash_fatfs.o(i.get_filename) for get_filename
    main.o(i.main) refers to demo_spi_flash_fatfs.o(i.fileChange) for fileChange
[...]
    I2C_Send7bitAddress                      0x08002a5d   Thumb Code    18  stm32f10x_i2c.o(i.I2C_Send7bitAddress)
    I2C_SendData                             0x08002a6f   Thumb Code     4  stm32f10x_i2c.o(i.I2C_SendData)
    IWDG_Enable                              0x08002a75   Thumb Code    10  stm32f10x_iwdg.o(i.IWDG_Enable)
    IWDG_Feed                                0x08002a85   Thumb Code     8  bsp_iwdg.o(i.IWDG_Feed)
    IWDG_ReloadCounter                       0x08002a8d   Thumb Code    10  stm32f10x_iwdg.o(i.IWDG_ReloadCounter)
    IWDG_SetPrescaler                        0x08002a9d   Thumb Code     6  stm32f10x_iwdg.o(i.IWDG_SetPrescaler)
    IWDG_SetReload                           0x08002aa9   Thumb Code     6  stm32f10x_iwdg.o(i.IWDG_SetReload)
    IWDG_WriteAccessCmd                      0x08002ab5   Thumb Code     6  stm32f10x_iwdg.o(i.IWDG_WriteAccessCmd)
    In0_Process                              0x08002ac1   Thumb Code    98  usb_core.o(i.In0_Process)
    Init_Uart1                               0x08002b3d   Thumb Code   140  bsp_uart_fifo.o(i.Init_Uart1)
    Init_Uart2                               0x08002bd1   Thumb Code   154  bsp_uart_fifo.o(i.Init_Uart2)
    Is_Leap_Year                             0x08002cb3   Thumb Code    58  bsp_uart_fifo.o(i.Is_Leap_Year)
    Led_RW_OFF                               0x08002ced   Thumb Code    14  usb_hw.o(i.Led_RW_OFF)
    Led_RW_ON                                0x08002d01   Thumb Code    14  usb_hw.o(i.Led_RW_ON)
    Load_Net_Parameters                      0x08002d15   Thumb Code   170  demo_spi_flash_fatfs.o(i.Load_Net_Parameters)
    Load_Period_Parameters                   0x08002dc9   Thumb Code    34  demo_spi_flash_fatfs.o(i.Load_Period_Parameters)
    MAL_GetStatus                            0x08002df5   Thumb Code    52  mass_mal.o(i.MAL_GetStatus)
    MAL_Read                                 0x08002e39   Thumb Code    36  mass_mal.o(i.MAL_Read)
    MAL_Write                                0x08002e5d   Thumb Code    36  mass_mal.o(i.MAL_Write)
    MASS_Data_Setup                          0x08002e81   Thumb Code    86  usb_prop.o(i.MASS_Data_Setup)
    MASS_GetConfigDescriptor                 0x08002ee1   Thumb Code    14  usb_prop.o(i.MASS_GetConfigDescriptor)
    MASS_GetDeviceDescriptor                 0x08002ef5   Thumb Code    14  usb_prop.o(i.MASS_GetDeviceDescriptor)
    MASS_GetStringDescriptor                 0x08002f09   Thumb Code    32  usb_prop.o(i.MASS_GetStringDescriptor)
    MASS_Get_Interface_Setting               0x08002f31   Thumb Code    22  usb_prop.o(i.MASS_Get_Interface_Setting)
    MASS_NoData_Setup                        0x08002f49   Thumb Code    76  usb_prop.o(i.MASS_NoData_Setup)
    MASS_Reset                               0x08002fa5   Thumb Code   208  usb_prop.o(i.MASS_Reset)
    MASS_Status_In                           0x08003095   Thumb Code     2  usb_prop.o(i.MASS_Status_In)
    MASS_Status_Out                          0x08003097   Thumb Code     2  usb_prop.o(i.MASS_Status_Out)
    MASS_init                                0x08003099   Thumb Code    30  usb_prop.o(i.MASS_init)
    Mass_Storage_ClearFeature                0x080030c1   Thumb Code    20  usb_prop.o(i.Mass_Storage_ClearFeature)
    Mass_Storage_In                          0x080030dd   Thumb Code   100  usb_bot.o(i.Mass_Storage_In)
    Mass_Storage_Out                         0x08003151   Thumb Code   118  usb_bot.o(i.Mass_Storage_Out)
    Mass_Storage_SetConfiguration            0x080031e1   Thumb Code    36  usb_prop.o(i.Mass_Storage_SetConfiguration)
    Mass_Storage_SetDeviceAddress            0x08003211   Thumb Code     8  usb_prop.o(i.Mass_Storage_SetDeviceAddress)
    MemManage_Handler                        0x0800321d   Thumb Code     4  stm32f10x_it.o(i.MemManage_Handler)
    NMI_Handler                              0x08003295   Thumb Code     2  stm32f10x_it.o(i.NMI_Handler)
    NOP_Process                              0x08003297   Thumb Code     2  usb_core.o(i.NOP_Process)
    NVIC_Init                                0x08003299   Thumb Code   100  misc.o(i.NVIC_Init)
    NVIC_PriorityGroupConfig                 0x08003309   Thumb Code    10  misc.o(i.NVIC_PriorityGroupConfig)
    Net_Send_Short                           0x0800331d   Thumb Code    18  bsp_w5500.o(i.Net_Send_Short)
    Out0_Process                             0x08003469   Thumb Code    70  usb_core.o(i.Out0_Process)
    PMAToUserBufferCopy                      0x080034b9   Thumb Code    34  usb_mem.o(i.PMAToUserBufferCopy)
    PendSV_Handler                           0x080034e1   Thumb Code     2  stm32f10x_it.o(i.PendSV_Handler)
    PlaySound                                0x080034e5   Thumb Code   108  demo_spi_flash_fatfs.o(i.PlaySound)
    PlayStart                                0x08003599   Thumb Code    78  demo_spi_flash_fatfs.o(i.PlayStart)
    Playing                                  0x08003625   Thumb Code   278  demo_spi_flash_fatfs.o(i.Playing)
    Post0_Process                            0x0800375d   Thumb Code    54  usb_core.o(i.Post0_Process)
    PowerOn                                  0x080037a5   Thumb Code    54  usb_pwr.o(i.PowerOn)
    Process_Socket_Data                      0x080037e5   Thumb Code   746  main.o(i.Process_Socket_Data)
    RCC_AHBPeriphClockCmd                    0x08003af5   Thumb Code    26  stm32f10x_rcc.o(i.RCC_AHBPeriphClockCmd)
    RCC_APB1PeriphClockCmd                   0x08003b15   Thumb Code    26  stm32f10x_rcc.o(i.RCC_APB1PeriphClockCmd)
    RCC_APB2PeriphClockCmd                   0x08003b35   Thumb Code    26  stm32f10x_rcc.o(i.RCC_APB2PeriphClockCmd)
    RCC_ClearFlag                            0x08003b55   Thumb Code    14  stm32f10x_rcc.o(i.RCC_ClearFlag)
    RCC_GetClocksFreq                        0x08003b69   Thumb Code   192  stm32f10x_rcc.o(i.RCC_GetClocksFreq)
    RCC_GetFlagStatus                        0x08003c3d   Thumb Code    56  stm32f10x_rcc.o(i.RCC_GetFlagStatus)
    RTC_BufferRead                           0x08003c79   Thumb Code   224  bsp_i2c.o(i.RTC_BufferRead)
    RTC_BufferWrite                          0x08003d65   Thumb Code   150  bsp_i2c.o(i.RTC_BufferWrite)
    RTC_WriteDisable                         0x08003e09   Thumb Code    14  bsp_i2c.o(i.RTC_WriteDisable)
    RTC_WriteEnable                          0x08003e17   Thumb Code    14  bsp_i2c.o(i.RTC_WriteEnable)
    RTC_WriteReg                             0x08003e25   Thumb Code   128  bsp_i2c.o(i.RTC_WriteReg)
    RX_Mode                                  0x08003eb1   Thumb Code    32  bsp_24l01.o(i.RX_Mode)
    ReadAndCheckConfigFile                   0x08003ed5   Thumb Code    44  demo_spi_flash_fatfs.o(i.ReadAndCheckConfigFile)
    ReadConfigFile                           0x08003f15   Thumb Code   140  demo_spi_flash_fatfs.o(i.ReadConfigFile)
    Read_Memory                              0x08004021   Thumb Code   224  memory.o(i.Read_Memory)
    Read_SOCK_Data_Buffer                    0x08004125   Thumb Code   220  bsp_w5500.o(i.Read_SOCK_Data_Buffer)
    Read_W5500_1Byte                         0x08004205   Thumb Code    40  bsp_w5500.o(i.Read_W5500_1Byte)
    Read_W5500_SOCK_1Byte                    0x08004231   Thumb Code    52  bsp_w5500.o(i.Read_W5500_SOCK_1Byte)
    Read_W5500_SOCK_2Byte                    0x08004269   Thumb Code    68  bsp_w5500.o(i.Read_W5500_SOCK_2Byte)
    ReceiveProcess                           0x080042b1   Thumb Code   454  demo_spi_flash_fatfs.o(i.ReceiveProcess)
    RtcIrqConfig                             0x080044ad   Thumb Code    74  bsp_i2c.o(i.RtcIrqConfig)
    RtcRead                                  0x080044f7   Thumb Code    26  bsp_i2c.o(i.RtcRead)
    RtcWrite                                 0x08004511   Thumb Code    34  bsp_i2c.o(i.RtcWrite)
    SCSI_Address_Management                  0x08004535   Thumb Code   122  usb_scsi.o(i.SCSI_Address_Management)
    SCSI_Format_Cmd                          0x080045bd   Thumb Code    56  usb_scsi.o(i.SCSI_Format_Cmd)
    SCSI_Inquiry_Cmd                         0x080045f9   Thumb Code    48  usb_scsi.o(i.SCSI_Inquiry_Cmd)
    SCSI_Invalid_Cmd                         0x08004635   Thumb Code    64  usb_scsi.o(i.SCSI_Invalid_Cmd)
    SCSI_ModeSense10_Cmd                     0x08004679   Thumb Code    14  usb_scsi.o(i.SCSI_ModeSense10_Cmd)
    SCSI_ModeSense6_Cmd                      0x0800468d   Thumb Code    14  usb_scsi.o(i.SCSI_ModeSense6_Cmd)
    SCSI_Read10_Cmd                          0x080046a1   Thumb Code   110  usb_scsi.o(i.SCSI_Read10_Cmd)
    SCSI_ReadCapacity10_Cmd                  0x08004719   Thumb Code   122  usb_scsi.o(i.SCSI_ReadCapacity10_Cmd)
    SCSI_ReadFormatCapacity_Cmd              0x080047a5   Thumb Code   106  usb_scsi.o(i.SCSI_ReadFormatCapacity_Cmd)
    SCSI_RequestSense_Cmd                    0x08004821   Thumb Code    30  usb_scsi.o(i.SCSI_RequestSense_Cmd)
    SCSI_Start_Stop_Unit_Cmd                 0x08004849   Thumb Code    14  usb_scsi.o(i.SCSI_Start_Stop_Unit_Cmd)
    SCSI_TestUnitReady_Cmd                   0x08004859   Thumb Code    52  usb_scsi.o(i.SCSI_TestUnitReady_Cmd)
    SCSI_Verify10_Cmd                        0x08004891   Thumb Code    58  usb_scsi.o(i.SCSI_Verify10_Cmd)
    SCSI_Write10_Cmd                         0x080048d1   Thumb Code   110  usb_scsi.o(i.SCSI_Write10_Cmd)
    SPI_Cmd                                  0x08004949   Thumb Code    24  stm32f10x_spi.o(i.SPI_Cmd)
    SPI_I2S_GetFlagStatus                    0x08004961   Thumb Code    18  stm32f10x_spi.o(i.SPI_I2S_GetFlagStatus)
    SPI_I2S_ReceiveData                      0x08004973   Thumb Code     6  stm32f10x_spi.o(i.SPI_I2S_ReceiveData)
    SPI_I2S_SendData                         0x08004979   Thumb Code     4  stm32f10x_spi.o(i.SPI_I2S_SendData)
    SPI_Init                                 0x0800497d   Thumb Code    60  stm32f10x_spi.o(i.SPI_Init)
    SPI_RW_Reg                               0x080049b9   Thumb Code    44  bsp_24l01.o(i.SPI_RW_Reg)
    SPI_Read                                 0x080049e9   Thumb Code    42  bsp_24l01.o(i.SPI_Read)
    SPI_Read_Buf                             0x08004a19   Thumb Code    64  bsp_24l01.o(i.SPI_Read_Buf)
    SPI_Write_Buf                            0x08004a5d   Thumb Code    64  bsp_24l01.o(i.SPI_Write_Buf)
    SVC_Handler                              0x08004aa1   Thumb Code     2  stm32f10x_it.o(i.SVC_Handler)
    SYS_TEST                                 0x08004aa5   Thumb Code   770  demo_spi_flash_fatfs.o(i.SYS_TEST)
    SetBTABLE                                0x08004f71   Thumb Code    12  usb_regs.o(i.SetBTABLE)
    SetDeviceAddress                         0x08004f81   Thumb Code    68  usb_core.o(i.SetDeviceAddress)
    SetEPRxAddr                              0x08004fd1   Thumb Code    26  usb_regs.o(i.SetEPRxAddr)
    SetEPRxCount                             0x08004ff5   Thumb Code    68  usb_regs.o(i.SetEPRxCount)
    SetEPRxStatus                            0x08005041   Thumb Code    60  usb_regs.o(i.SetEPRxStatus)
    SetEPRxValid                             0x08005081   Thumb Code    48  usb_regs.o(i.SetEPRxValid)
    SetEPTxAddr                              0x080050b5   Thumb Code    24  usb_regs.o(i.SetEPTxAddr)
    SetEPTxCount                             0x080050d5   Thumb Code    20  usb_regs.o(i.SetEPTxCount)
    SetEPTxStatus                            0x080050f1   Thumb Code    60  usb_regs.o(i.SetEPTxStatus)
    SetEPType                                0x08005131   Thumb Code    32  usb_regs.o(i.SetEPType)
    Set_CSW                                  0x0800523d   Thumb Code    46  usb_bot.o(i.Set_CSW)
    Set_Scsi_Sense_Data                      0x08005279   Thumb Code     8  usb_scsi.o(i.Set_Scsi_Sense_Data)
    Setup0_Process                           0x08005285   Thumb Code   170  usb_core.o(i.Setup0_Process)
    SocketProcess                            0x0800533d   Thumb Code   148  main.o(i.SocketProcess)
    Socket_Connect                           0x080053d9   Thumb Code    70  bsp_w5500.o(i.Socket_Connect)
    Socket_Init                              0x08005421   Thumb Code    90  bsp_w5500.o(i.Socket_Init)
    Socket_Listen                            0x08005481   Thumb Code   102  bsp_w5500.o(i.Socket_Listen)
    Socket_UDP                               0x080054e7   Thumb Code    60  bsp_w5500.o(i.Socket_UDP)
    Spi1_SendByte                            0x08005525   Thumb Code    50  bsp_spi_bus.o(i.Spi1_SendByte)
    Spi2_SendByte                            0x0800555d   Thumb Code    50  bsp_spi_bus.o(i.Spi2_SendByte)
    Standard_ClearFeature                    0x08005595   Thumb Code   342  usb_core.o(i.Standard_ClearFeature)
    Standard_GetConfiguration                0x08005701   Thumb Code    34  usb_core.o(i.Standard_GetConfiguration)
    Standard_GetDescriptorData               0x0800572d   Thumb Code    32  usb_core.o(i.Standard_GetDescriptorData)
    Standard_GetInterface                    0x08005751   Thumb Code    34  usb_core.o(i.Standard_GetInterface)
    Standard_GetStatus                       0x0800577d   Thumb Code   238  usb_core.o(i.Standard_GetStatus)
    Standard_SetConfiguration                0x0800587d   Thumb Code    60  usb_core.o(i.Standard_SetConfiguration)
    Standard_SetDeviceFeature                0x080058c5   Thumb Code    30  usb_core.o(i.Standard_SetDeviceFeature)
    Standard_SetEndPointFeature              0x080058ed   Thumb Code   192  usb_core.o(i.Standard_SetEndPointFeature)
    Standard_SetInterface                    0x080059bd   Thumb Code    96  usb_core.o(i.Standard_SetInterface)
    SysTick_Handler                          0x08005a29   Thumb Code    14  stm32f10x_it.o(i.SysTick_Handler)
    SystemInit                               0x08005aa5   Thumb Code    78  system_stm32f10x.o(i.SystemInit)
    TimingDelay_Decrement                    0x08005b05   Thumb Code    18  stm32f10x_it.o(i.TimingDelay_Decrement)
    Transfer_Data_Request                    0x08005b1d   Thumb Code    46  usb_bot.o(i.Transfer_Data_Request)
    USART1_IRQHandler                        0x08005b55   Thumb Code     8  bsp_uart_fifo.o(i.USART1_IRQHandler)
    USART2_IRQHandler                        0x08005b5d   Thumb Code     8  bsp_uart_fifo.o(i.USART2_IRQHandler)
    USART_ClearFlag                          0x08005b65   Thumb Code    18  stm32f10x_usart.o(i.USART_ClearFlag)
    USART_Cmd                                0x08005b77   Thumb Code    24  stm32f10x_usart.o(i.USART_Cmd)
    USART_DMACmd                             0x08005b8f   Thumb Code    18  stm32f10x_usart.o(i.USART_DMACmd)
    USART_GetITStatus                        0x08005ba1   Thumb Code    84  stm32f10x_usart.o(i.USART_GetITStatus)
    USART_ITConfig                           0x08005bf5   Thumb Code    74  stm32f10x_usart.o(i.USART_ITConfig)
    USART_Init                               0x08005c41   Thumb Code   210  stm32f10x_usart.o(i.USART_Init)
    USART_ReceiveData                        0x08005d19   Thumb Code    10  stm32f10x_usart.o(i.USART_ReceiveData)
    USART_SendData                           0x08005d23   Thumb Code     8  stm32f10x_usart.o(i.USART_SendData)
    USB_Cable_Config                         0x08005d2d   Thumb Code    26  usb_hw.o(i.USB_Cable_Config)
    USB_HP_CAN1_TX_IRQHandler                0x08005d4d   Thumb Code     8  stm32f10x_it.o(i.USB_HP_CAN1_TX_IRQHandler)
    USB_Istr                                 0x08005d55   Thumb Code    62  usb_istr.o(i.USB_Istr)
    USB_LP_CAN1_RX0_IRQHandler               0x08005da5   Thumb Code     8  stm32f10x_it.o(i.USB_LP_CAN1_RX0_IRQHandler)
    USB_NotConfigured_LED                    0x08005dad   Thumb Code    14  usb_hw.o(i.USB_NotConfigured_LED)
    USB_SIL_Init                             0x08005dc1   Thumb Code    28  usb_sil.o(i.USB_SIL_Init)
    USB_SIL_Read                             0x08005de5   Thumb Code    46  usb_sil.o(i.USB_SIL_Read)
    USB_SIL_Write                            0x08005e13   Thumb Code    46  usb_sil.o(i.USB_SIL_Write)
    UartGetChar                              0x08005f75   Thumb Code    88  bsp_uart_fifo.o(i.UartGetChar)
    UartSendBuf                              0x08005fd1   Thumb Code   144  bsp_uart_fifo.o(i.UartSendBuf)
    UartSendChar                             0x08006065   Thumb Code    12  bsp_uart_fifo.o(i.UartSendChar)
    UsageFault_Handler                       0x080060ed   Thumb Code     4  stm32f10x_it.o(i.UsageFault_Handler)
    UserToPMABufferCopy                      0x080060f1   Thumb Code    52  usb_mem.o(i.UserToPMABufferCopy)
    VS_HD_Reset                              0x08006129   Thumb Code    78  bsp_vs1053b.o(i.VS_HD_Reset)
    ViewRootDir                              0x08006185   Thumb Code   380  demo_spi_flash_fatfs.o(i.ViewRootDir)
    W5500_GPIO_Config                        0x080063b1   Thumb Code   102  bsp_w5500.o(i.W5500_GPIO_Config)
    W5500_Hardware_Reset                     0x08006421   Thumb Code    28  bsp_w5500.o(i.W5500_Hardware_Reset)
    W5500_Init                               0x08006441   Thumb Code   116  bsp_w5500.o(i.W5500_Init)
    W5500_Initialization                     0x080064b9   Thumb Code    32  bsp_w5500.o(i.W5500_Initialization)
    W5500_Interrupt_Process                  0x080064d9   Thumb Code   250  bsp_w5500.o(i.W5500_Interrupt_Process)
    W5500_Socket_Set                         0x080065d9   Thumb Code   172  bsp_w5500.o(i.W5500_Socket_Set)
    WriteConfigFile                          0x08006689   Thumb Code   166  demo_spi_flash_fatfs.o(i.WriteConfigFile)
    Write_Memory                             0x080067a1   Thumb Code   252  memory.o(i.Write_Memory)
    Write_SOCK_Data_Buffer                   0x080068c9   Thumb Code   256  bsp_w5500.o(i.Write_SOCK_Data_Buffer)
    Write_W5500_1Byte                        0x080069d1   Thumb Code    38  bsp_w5500.o(i.Write_W5500_1Byte)
    Write_W5500_2Byte                        0x080069fd   Thumb Code    38  bsp_w5500.o(i.Write_W5500_2Byte)
    Write_W5500_SOCK_1Byte                   0x08006a29   Thumb Code    50  bsp_w5500.o(i.Write_W5500_SOCK_1Byte)
    Write_W5500_SOCK_2Byte                   0x08006a61   Thumb Code    50  bsp_w5500.o(i.Write_W5500_SOCK_2Byte)
    Write_W5500_SOCK_4Byte                   0x08006a99   Thumb Code    76  bsp_w5500.o(i.Write_W5500_SOCK_4Byte)
    Write_W5500_nByte                        0x08006ae9   Thumb Code    58  bsp_w5500.o(i.Write_W5500_nByte)
    __0printf$8                              0x08006b29   Thumb Code    22  printf8.o(i.__0printf$8)
    __1printf$8                              0x08006b29   Thumb Code     0  printf8.o(i.__0printf$8)
    __2printf                                0x08006b29   Thumb Code     0  printf8.o(i.__0printf$8)
    __scatterload_copy                       0x08006b49   Thumb Code    14  handlers.o(i.__scatterload_copy)
    __scatterload_null                       0x08006b57   Thumb Code     2  handlers.o(i.__scatterload_null)
    __scatterload_zeroinit                   0x08006b59   Thumb Code    14  handlers.o(i.__scatterload_zeroinit)
    ain_filterAC_DC                          0x08006fd1   Thumb Code   120  bsp_io.o(i.ain_filterAC_DC)
    bsp_GpioInit                             0x08007075   Thumb Code   300  bsp_io.o(i.bsp_GpioInit)
    bsp_InitI2C                              0x080071b5   Thumb Code   154  bsp_i2c.o(i.bsp_InitI2C)
    bsp_InitIwdg                             0x08007261   Thumb Code    46  bsp_iwdg.o(i.bsp_InitIwdg)
    bsp_InitSpi1Bus                          0x08007291   Thumb Code   110  bsp_spi_bus.o(i.bsp_InitSpi1Bus)
    bsp_InitSpi2Bus                          0x08007331   Thumb Code   108  bsp_spi_bus.o(i.bsp_InitSpi2Bus)
    bsp_InitSpiFlash                         0x080073cd   Thumb Code    78  bsp_spi_flash.o(i.bsp_InitSpiFlash)
    bsp_InitUart                             0x08007421   Thumb Code    20  bsp_uart_fifo.o(i.bsp_InitUart)
    bsp_Init_RTCIRQ                          0x08007435   Thumb Code    62  bsp_i2c.o(i.bsp_Init_RTCIRQ)
    calc_week                                0x08007473   Thumb Code    76  bsp_uart_fifo.o(i.calc_week)
    clac_Volume                              0x08007565   Thumb Code   352  demo_spi_flash_fatfs.o(i.clac_Volume)
    clust2sect                               0x080076ff   Thumb Code    26  ff.o(i.clust2sect)
    disk_initialize                          0x08007c57   Thumb Code    22  diskio.o(i.disk_initialize)
    disk_ioctl                               0x08007c6d   Thumb Code    58  diskio.o(i.disk_ioctl)
    disk_read                                0x08007ca7   Thumb Code    34  diskio.o(i.disk_read)
    disk_status                              0x08007cc9   Thumb Code    14  diskio.o(i.disk_status)
    disk_write                               0x08007cd7   Thumb Code    60  diskio.o(i.disk_write)
    down_time_display                        0x08007d15   Thumb Code   324  bsp_io.o(i.down_time_display)
    f_close                                  0x08007ea1   Thumb Code    32  ff.o(i.f_close)
    f_lseek                                  0x08007ec1   Thumb Code   654  ff.o(i.f_lseek)
    f_mkdir                                  0x0800814f   Thumb Code   352  ff.o(i.f_mkdir)
    f_mkfs                                   0x080082b1   Thumb Code  1592  ff.o(i.f_mkfs)
    f_mount                                  0x080088ed   Thumb Code    86  ff.o(i.f_mount)
    f_open                                   0x08008949   Thumb Code   356  ff.o(i.f_open)
    f_opendir                                0x08008aad   Thumb Code   110  ff.o(i.f_opendir)
    f_read                                   0x08008b1b   Thumb Code   434  ff.o(i.f_read)
    f_readdir                                0x08008ccd   Thumb Code    88  ff.o(i.f_readdir)
    f_sync                                   0x08008d25   Thumb Code   176  ff.o(i.f_sync)
    f_write                                  0x08008dd5   Thumb Code   492  ff.o(i.f_write)
    fileChange                               0x08008fc1   Thumb Code    58  demo_spi_flash_fatfs.o(i.fileChange)
    filterAC_DC                              0x08009005   Thumb Code   484  bsp_io.o(i.filterAC_DC)
    flash_panel_control                      0x080095a9   Thumb Code    94  bsp_io.o(i.flash_panel_control)
    fputc                                    0x0800969d   Thumb Code    16  bsp_uart_fifo.o(i.fputc)
    get_cpuid                                0x080096ad   Thumb Code    60  demo_spi_flash_fatfs.o(i.get_cpuid)
    get_fat                                  0x08009701   Thumb Code   232  ff.o(i.get_fat)
    get_fattime                              0x080097e9   Thumb Code   182  diskio.o(i.get_fattime)
    get_filename                             0x08009915   Thumb Code   108  demo_spi_flash_fatfs.o(i.get_filename)
    main                                     0x08009a19   Thumb Code   668  main.o(i.main)
    mp3_par_init                             0x08009e5d   Thumb Code    64  demo_spi_flash_fatfs.o(i.mp3_par_init)
    nRF24L01_RxPacket                        0x08009ea5   Thumb Code    52  bsp_24l01.o(i.nRF24L01_RxPacket)
    nRF24L01ioConfig                         0x08009ed9   Thumb Code   104  bsp_24l01.o(i.nRF24L01ioConfig)
    pps_irq_init                             0x08009f4d   Thumb Code    70  bsp_io.o(i.pps_irq_init)
    printf_fifo_hex                          0x08009f95   Thumb Code    36  bsp_uart_fifo.o(i.printf_fifo_hex)
    put_fat                                  0x08009fc5   Thumb Code   310  ff.o(i.put_fat)
    rf24l01_irq_init                         0x0800a167   Thumb Code    70  bsp_24l01.o(i.rf24l01_irq_init)
    rf24l01_rx_process                       0x0800a1ad   Thumb Code    24  bsp_24l01.o(i.rf24l01_rx_process)
    second_to_rtc                            0x0800a1c5   Thumb Code   114  bsp_uart_fifo.o(i.second_to_rtc)
    sf_EraseChip                             0x0800a3c9   Thumb Code    32  bsp_spi_flash.o(i.sf_EraseChip)
    sf_EraseSector                           0x0800a3ed   Thumb Code    56  bsp_spi_flash.o(i.sf_EraseSector)
    sf_PageWrite                             0x0800a451   Thumb Code   132  bsp_spi_flash.o(i.sf_PageWrite)
    sf_ReadBuffer                            0x0800a4d9   Thumb Code    88  bsp_spi_flash.o(i.sf_ReadBuffer)
    sf_ReadID                                0x0800a539   Thumb Code    64  bsp_spi_flash.o(i.sf_ReadID)
    sf_ReadInfo                              0x0800a57d   Thumb Code   236  bsp_spi_flash.o(i.sf_ReadInfo)
    sf_WriteBuffer                           0x0800a701   Thumb Code   366  bsp_spi_flash.o(i.sf_WriteBuffer)
    study_mode_filterAC_DC                   0x0800a905   Thumb Code   178  bsp_io.o(i.study_mode_filterAC_DC)
    study_mode_time_calculation              0x0800a9c5   Thumb Code   308  bsp_io.o(i.study_mode_time_calculation)
    utc_to_local                             0x0800ac31   Thumb Code   366  bsp_uart_fifo.o(i.utc_to_local)
    vs1053_HardInit                          0x0800ade3   Thumb Code    12  bsp_vs1053b.o(i.vs1053_HardInit)
    vs1053_IO_Init                           0x0800adf1   Thumb Code   136  bsp_vs1053b.o(i.vs1053_IO_Init)
    vs1053_PreWriteData                      0x0800ae85   Thumb Code    12  bsp_vs1053b.o(i.vs1053_PreWriteData)
    vs1053_ReadChipID                        0x0800ae95   Thumb Code    76  bsp_vs1053b.o(i.vs1053_ReadChipID)
    vs1053_ReadReg                           0x0800af35   Thumb Code    60  bsp_vs1053b.o(i.vs1053_ReadReg)
    vs1053_ReqNewData                        0x0800af71   Thumb Code    18  bsp_vs1053b.o(i.vs1053_ReqNewData)
    vs1053_SetVolume                         0x0800afc9   Thumb Code    36  bsp_vs1053b.o(i.vs1053_SetVolume)
    vs1053_SoftReset                         0x0800afed   Thumb Code   206  bsp_vs1053b.o(i.vs1053_SoftReset)
    vs1053_WaitTimeOut                       0x0800b0ed   Thumb Code    40  bsp_vs1053b.o(i.vs1053_WaitTimeOut)
    vs1053_WriteCmd                          0x0800b11d   Thumb Code    54  bsp_vs1053b.o(i.vs1053_WriteCmd)
    vs1053_WriteDatas                        0x0800b153   Thumb Code    40  bsp_vs1053b.o(i.vs1053_WriteDatas)
    filenameBuf                              0x0800b17a   Data          96  demo_spi_flash_fatfs.o(.constdata)
    zerobuf                                  0x0800b1da   Data          32  demo_spi_flash_fatfs.o(.constdata)
    DefaultConfig                            0x0800b1fa   Data          52  demo_spi_flash_fatfs.o(.constdata)
    MASS_DeviceDescriptor                    0x0800b22e   Data          18  usb_desc.o(.constdata)
    MASS_ConfigDescriptor                    0x0800b240   Data          32  usb_desc.o(.constdata)
    MASS_StringLangID                        0x0800b260   Data           4  usb_desc.o(.constdata)
    MASS_StringVendor                        0x0800b264   Data          38  usb_desc.o(.constdata)
    MASS_StringProduct                       0x0800b28a   Data          38  usb_desc.o(.constdata)
    MASS_StringInterface                     0x0800b2b0   Data          16  usb_desc.o(.constdata)
    DayMonth                                 0x0800b2ec   Data          13  bsp_uart_fifo.o(.constdata)
    __ctype_categories                       0x0800b2f9   Data          64  ctype_c.o(.constdata)
    Region$$Table$$Base                      0x0800b5c8   Number         0  anon$$obj.o(Region$$Table)
    Region$$Table$$Limit                     0x0800b5e8   Number         0  anon$$obj.o(Region$$Table)
    reg1ms_flag                              0x20000000   Data           1  main.o(.data)
    ten_mm_counter                           0x20000001   Data           1  main.o(.data)
    system_error                             0x20000002   Data           1  main.o(.data)
    reg1ms_count                             0x20000004   Data           2  main.o(.data)
    StartFlag                                0x20000006   Data           1  main.o(.data)
    contador                                 0x20000008   Data           4  main.o(.data)
    i                                        0x2000000c   Data           4  main.o(.data)
    pack                                     0x20000010   Data           4  demo_spi_flash_fatfs.o(.data)
    bufptr                                   0x20000014   Data           4  demo_spi_flash_fatfs.o(.data)
    sysfile0                                 0x20000068   Data          11  demo_spi_flash_fatfs.o(.data)
    sysfile1                                 0x20000073   Data          11  demo_spi_flash_fatfs.o(.data)
    file1                                    0x2000007e   Data          13  demo_spi_flash_fatfs.o(.data)
    file2                                    0x2000008b   Data          13  demo_spi_flash_fatfs.o(.data)
    file3                                    0x20000098   Data          13  demo_spi_flash_fatfs.o(.data)
    file4                                    0x200000a5   Data          13  demo_spi_flash_fatfs.o(.data)
    rin_test                                 0x200000b4   Data           4  demo_spi_flash_fatfs.o(.data)
    gin_test                                 0x200000b8   Data           4  demo_spi_flash_fatfs.o(.data)
    ain_test                                 0x200000bc   Data           4  demo_spi_flash_fatfs.o(.data)
    SystemCoreClock                          0x200000c4   Data           4  system_stm32f10x.o(.data)
    AHBPrescTable                            0x200000c8   Data          16  system_stm32f10x.o(.data)
    Mass_Memory_Size                         0x200000f0   Data           4  mass_mal.o(.data)
    Mass_Block_Size                          0x200000f4   Data           4  mass_mal.o(.data)
    Mass_Block_Count                         0x200000f8   Data           4  mass_mal.o(.data)
    Max_Lun                                  0x200000fc   Data           4  mass_mal.o(.data)
    Block_Read_count                         0x20000100   Data           4  memory.o(.data)
    Block_offset                             0x20000104   Data           4  memory.o(.data)
    Counter                                  0x20000108   Data           4  memory.o(.data)
    Idx                                      0x2000010c   Data           4  memory.o(.data)
    Page00_Inquiry_Data                      0x20000124   Data           5  scsi_data.o(.data)
    Standard_Inquiry_Data                    0x20000129   Data          36  scsi_data.o(.data)
    Mode_Sense6_data                         0x2000014d   Data           4  scsi_data.o(.data)
    Mode_Sense10_data                        0x20000151   Data           8  scsi_data.o(.data)
    Scsi_Sense_Data                          0x20000159   Data          18  scsi_data.o(.data)
    ReadCapacity10_Data                      0x2000016b   Data           8  scsi_data.o(.data)
    ReadFormatCapacity_Data                  0x20000173   Data          12  scsi_data.o(.data)
    Bot_State                                0x20000180   Data           1  usb_bot.o(.data)
    Data_Len                                 0x20000182   Data           2  usb_bot.o(.data)
    SCSI_LBA                                 0x20000184   Data           4  usb_bot.o(.data)
    SCSI_BlkLen                              0x20000188   Data           4  usb_bot.o(.data)
    MASS_StringSerial                        0x2000018c   Data          26  usb_desc.o(.data)
    wIstr                                    0x200001a8   Data           2  usb_istr.o(.data)
    bIntPackSOF                              0x200001aa   Data           1  usb_istr.o(.data)
    pEpInt_IN                                0x200001ac   Data          28  usb_istr.o(.data)
    pEpInt_OUT                               0x200001c8   Data          28  usb_istr.o(.data)
    Device_Table                             0x200001e4   Data           2  usb_prop.o(.data)
    Device_Property                          0x200001e8   Data          48  usb_prop.o(.data)
    User_Standard_Requests                   0x20000218   Data          36  usb_prop.o(.data)
    Device_Descriptor                        0x2000023c   Data           8  usb_prop.o(.data)
    Config_Descriptor                        0x20000244   Data           8  usb_prop.o(.data)
    String_Descriptor                        0x2000024c   Data          40  usb_prop.o(.data)
    bDeviceState                             0x20000274   Data           4  usb_pwr.o(.data)
    fSuspendEnabled                          0x20000278   Data           1  usb_pwr.o(.data)
    ResumeS                                  0x20000279   Data           2  usb_pwr.o(.data)
    EPindex                                  0x2000027c   Data           1  usb_init.o(.data)
    pInformation                             0x20000280   Data           4  usb_init.o(.data)
    pProperty                                0x20000284   Data           4  usb_init.o(.data)
    SaveState                                0x20000288   Data           2  usb_init.o(.data)
    wInterrupt_Mask                          0x2000028a   Data           2  usb_init.o(.data)
    pUser_Standard_Requests                  0x2000028c   Data           4  usb_init.o(.data)
    SaveRState                               0x20000290   Data           2  usb_int.o(.data)
    SaveTState                               0x20000292   Data           2  usb_int.o(.data)
    StatusInfo                               0x20000294   Data           2  usb_core.o(.data)
    Data_Mul_MaxPacketSize                   0x20000296   Data           1  usb_core.o(.data)
    spi2_busy_flag                           0x200002a2   Data           1  bsp_io.o(.data)
    rf_int_flag                              0x200002a3   Data           1  bsp_io.o(.data)
    last8second_flag                         0x200002a4   Data           1  bsp_io.o(.data)
    gre_flash_flag                           0x200002a5   Data           1  bsp_io.o(.data)
    have_gre_flash_flag                      0x200002a6   Data           1  bsp_io.o(.data)
    lamp_on_flag                             0x200002a7   Data           1  bsp_io.o(.data)
    lamp_off_flag                            0x200002a8   Data           1  bsp_io.o(.data)
    lamp_status                              0x200002a9   Data           1  bsp_io.o(.data)
    lamp_state                               0x200002aa   Data           2  bsp_io.o(.data)
    lamp_stab_state                          0x200002ac   Data           1  bsp_io.o(.data)
    lamp_temp_state                          0x200002ad   Data           1  bsp_io.o(.data)
    study_lamp_stab_state                    0x200002ae   Data           1  bsp_io.o(.data)
    lamp_chge_counter                        0x200002b0   Data           4  bsp_io.o(.data)
    lamp_chge_flag                           0x200002b4   Data           2  bsp_io.o(.data)
    lamp_off_count                           0x200002b6   Data           2  bsp_io.o(.data)
    lamp_state_chg_count                     0x200002b8   Data           1  bsp_io.o(.data)
    gre_start                                0x200002b9   Data           1  bsp_io.o(.data)
    gre_off                                  0x200002ba   Data           1  bsp_io.o(.data)
    study_time_flag                          0x200002bb   Data           1  bsp_io.o(.data)
    study_time_valid_flag                    0x200002bc   Data           1  bsp_io.o(.data)
    lamp_counter_valid_flag                  0x200002bd   Data           1  bsp_io.o(.data)
    study_chge_counter                       0x200002be   Data           2  bsp_io.o(.data)
    current_study_counter                    0x200002c0   Data           4  bsp_io.o(.data)
    previous_study_counter                   0x200002c4   Data           4  bsp_io.o(.data)
    displaying_second_counter                0x200002c8   Data           1  bsp_io.o(.data)
    red_displaying_flag                      0x200002c9   Data           1  bsp_io.o(.data)
    gre_displaying_flag                      0x200002ca   Data           1  bsp_io.o(.data)
    display_data                             0x200002cc   Data           4  bsp_io.o(.data)
    display_data_backup                      0x200002d0   Data           2  bsp_io.o(.data)
    rtc                                      0x200002d4   Data           7  bsp_i2c.o(.data)
    SYS_RTC                                  0x200002dc   Data           4  bsp_i2c.o(.data)
    rx_length                                0x200002e0   Data           2  bsp_uart_fifo.o(.data)
    TX_ADDRESS                               0x200002e2   Data           5  bsp_24l01.o(.data)
    RX_ADDRESS                               0x200002e7   Data           5  bsp_24l01.o(.data)
    __stdout                                 0x200002ec   Data           4  stdout.o(.data)
    fileTrans                                0x200002f0   Data          32  demo_spi_flash_fatfs.o(.bss)
    MP3                                      0x20000310   Data          48  demo_spi_flash_fatfs.o(.bss)
    fs                                       0x20000340   Data        4144  demo_spi_flash_fatfs.o(.bss)
    file                                     0x20001370   Data        4136  demo_spi_flash_fatfs.o(.bss)
    mfile                                    0x20002398   Data        4136  demo_spi_flash_fatfs.o(.bss)
    Par                                      0x200033c0   Data          64  demo_spi_flash_fatfs.o(.bss)
    Time_Volume                              0x20003400   Data          36  demo_spi_flash_fatfs.o(.bss)
    FileBuf                                  0x20003424   Data       16384  demo_spi_flash_fatfs.o(.bss)
    Data_Buffer                              0x200074a4   Data        4096  memory.o(.bss)
    Bulk_Data_Buff                           0x200084a4   Data          64  usb_bot.o(.bss)
    CBW                                      0x200084e4   Data          32  usb_bot.o(.bss)
    CSW                                      0x20008504   Data          16  usb_bot.o(.bss)
    Device_Info                              0x20008514   Data          28  usb_init.o(.bss)
    system_temp                              0x20008530   Data         152  bsp_io.o(.bss)
    xin                                      0x200085c8   Data          12  bsp_io.o(.bss)
    ain                                      0x200085d4   Data          12  bsp_io.o(.bss)
    g_tUart1                                 0x200087e0   Data          44  bsp_uart_fifo.o(.bss)
    Uart2Gps                                 0x2000880c   Data          44  bsp_uart_fifo.o(.bss)
    dma_usart2_rx_buffer                     0x200090b8   Data        2048  bsp_uart_fifo.o(.bss)
    g_tSF                                    0x200098b8   Data          28  bsp_spi_flash.o(.bss)
    Net                                      0x2000a8d4   Data          18  bsp_w5500.o(.bss)
    Socket                                   0x2000a8e6   Data         144  bsp_w5500.o(.bss)
    Rx_Buffer                                0x2000a976   Data        2048  bsp_w5500.o(.bss)
    Tx_Buffer                                0x2000b176   Data        2048  bsp_w5500.o(.bss)
    W5500_Send_Delay_Counter                 0x2000b978   Data          32  bsp_w5500.o(.bss)
    __initial_sp                             0x2000bd98   Data           0  startup_stm32f10x_hd.o(STACK)



==============================================================================

Memory Map of the image

  Image Entry point : 0x08000131

  Load Region LR_IROM1 (Base: 0x08000000, Size: 0x0000b8d8, Max: 0x00040000, ABSOLUTE, COMPRESSED[0x0000b724])

    Execution Region ER_IROM1 (Exec base: 0x08000000, Load base: 0x08000000, Size: 0x0000b5e8, Max: 0x00040000, ABSOLUTE)

    Exec Addr    Load Addr    Size         Type   Attr      Idx    E Section Name        Object

    0x08000000   0x08000000   0x00000130   Data   RO          471    RESET               startup_stm32f10x_hd.o
    0x08000130   0x08000130   0x00000000   Code   RO         5904  * .ARM.Collect$$$$00000000  mc_w.l(entry.o)
    0x08000130   0x08000130   0x00000004   Code   RO         6190    .ARM.Collect$$$$00000001  mc_w.l(entry2.o)
    0x08000134   0x08000134   0x00000004   Code   RO         6193    .ARM.Collect$$$$00000004  mc_w.l(entry5.o)
    0x08000138   0x08000138   0x00000000   Code   RO         6195    .ARM.Collect$$$$00000008  mc_w.l(entry7b.o)
    0x08000138   0x08000138   0x00000000   Code   RO         6197    .ARM.Collect$$$$0000000A  mc_w.l(entry8b.o)
    0x08000138   0x08000138   0x00000008   Code   RO         6198    .ARM.Collect$$$$0000000B  mc_w.l(entry9a.o)
    0x08000140   0x08000140   0x00000000   Code   RO         6200    .ARM.Collect$$$$0000000D  mc_w.l(entry10a.o)
    0x08000140   0x08000140   0x00000000   Code   RO         6202    .ARM.Collect$$$$0000000F  mc_w.l(entry11a.o)
    0x08000140   0x08000140   0x00000004   Code   RO         6191    .ARM.Collect$$$$00002712  mc_w.l(entry2.o)
    0x08000144   0x08000144   0x00000024   Code   RO          472    .text               startup_stm32f10x_hd.o
    0x08000168   0x08000168   0x00000024   Code   RO         5907    .text               mc_w.l(memcpya.o)
    0x0800018c   0x0800018c   0x00000024   Code   RO         5909    .text               mc_w.l(memseta.o)
    0x080001b0   0x080001b0   0x00000024   Code   RO         5911    .text               mc_w.l(strstr.o)
    0x080001d4   0x080001d4   0x0000001c   Code   RO         5913    .text               mc_w.l(strcmp.o)
    0x080001f0   0x080001f0   0x0000001a   Code   RO         5915    .text               mc_w.l(memcmp.o)
    0x0800020a   0x0800020a   0x00000012   Code   RO         5917    .text               mc_w.l(strcpy.o)
    0x0800021c   0x0800021c   0x0000001e   Code   RO         5919    .text               mc_w.l(strncmp.o)
    0x0800023a   0x0800023a   0x00000002   PAD
    0x0800023c   0x0800023c   0x00000038   Code   RO         6184    .text               mc_w.l(__0sscanf.o)
    0x08000274   0x08000274   0x0000014c   Code   RO         6186    .text               mc_w.l(_scanf_int.o)
    0x080003c0   0x080003c0   0x000000e0   Code   RO         6188    .text               mc_w.l(_scanf_str.o)
    0x080004a0   0x080004a0   0x00000062   Code   RO         6207    .text               mc_w.l(uldiv.o)
    0x08000502   0x08000502   0x0000001c   Code   RO         6209    .text               mc_w.l(_chval.o)
    0x0800051e   0x0800051e   0x00000002   PAD
    0x08000520   0x08000520   0x00000028   Code   RO         6211    .text               mc_w.l(scanf_char.o)
    0x08000548   0x08000548   0x00000040   Code   RO         6213    .text               mc_w.l(_sgetc.o)
    0x08000588   0x08000588   0x00000024   Code   RO         6226    .text               mc_w.l(init.o)
    0x080005ac   0x080005ac   0x0000001e   Code   RO         6228    .text               mc_w.l(llshl.o)
    0x080005ca   0x080005ca   0x00000020   Code   RO         6230    .text               mc_w.l(llushr.o)
    0x080005ea   0x080005ea   0x0000000a   Code   RO         6234    .text               mc_w.l(isspace_c.o)
    0x080005f4   0x080005f4   0x0000032c   Code   RO         6236    .text               mc_w.l(_scanf.o)
    0x08000920   0x08000920   0x00000028   Code   RO         6240    .text               mc_w.l(ctype_c.o)
    0x08000948   0x08000948   0x00000056   Code   RO         6251    .text               mc_w.l(__dczerorl2.o)
    0x0800099e   0x0800099e   0x00000016   Code   RO          634    i.ADC_Cmd           stm32f10x_adc.o
    0x080009b4   0x080009b4   0x00000084   Code   RO         5749    i.ADC_Configuration  bsp_adc.o
    0x08000a38   0x08000a38   0x00000016   Code   RO          635    i.ADC_DMACmd        stm32f10x_adc.o
    0x08000a4e   0x08000a4e   0x00000002   PAD
    0x08000a50   0x08000a50   0x00000024   Code   RO         5750    i.ADC_GPIO_Config   bsp_adc.o
    0x08000a74   0x08000a74   0x00000014   Code   RO          642    i.ADC_GetCalibrationStatus  stm32f10x_adc.o
    0x08000a88   0x08000a88   0x00000014   Code   RO          648    i.ADC_GetResetCalibrationStatus  stm32f10x_adc.o
    0x08000a9c   0x08000a9c   0x00000050   Code   RO          652    i.ADC_Init          stm32f10x_adc.o
    0x08000aec   0x08000aec   0x0000000c   Code   RO         5751    i.ADC_Inits         bsp_adc.o
    0x08000af8   0x08000af8   0x000000b8   Code   RO          656    i.ADC_RegularChannelConfig  stm32f10x_adc.o
    0x08000bb0   0x08000bb0   0x0000000a   Code   RO          657    i.ADC_ResetCalibration  stm32f10x_adc.o
    0x08000bba   0x08000bba   0x00000016   Code   RO          659    i.ADC_SoftwareStartConvCmd  stm32f10x_adc.o
    0x08000bd0   0x08000bd0   0x0000000a   Code   RO          661    i.ADC_StartCalibration  stm32f10x_adc.o
    0x08000bda   0x08000bda   0x00000002   PAD
    0x08000bdc   0x08000bdc   0x0000001c   Code   RO          199    i.AddFileDataInClearMode  demo_spi_flash_fatfs.o
    0x08000bf8   0x08000bf8   0x00000060   Code   RO         4996    i.Auto_adjust_time  bsp_io.o
    0x08000c58   0x08000c58   0x00000040   Code   RO         3643    i.Bot_Abort         usb_bot.o
    0x08000c98   0x08000c98   0x00000004   Code   RO          476    i.BusFault_Handler  stm32f10x_it.o
    0x08000c9c   0x08000c9c   0x0000000c   Code   RO         4168    i.ByteSwap          usb_regs.o
    0x08000ca8   0x08000ca8   0x000002c4   Code   RO         3644    i.CBW_Decode        usb_bot.o
    0x08000f6c   0x08000f6c   0x000000c8   Code   RO         4120    i.CTR_HP            usb_int.o
    0x08001034   0x08001034   0x00000288   Code   RO         4121    i.CTR_LP            usb_int.o
    0x080012bc   0x080012bc   0x00000150   Code   RO          200    i.CheckVolume       demo_spi_flash_fatfs.o
    0x0800140c   0x0800140c   0x00000034   Code   RO         4169    i.ClearDTOG_RX      usb_regs.o
    0x08001440   0x08001440   0x00000034   Code   RO         4170    i.ClearDTOG_TX      usb_regs.o
    0x08001474   0x08001474   0x00000028   Code   RO         4175    i.Clear_Status_Out  usb_regs.o
    0x0800149c   0x0800149c   0x00000016   Code   RO          201    i.Config            demo_spi_flash_fatfs.o
    0x080014b2   0x080014b2   0x00000040   Code   RO         5170    i.ConfigUartNVIC    bsp_uart_fifo.o
    0x080014f2   0x080014f2   0x00000002   PAD
    0x080014f4   0x080014f4   0x00000160   Code   RO          202    i.CreateConfigFile  demo_spi_flash_fatfs.o
    0x08001654   0x08001654   0x000000bc   Code   RO          205    i.CreateNewFileWithNotClose  demo_spi_flash_fatfs.o
    0x08001710   0x08001710   0x00000018   Code   RO         1319    i.DMA_Cmd           stm32f10x_dma.o
    0x08001728   0x08001728   0x00000060   Code   RO         5171    i.DMA_Configuration  bsp_uart_fifo.o
    0x08001788   0x08001788   0x0000014c   Code   RO         1320    i.DMA_DeInit        stm32f10x_dma.o
    0x080018d4   0x080018d4   0x00000008   Code   RO         1321    i.DMA_GetCurrDataCounter  stm32f10x_dma.o
    0x080018dc   0x080018dc   0x0000003c   Code   RO         1325    i.DMA_Init          stm32f10x_dma.o
    0x08001918   0x08001918   0x00000004   Code   RO         1326    i.DMA_SetCurrDataCounter  stm32f10x_dma.o
    0x0800191c   0x0800191c   0x000000c0   Code   RO         4552    i.DataStageIn       usb_core.o
    0x080019dc   0x080019dc   0x000000bc   Code   RO         4553    i.DataStageOut      usb_core.o
    0x08001a98   0x08001a98   0x00000298   Code   RO         4554    i.Data_Setup0       usb_core.o
    0x08001d30   0x08001d30   0x00000002   Code   RO          477    i.DebugMon_Handler  stm32f10x_it.o
    0x08001d32   0x08001d32   0x00000002   PAD
    0x08001d34   0x08001d34   0x00000018   Code   RO          478    i.Delay             stm32f10x_it.o
    0x08001d4c   0x08001d4c   0x000000c8   Code   RO         5595    i.Detect_Gateway    bsp_w5500.o
    0x08001e14   0x08001e14   0x00000178   Code   RO          207    i.DispMenu          demo_spi_flash_fatfs.o
    0x08001f8c   0x08001f8c   0x00000008   Code   RO         3702    i.EP1_IN_Callback   usb_endp.o
    0x08001f94   0x08001f94   0x00000008   Code   RO         3703    i.EP2_OUT_Callback  usb_endp.o
    0x08001f9c   0x08001f9c   0x00000038   Code   RO         5822    i.EXTI15_10_IRQHandler  bsp_24l01.o
    0x08001fd4   0x08001fd4   0x0000003c   Code   RO         4997    i.EXTI1_IRQHandler  bsp_io.o
    0x08002010   0x08002010   0x0000001c   Code   RO         5082    i.EXTI9_5_IRQHandler  bsp_i2c.o
    0x0800202c   0x0800202c   0x0000000c   Code   RO         1389    i.EXTI_ClearFlag    stm32f10x_exti.o
    0x08002038   0x08002038   0x0000000c   Code   RO         1390    i.EXTI_ClearITPendingBit  stm32f10x_exti.o
    0x08002044   0x08002044   0x00000028   Code   RO         1394    i.EXTI_GetITStatus  stm32f10x_exti.o
    0x0800206c   0x0800206c   0x00000094   Code   RO         1395    i.EXTI_Init         stm32f10x_exti.o
    0x08002100   0x08002100   0x0000001c   Code   RO          208    i.FileClose         demo_spi_flash_fatfs.o
    0x0800211c   0x0800211c   0x000000b4   Code   RO          209    i.FileFormat        demo_spi_flash_fatfs.o
    0x080021d0   0x080021d0   0x00000040   Code   RO         1740    i.GPIO_EXTILineConfig  stm32f10x_gpio.o
    0x08002210   0x08002210   0x00000116   Code   RO         1743    i.GPIO_Init         stm32f10x_gpio.o
    0x08002326   0x08002326   0x00000002   PAD
    0x08002328   0x08002328   0x00000090   Code   RO         1745    i.GPIO_PinRemapConfig  stm32f10x_gpio.o
    0x080023b8   0x080023b8   0x00000004   Code   RO         1750    i.GPIO_ResetBits    stm32f10x_gpio.o
    0x080023bc   0x080023bc   0x00000004   Code   RO         1751    i.GPIO_SetBits      stm32f10x_gpio.o
    0x080023c0   0x080023c0   0x00000020   Code   RO         4187    i.GetEPRxAddr       usb_regs.o
    0x080023e0   0x080023e0   0x00000024   Code   RO         4188    i.GetEPRxCount      usb_regs.o
    0x08002404   0x08002404   0x00000020   Code   RO         4190    i.GetEPTxAddr       usb_regs.o
    0x08002424   0x08002424   0x0000001c   Code   RO         3835    i.Get_Max_Lun       usb_prop.o
    0x08002440   0x08002440   0x00000034   Code   RO         3724    i.Get_SerialNum     usb_hw.o
    0x08002474   0x08002474   0x000001a4   Code   RO         5172    i.GpsIRQ            bsp_uart_fifo.o
    0x08002618   0x08002618   0x00000288   Code   RO         5173    i.Gps_ReciveNew     bsp_uart_fifo.o
    0x080028a0   0x080028a0   0x00000004   Code   RO          479    i.HardFault_Handler  stm32f10x_it.o
    0x080028a4   0x080028a4   0x00000018   Code   RO         1852    i.I2C_AcknowledgeConfig  stm32f10x_i2c.o
    0x080028bc   0x080028bc   0x0000002a   Code   RO         1854    i.I2C_CheckEvent    stm32f10x_i2c.o
    0x080028e6   0x080028e6   0x00000018   Code   RO         1857    i.I2C_Cmd           stm32f10x_i2c.o
    0x080028fe   0x080028fe   0x00000018   Code   RO         1864    i.I2C_GenerateSTART  stm32f10x_i2c.o
    0x08002916   0x08002916   0x00000018   Code   RO         1865    i.I2C_GenerateSTOP  stm32f10x_i2c.o
    0x0800292e   0x0800292e   0x0000003a   Code   RO         1866    i.I2C_GetFlagStatus  stm32f10x_i2c.o
    0x08002968   0x08002968   0x000000ec   Code   RO         1871    i.I2C_Init          stm32f10x_i2c.o
    0x08002a54   0x08002a54   0x00000008   Code   RO         1876    i.I2C_ReceiveData   stm32f10x_i2c.o
    0x08002a5c   0x08002a5c   0x00000012   Code   RO         1878    i.I2C_Send7bitAddress  stm32f10x_i2c.o
    0x08002a6e   0x08002a6e   0x00000004   Code   RO         1879    i.I2C_SendData      stm32f10x_i2c.o
    0x08002a72   0x08002a72   0x00000002   PAD
    0x08002a74   0x08002a74   0x00000010   Code   RO         2055    i.IWDG_Enable       stm32f10x_iwdg.o
    0x08002a84   0x08002a84   0x00000008   Code   RO         5804    i.IWDG_Feed         bsp_iwdg.o
    0x08002a8c   0x08002a8c   0x00000010   Code   RO         2057    i.IWDG_ReloadCounter  stm32f10x_iwdg.o
    0x08002a9c   0x08002a9c   0x0000000c   Code   RO         2058    i.IWDG_SetPrescaler  stm32f10x_iwdg.o
    0x08002aa8   0x08002aa8   0x0000000c   Code   RO         2059    i.IWDG_SetReload    stm32f10x_iwdg.o
    0x08002ab4   0x08002ab4   0x0000000c   Code   RO         2060    i.IWDG_WriteAccessCmd  stm32f10x_iwdg.o
    0x08002ac0   0x08002ac0   0x00000070   Code   RO         4555    i.In0_Process       usb_core.o
    0x08002b30   0x08002b30   0x0000000c   Code   RO         5174    i.InitHardUart      bsp_uart_fifo.o
    0x08002b3c   0x08002b3c   0x00000094   Code   RO         5175    i.Init_Uart1        bsp_uart_fifo.o
    0x08002bd0   0x08002bd0   0x000000a4   Code   RO         5176    i.Init_Uart2        bsp_uart_fifo.o
    0x08002c74   0x08002c74   0x0000003e   Code   RO         3726    i.IntToUnicode      usb_hw.o
    0x08002cb2   0x08002cb2   0x0000003a   Code   RO         5177    i.Is_Leap_Year      bsp_uart_fifo.o
    0x08002cec   0x08002cec   0x00000014   Code   RO         3728    i.Led_RW_OFF        usb_hw.o
    0x08002d00   0x08002d00   0x00000014   Code   RO         3729    i.Led_RW_ON         usb_hw.o
    0x08002d14   0x08002d14   0x000000b4   Code   RO          210    i.Load_Net_Parameters  demo_spi_flash_fatfs.o
    0x08002dc8   0x08002dc8   0x0000002c   Code   RO          211    i.Load_Period_Parameters  demo_spi_flash_fatfs.o
    0x08002df4   0x08002df4   0x00000044   Code   RO         3559    i.MAL_GetStatus     mass_mal.o
    0x08002e38   0x08002e38   0x00000024   Code   RO         3561    i.MAL_Read          mass_mal.o
    0x08002e5c   0x08002e5c   0x00000024   Code   RO         3562    i.MAL_Write         mass_mal.o
    0x08002e80   0x08002e80   0x00000060   Code   RO         3836    i.MASS_Data_Setup   usb_prop.o
    0x08002ee0   0x08002ee0   0x00000014   Code   RO         3837    i.MASS_GetConfigDescriptor  usb_prop.o
    0x08002ef4   0x08002ef4   0x00000014   Code   RO         3838    i.MASS_GetDeviceDescriptor  usb_prop.o
    0x08002f08   0x08002f08   0x00000028   Code   RO         3839    i.MASS_GetStringDescriptor  usb_prop.o
    0x08002f30   0x08002f30   0x00000016   Code   RO         3840    i.MASS_Get_Interface_Setting  usb_prop.o
    0x08002f46   0x08002f46   0x00000002   PAD
    0x08002f48   0x08002f48   0x0000005c   Code   RO         3841    i.MASS_NoData_Setup  usb_prop.o
    0x08002fa4   0x08002fa4   0x000000f0   Code   RO         3842    i.MASS_Reset        usb_prop.o
    0x08003094   0x08003094   0x00000002   Code   RO         3843    i.MASS_Status_In    usb_prop.o
    0x08003096   0x08003096   0x00000002   Code   RO         3844    i.MASS_Status_Out   usb_prop.o
    0x08003098   0x08003098   0x00000028   Code   RO         3845    i.MASS_init         usb_prop.o
    0x080030c0   0x080030c0   0x0000001c   Code   RO         3846    i.Mass_Storage_ClearFeature  usb_prop.o
    0x080030dc   0x080030dc   0x00000074   Code   RO         3645    i.Mass_Storage_In   usb_bot.o
    0x08003150   0x08003150   0x00000090   Code   RO         3646    i.Mass_Storage_Out  usb_bot.o
    0x080031e0   0x080031e0   0x00000030   Code   RO         3847    i.Mass_Storage_SetConfiguration  usb_prop.o
    0x08003210   0x08003210   0x0000000c   Code   RO         3848    i.Mass_Storage_SetDeviceAddress  usb_prop.o
    0x0800321c   0x0800321c   0x00000004   Code   RO          480    i.MemManage_Handler  stm32f10x_it.o
    0x08003220   0x08003220   0x00000074   Code   RO          212    i.Mp3Pro            demo_spi_flash_fatfs.o
    0x08003294   0x08003294   0x00000002   Code   RO          481    i.NMI_Handler       stm32f10x_it.o
    0x08003296   0x08003296   0x00000002   Code   RO         4556    i.NOP_Process       usb_core.o
    0x08003298   0x08003298   0x00000070   Code   RO          592    i.NVIC_Init         misc.o
    0x08003308   0x08003308   0x00000014   Code   RO          593    i.NVIC_PriorityGroupConfig  misc.o
    0x0800331c   0x0800331c   0x00000012   Code   RO         5596    i.Net_Send_Short    bsp_w5500.o
    0x0800332e   0x0800332e   0x00000002   PAD
    0x08003330   0x08003330   0x00000138   Code   RO         4557    i.NoData_Setup0     usb_core.o
    0x08003468   0x08003468   0x00000050   Code   RO         4558    i.Out0_Process      usb_core.o
    0x080034b8   0x080034b8   0x00000028   Code   RO         4150    i.PMAToUserBufferCopy  usb_mem.o
    0x080034e0   0x080034e0   0x00000002   Code   RO          482    i.PendSV_Handler    stm32f10x_it.o
    0x080034e2   0x080034e2   0x00000002   PAD
    0x080034e4   0x080034e4   0x000000b4   Code   RO          213    i.PlaySound         demo_spi_flash_fatfs.o
    0x08003598   0x08003598   0x0000008c   Code   RO          214    i.PlayStart         demo_spi_flash_fatfs.o
    0x08003624   0x08003624   0x00000138   Code   RO          215    i.Playing           demo_spi_flash_fatfs.o
    0x0800375c   0x0800375c   0x00000048   Code   RO         4559    i.Post0_Process     usb_core.o
    0x080037a4   0x080037a4   0x00000040   Code   RO         3941    i.PowerOn           usb_pwr.o
    0x080037e4   0x080037e4   0x00000310   Code   RO            1    i.Process_Socket_Data  main.o
    0x08003af4   0x08003af4   0x00000020   Code   RO         2158    i.RCC_AHBPeriphClockCmd  stm32f10x_rcc.o
    0x08003b14   0x08003b14   0x00000020   Code   RO         2159    i.RCC_APB1PeriphClockCmd  stm32f10x_rcc.o
    0x08003b34   0x08003b34   0x00000020   Code   RO         2161    i.RCC_APB2PeriphClockCmd  stm32f10x_rcc.o
    0x08003b54   0x08003b54   0x00000014   Code   RO         2165    i.RCC_ClearFlag     stm32f10x_rcc.o
    0x08003b68   0x08003b68   0x000000d4   Code   RO         2169    i.RCC_GetClocksFreq  stm32f10x_rcc.o
    0x08003c3c   0x08003c3c   0x0000003c   Code   RO         2170    i.RCC_GetFlagStatus  stm32f10x_rcc.o
    0x08003c78   0x08003c78   0x000000ec   Code   RO         5083    i.RTC_BufferRead    bsp_i2c.o
    0x08003d64   0x08003d64   0x000000a4   Code   RO         5084    i.RTC_BufferWrite   bsp_i2c.o
    0x08003e08   0x08003e08   0x0000000e   Code   RO         5085    i.RTC_WriteDisable  bsp_i2c.o
    0x08003e16   0x08003e16   0x0000000e   Code   RO         5086    i.RTC_WriteEnable   bsp_i2c.o
    0x08003e24   0x08003e24   0x0000008c   Code   RO         5087    i.RTC_WriteReg      bsp_i2c.o
    0x08003eb0   0x08003eb0   0x00000024   Code   RO         5823    i.RX_Mode           bsp_24l01.o
    0x08003ed4   0x08003ed4   0x00000040   Code   RO          216    i.ReadAndCheckConfigFile  demo_spi_flash_fatfs.o
    0x08003f14   0x08003f14   0x0000010c   Code   RO          217    i.ReadConfigFile    demo_spi_flash_fatfs.o
    0x08004020   0x08004020   0x00000104   Code   RO         3595    i.Read_Memory       memory.o
    0x08004124   0x08004124   0x000000e0   Code   RO         5597    i.Read_SOCK_Data_Buffer  bsp_w5500.o
    0x08004204   0x08004204   0x0000002c   Code   RO         5598    i.Read_W5500_1Byte  bsp_w5500.o
    0x08004230   0x08004230   0x00000038   Code   RO         5599    i.Read_W5500_SOCK_1Byte  bsp_w5500.o
    0x08004268   0x08004268   0x00000048   Code   RO         5600    i.Read_W5500_SOCK_2Byte  bsp_w5500.o
    0x080042b0   0x080042b0   0x000001fc   Code   RO          219    i.ReceiveProcess    demo_spi_flash_fatfs.o
    0x080044ac   0x080044ac   0x0000004a   Code   RO         5089    i.RtcIrqConfig      bsp_i2c.o
    0x080044f6   0x080044f6   0x0000001a   Code   RO         5090    i.RtcRead           bsp_i2c.o
    0x08004510   0x08004510   0x00000022   Code   RO         5091    i.RtcWrite          bsp_i2c.o
    0x08004532   0x08004532   0x00000002   PAD
    0x08004534   0x08004534   0x00000088   Code   RO         3982    i.SCSI_Address_Management  usb_scsi.o
    0x080045bc   0x080045bc   0x0000003c   Code   RO         3983    i.SCSI_Format_Cmd   usb_scsi.o
    0x080045f8   0x080045f8   0x0000003c   Code   RO         3984    i.SCSI_Inquiry_Cmd  usb_scsi.o
    0x08004634   0x08004634   0x00000044   Code   RO         3985    i.SCSI_Invalid_Cmd  usb_scsi.o
    0x08004678   0x08004678   0x00000014   Code   RO         3986    i.SCSI_ModeSense10_Cmd  usb_scsi.o
    0x0800468c   0x0800468c   0x00000014   Code   RO         3987    i.SCSI_ModeSense6_Cmd  usb_scsi.o
    0x080046a0   0x080046a0   0x00000078   Code   RO         3988    i.SCSI_Read10_Cmd   usb_scsi.o
    0x08004718   0x08004718   0x0000008c   Code   RO         3989    i.SCSI_ReadCapacity10_Cmd  usb_scsi.o
    0x080047a4   0x080047a4   0x0000007c   Code   RO         3990    i.SCSI_ReadFormatCapacity_Cmd  usb_scsi.o
    0x08004820   0x08004820   0x00000028   Code   RO         3991    i.SCSI_RequestSense_Cmd  usb_scsi.o
    0x08004848   0x08004848   0x0000000e   Code   RO         3992    i.SCSI_Start_Stop_Unit_Cmd  usb_scsi.o
    0x08004856   0x08004856   0x00000002   PAD
    0x08004858   0x08004858   0x00000038   Code   RO         3993    i.SCSI_TestUnitReady_Cmd  usb_scsi.o
    0x08004890   0x08004890   0x00000040   Code   RO         3995    i.SCSI_Verify10_Cmd  usb_scsi.o
    0x080048d0   0x080048d0   0x00000078   Code   RO         3996    i.SCSI_Write10_Cmd  usb_scsi.o
    0x08004948   0x08004948   0x00000018   Code   RO         2638    i.SPI_Cmd           stm32f10x_spi.o
    0x08004960   0x08004960   0x00000012   Code   RO         2646    i.SPI_I2S_GetFlagStatus  stm32f10x_spi.o
    0x08004972   0x08004972   0x00000006   Code   RO         2649    i.SPI_I2S_ReceiveData  stm32f10x_spi.o
    0x08004978   0x08004978   0x00000004   Code   RO         2650    i.SPI_I2S_SendData  stm32f10x_spi.o
    0x0800497c   0x0800497c   0x0000003c   Code   RO         2651    i.SPI_Init          stm32f10x_spi.o
    0x080049b8   0x080049b8   0x00000030   Code   RO         5824    i.SPI_RW_Reg        bsp_24l01.o
    0x080049e8   0x080049e8   0x00000030   Code   RO         5825    i.SPI_Read          bsp_24l01.o
    0x08004a18   0x08004a18   0x00000044   Code   RO         5826    i.SPI_Read_Buf      bsp_24l01.o
    0x08004a5c   0x08004a5c   0x00000044   Code   RO         5827    i.SPI_Write_Buf     bsp_24l01.o
    0x08004aa0   0x08004aa0   0x00000002   Code   RO          483    i.SVC_Handler       stm32f10x_it.o
    0x08004aa2   0x08004aa2   0x00000002   PAD
    0x08004aa4   0x08004aa4   0x000004cc   Code   RO          220    i.SYS_TEST          demo_spi_flash_fatfs.o
    0x08004f70   0x08004f70   0x00000010   Code   RO         4198    i.SetBTABLE         usb_regs.o
    0x08004f80   0x08004f80   0x00000050   Code   RO         4560    i.SetDeviceAddress  usb_core.o
    0x08004fd0   0x08004fd0   0x00000024   Code   RO         4212    i.SetEPRxAddr       usb_regs.o
    0x08004ff4   0x08004ff4   0x0000004c   Code   RO         4213    i.SetEPRxCount      usb_regs.o
    0x08005040   0x08005040   0x00000040   Code   RO         4214    i.SetEPRxStatus     usb_regs.o
    0x08005080   0x08005080   0x00000034   Code   RO         4215    i.SetEPRxValid      usb_regs.o
    0x080050b4   0x080050b4   0x00000020   Code   RO         4216    i.SetEPTxAddr       usb_regs.o
    0x080050d4   0x080050d4   0x0000001c   Code   RO         4217    i.SetEPTxCount      usb_regs.o
    0x080050f0   0x080050f0   0x00000040   Code   RO         4218    i.SetEPTxStatus     usb_regs.o
    0x08005130   0x08005130   0x00000024   Code   RO         4220    i.SetEPType         usb_regs.o
    0x08005154   0x08005154   0x00000008   Code   RO          412    i.SetSysClock       system_stm32f10x.o
    0x0800515c   0x0800515c   0x000000e0   Code   RO          413    i.SetSysClockTo72   system_stm32f10x.o
    0x0800523c   0x0800523c   0x0000003c   Code   RO         3647    i.Set_CSW           usb_bot.o
    0x08005278   0x08005278   0x0000000c   Code   RO         3997    i.Set_Scsi_Sense_Data  usb_scsi.o
    0x08005284   0x08005284   0x000000b8   Code   RO         4561    i.Setup0_Process    usb_core.o
    0x0800533c   0x0800533c   0x0000009c   Code   RO            2    i.SocketProcess     main.o
    0x080053d8   0x080053d8   0x00000046   Code   RO         5601    i.Socket_Connect    bsp_w5500.o
    0x0800541e   0x0800541e   0x00000002   PAD
    0x08005420   0x08005420   0x00000060   Code   RO         5602    i.Socket_Init       bsp_w5500.o
    0x08005480   0x08005480   0x00000066   Code   RO         5603    i.Socket_Listen     bsp_w5500.o
    0x080054e6   0x080054e6   0x0000003c   Code   RO         5604    i.Socket_UDP        bsp_w5500.o
    0x08005522   0x08005522   0x00000002   PAD
    0x08005524   0x08005524   0x00000038   Code   RO         5338    i.Spi1_SendByte     bsp_spi_bus.o
    0x0800555c   0x0800555c   0x00000038   Code   RO         5339    i.Spi2_SendByte     bsp_spi_bus.o
    0x08005594   0x08005594   0x0000016c   Code   RO         4562    i.Standard_ClearFeature  usb_core.o
    0x08005700   0x08005700   0x0000002c   Code   RO         4563    i.Standard_GetConfiguration  usb_core.o
    0x0800572c   0x0800572c   0x00000024   Code   RO         4564    i.Standard_GetDescriptorData  usb_core.o
    0x08005750   0x08005750   0x0000002c   Code   RO         4565    i.Standard_GetInterface  usb_core.o
    0x0800577c   0x0800577c   0x00000100   Code   RO         4566    i.Standard_GetStatus  usb_core.o
    0x0800587c   0x0800587c   0x00000048   Code   RO         4567    i.Standard_SetConfiguration  usb_core.o
    0x080058c4   0x080058c4   0x00000028   Code   RO         4568    i.Standard_SetDeviceFeature  usb_core.o
    0x080058ec   0x080058ec   0x000000d0   Code   RO         4569    i.Standard_SetEndPointFeature  usb_core.o
    0x080059bc   0x080059bc   0x0000006c   Code   RO         4570    i.Standard_SetInterface  usb_core.o
    0x08005a28   0x08005a28   0x00000014   Code   RO          484    i.SysTick_Handler   stm32f10x_it.o
    0x08005a3c   0x08005a3c   0x00000068   Code   RO            3    i.SysTick_Init      main.o
    0x08005aa4   0x08005aa4   0x00000060   Code   RO          415    i.SystemInit        system_stm32f10x.o
    0x08005b04   0x08005b04   0x00000018   Code   RO          485    i.TimingDelay_Decrement  stm32f10x_it.o
    0x08005b1c   0x08005b1c   0x00000038   Code   RO         3648    i.Transfer_Data_Request  usb_bot.o
    0x08005b54   0x08005b54   0x00000008   Code   RO         5178    i.USART1_IRQHandler  bsp_uart_fifo.o
    0x08005b5c   0x08005b5c   0x00000008   Code   RO         5179    i.USART2_IRQHandler  bsp_uart_fifo.o
    0x08005b64   0x08005b64   0x00000012   Code   RO         3325    i.USART_ClearFlag   stm32f10x_usart.o
    0x08005b76   0x08005b76   0x00000018   Code   RO         3329    i.USART_Cmd         stm32f10x_usart.o
    0x08005b8e   0x08005b8e   0x00000012   Code   RO         3330    i.USART_DMACmd      stm32f10x_usart.o
    0x08005ba0   0x08005ba0   0x00000054   Code   RO         3333    i.USART_GetITStatus  stm32f10x_usart.o
    0x08005bf4   0x08005bf4   0x0000004a   Code   RO         3335    i.USART_ITConfig    stm32f10x_usart.o
    0x08005c3e   0x08005c3e   0x00000002   PAD
    0x08005c40   0x08005c40   0x000000d8   Code   RO         3336    i.USART_Init        stm32f10x_usart.o
    0x08005d18   0x08005d18   0x0000000a   Code   RO         3343    i.USART_ReceiveData  stm32f10x_usart.o
    0x08005d22   0x08005d22   0x00000008   Code   RO         3346    i.USART_SendData    stm32f10x_usart.o
    0x08005d2a   0x08005d2a   0x00000002   PAD
    0x08005d2c   0x08005d2c   0x00000020   Code   RO         3732    i.USB_Cable_Config  usb_hw.o
    0x08005d4c   0x08005d4c   0x00000008   Code   RO          486    i.USB_HP_CAN1_TX_IRQHandler  stm32f10x_it.o
    0x08005d54   0x08005d54   0x00000050   Code   RO         3817    i.USB_Istr          usb_istr.o
    0x08005da4   0x08005da4   0x00000008   Code   RO          487    i.USB_LP_CAN1_RX0_IRQHandler  stm32f10x_it.o
    0x08005dac   0x08005dac   0x00000014   Code   RO         3736    i.USB_NotConfigured_LED  usb_hw.o
    0x08005dc0   0x08005dc0   0x00000024   Code   RO         4528    i.USB_SIL_Init      usb_sil.o
    0x08005de4   0x08005de4   0x0000002e   Code   RO         4529    i.USB_SIL_Read      usb_sil.o
    0x08005e12   0x08005e12   0x0000002e   Code   RO         4530    i.USB_SIL_Write     usb_sil.o
    0x08005e40   0x08005e40   0x00000134   Code   RO         5180    i.Uart1IRQ          bsp_uart_fifo.o
    0x08005f74   0x08005f74   0x0000005c   Code   RO         5183    i.UartGetChar       bsp_uart_fifo.o
    0x08005fd0   0x08005fd0   0x00000094   Code   RO         5184    i.UartSendBuf       bsp_uart_fifo.o
    0x08006064   0x08006064   0x0000000c   Code   RO         5185    i.UartSendChar      bsp_uart_fifo.o
    0x08006070   0x08006070   0x0000007c   Code   RO         5186    i.UartVarInit       bsp_uart_fifo.o
    0x080060ec   0x080060ec   0x00000004   Code   RO          488    i.UsageFault_Handler  stm32f10x_it.o
    0x080060f0   0x080060f0   0x00000038   Code   RO         4151    i.UserToPMABufferCopy  usb_mem.o
    0x08006128   0x08006128   0x0000005c   Code   RO         5472    i.VS_HD_Reset       bsp_vs1053b.o
    0x08006184   0x08006184   0x0000022c   Code   RO          221    i.ViewRootDir       demo_spi_flash_fatfs.o
    0x080063b0   0x080063b0   0x00000070   Code   RO         5605    i.W5500_GPIO_Config  bsp_w5500.o
    0x08006420   0x08006420   0x00000020   Code   RO         5606    i.W5500_Hardware_Reset  bsp_w5500.o
    0x08006440   0x08006440   0x00000078   Code   RO         5607    i.W5500_Init        bsp_w5500.o
    0x080064b8   0x080064b8   0x00000020   Code   RO         5608    i.W5500_Initialization  bsp_w5500.o
    0x080064d8   0x080064d8   0x00000100   Code   RO         5609    i.W5500_Interrupt_Process  bsp_w5500.o
    0x080065d8   0x080065d8   0x000000b0   Code   RO         5610    i.W5500_Socket_Set  bsp_w5500.o
    0x08006688   0x08006688   0x00000118   Code   RO          222    i.WriteConfigFile   demo_spi_flash_fatfs.o
    0x080067a0   0x080067a0   0x00000128   Code   RO         3596    i.Write_Memory      memory.o
    0x080068c8   0x080068c8   0x00000108   Code   RO         5611    i.Write_SOCK_Data_Buffer  bsp_w5500.o
    0x080069d0   0x080069d0   0x0000002c   Code   RO         5612    i.Write_W5500_1Byte  bsp_w5500.o
    0x080069fc   0x080069fc   0x0000002c   Code   RO         5613    i.Write_W5500_2Byte  bsp_w5500.o
    0x08006a28   0x08006a28   0x00000038   Code   RO         5614    i.Write_W5500_SOCK_1Byte  bsp_w5500.o
    0x08006a60   0x08006a60   0x00000038   Code   RO         5615    i.Write_W5500_SOCK_2Byte  bsp_w5500.o
    0x08006a98   0x08006a98   0x00000050   Code   RO         5616    i.Write_W5500_SOCK_4Byte  bsp_w5500.o
    0x08006ae8   0x08006ae8   0x00000040   Code   RO         5617    i.Write_W5500_nByte  bsp_w5500.o
    0x08006b28   0x08006b28   0x00000020   Code   RO         6130    i.__0printf$8       mc_w.l(printf8.o)
    0x08006b48   0x08006b48   0x0000000e   Code   RO         6245    i.__scatterload_copy  mc_w.l(handlers.o)
    0x08006b56   0x08006b56   0x00000002   Code   RO         6246    i.__scatterload_null  mc_w.l(handlers.o)
    0x08006b58   0x08006b58   0x0000000e   Code   RO         6247    i.__scatterload_zeroinit  mc_w.l(handlers.o)
    0x08006b66   0x08006b66   0x00000006   Code   RO         5187    i.__set_PRIMASK     bsp_uart_fifo.o
    0x08006b6c   0x08006b6c   0x00000410   Code   RO         6137    i._printf_core      mc_w.l(printf8.o)
    0x08006f7c   0x08006f7c   0x00000024   Code   RO         6138    i._printf_post_padding  mc_w.l(printf8.o)
    0x08006fa0   0x08006fa0   0x0000002e   Code   RO         6139    i._printf_pre_padding  mc_w.l(printf8.o)
    0x08006fce   0x08006fce   0x00000002   PAD
    0x08006fd0   0x08006fd0   0x000000a4   Code   RO         4998    i.ain_filterAC_DC   bsp_io.o
    0x08007074   0x08007074   0x00000140   Code   RO         4999    i.bsp_GpioInit      bsp_io.o
    0x080071b4   0x080071b4   0x000000ac   Code   RO         5092    i.bsp_InitI2C       bsp_i2c.o
    0x08007260   0x08007260   0x0000002e   Code   RO         5805    i.bsp_InitIwdg      bsp_iwdg.o
    0x0800728e   0x0800728e   0x00000002   PAD
    0x08007290   0x08007290   0x00000074   Code   RO         5340    i.bsp_InitSpi1Bus   bsp_spi_bus.o
    0x08007304   0x08007304   0x0000002c   Code   RO         5341    i.bsp_InitSpi1GPIO  bsp_spi_bus.o
    0x08007330   0x08007330   0x00000070   Code   RO         5342    i.bsp_InitSpi2Bus   bsp_spi_bus.o
    0x080073a0   0x080073a0   0x0000002c   Code   RO         5343    i.bsp_InitSpi2GPIO  bsp_spi_bus.o
    0x080073cc   0x080073cc   0x00000054   Code   RO         5381    i.bsp_InitSpiFlash  bsp_spi_flash.o
    0x08007420   0x08007420   0x00000014   Code   RO         5188    i.bsp_InitUart      bsp_uart_fifo.o
    0x08007434   0x08007434   0x0000003e   Code   RO         5093    i.bsp_Init_RTCIRQ   bsp_i2c.o
    0x08007472   0x08007472   0x0000004c   Code   RO         5189    i.calc_week         bsp_uart_fifo.o
    0x080074be   0x080074be   0x00000002   PAD
    0x080074c0   0x080074c0   0x00000090   Code   RO         4719    i.check_fs          ff.o
    0x08007550   0x08007550   0x00000014   Code   RO         4720    i.chk_chr           ff.o
    0x08007564   0x08007564   0x00000168   Code   RO          224    i.clac_Volume       demo_spi_flash_fatfs.o
    0x080076cc   0x080076cc   0x00000032   Code   RO         4721    i.clmt_clust        ff.o
    0x080076fe   0x080076fe   0x0000001a   Code   RO         4722    i.clust2sect        ff.o
    0x08007718   0x08007718   0x000000d6   Code   RO         4723    i.create_chain      ff.o
    0x080077ee   0x080077ee   0x00000002   PAD
    0x080077f0   0x080077f0   0x00000158   Code   RO         4724    i.create_name       ff.o
    0x08007948   0x08007948   0x0000005c   Code   RO         4725    i.dir_alloc         ff.o
    0x080079a4   0x080079a4   0x0000005c   Code   RO         4726    i.dir_find          ff.o
    0x08007a00   0x08007a00   0x00000110   Code   RO         4727    i.dir_next          ff.o
    0x08007b10   0x08007b10   0x0000006e   Code   RO         4728    i.dir_read          ff.o
    0x08007b7e   0x08007b7e   0x0000003a   Code   RO         4729    i.dir_register      ff.o
    0x08007bb8   0x08007bb8   0x0000009e   Code   RO         4731    i.dir_sdi           ff.o
    0x08007c56   0x08007c56   0x00000016   Code   RO         4671    i.disk_initialize   diskio.o
    0x08007c6c   0x08007c6c   0x0000003a   Code   RO         4672    i.disk_ioctl        diskio.o
    0x08007ca6   0x08007ca6   0x00000022   Code   RO         4673    i.disk_read         diskio.o
    0x08007cc8   0x08007cc8   0x0000000e   Code   RO         4674    i.disk_status       diskio.o
    0x08007cd6   0x08007cd6   0x0000003c   Code   RO         4675    i.disk_write        diskio.o
    0x08007d12   0x08007d12   0x00000002   PAD
    0x08007d14   0x08007d14   0x0000018c   Code   RO         5000    i.down_time_display  bsp_io.o
    0x08007ea0   0x08007ea0   0x00000020   Code   RO         4733    i.f_close           ff.o
    0x08007ec0   0x08007ec0   0x0000028e   Code   RO         4736    i.f_lseek           ff.o
    0x0800814e   0x0800814e   0x00000160   Code   RO         4737    i.f_mkdir           ff.o
    0x080082ae   0x080082ae   0x00000002   PAD
    0x080082b0   0x080082b0   0x0000063c   Code   RO         4738    i.f_mkfs            ff.o
    0x080088ec   0x080088ec   0x0000005c   Code   RO         4739    i.f_mount           ff.o
    0x08008948   0x08008948   0x00000164   Code   RO         4740    i.f_open            ff.o
    0x08008aac   0x08008aac   0x0000006e   Code   RO         4741    i.f_opendir         ff.o
    0x08008b1a   0x08008b1a   0x000001b2   Code   RO         4742    i.f_read            ff.o
    0x08008ccc   0x08008ccc   0x00000058   Code   RO         4743    i.f_readdir         ff.o
    0x08008d24   0x08008d24   0x000000b0   Code   RO         4746    i.f_sync            ff.o
    0x08008dd4   0x08008dd4   0x000001ec   Code   RO         4750    i.f_write           ff.o
    0x08008fc0   0x08008fc0   0x00000044   Code   RO          225    i.fileChange        demo_spi_flash_fatfs.o
    0x08009004   0x08009004   0x0000021c   Code   RO         5001    i.filterAC_DC       bsp_io.o
    0x08009220   0x08009220   0x00000388   Code   RO         4751    i.find_volume       ff.o
    0x080095a8   0x080095a8   0x00000064   Code   RO         5002    i.flash_panel_control  bsp_io.o
    0x0800960c   0x0800960c   0x00000090   Code   RO         4752    i.follow_path       ff.o
    0x0800969c   0x0800969c   0x00000010   Code   RO         5191    i.fputc             bsp_uart_fifo.o
    0x080096ac   0x080096ac   0x00000054   Code   RO          226    i.get_cpuid         demo_spi_flash_fatfs.o
    0x08009700   0x08009700   0x000000e8   Code   RO         4753    i.get_fat           ff.o
    0x080097e8   0x080097e8   0x000000bc   Code   RO         4676    i.get_fattime       diskio.o
    0x080098a4   0x080098a4   0x00000070   Code   RO         4754    i.get_fileinfo      ff.o
    0x08009914   0x08009914   0x00000098   Code   RO          227    i.get_filename      demo_spi_flash_fatfs.o
    0x080099ac   0x080099ac   0x0000004a   Code   RO         4755    i.get_ldnumber      ff.o
    0x080099f6   0x080099f6   0x00000020   Code   RO         4756    i.ld_clust          ff.o
    0x08009a16   0x08009a16   0x00000002   PAD
    0x08009a18   0x08009a18   0x000003bc   Code   RO            4    i.main              main.o
    0x08009dd4   0x08009dd4   0x00000026   Code   RO         4757    i.mem_cmp           ff.o
    0x08009dfa   0x08009dfa   0x0000001a   Code   RO         4758    i.mem_cpy           ff.o
    0x08009e14   0x08009e14   0x00000014   Code   RO         4759    i.mem_set           ff.o
    0x08009e28   0x08009e28   0x00000032   Code   RO         4760    i.move_window       ff.o
    0x08009e5a   0x08009e5a   0x00000002   PAD
    0x08009e5c   0x08009e5c   0x00000048   Code   RO          228    i.mp3_par_init      demo_spi_flash_fatfs.o
    0x08009ea4   0x08009ea4   0x00000034   Code   RO         5829    i.nRF24L01_RxPacket  bsp_24l01.o
    0x08009ed8   0x08009ed8   0x00000074   Code   RO         5831    i.nRF24L01ioConfig  bsp_24l01.o
    0x08009f4c   0x08009f4c   0x00000046   Code   RO         5004    i.pps_irq_init      bsp_io.o
    0x08009f92   0x08009f92   0x00000002   PAD
    0x08009f94   0x08009f94   0x00000030   Code   RO         5192    i.printf_fifo_hex   bsp_uart_fifo.o
    0x08009fc4   0x08009fc4   0x00000136   Code   RO         4761    i.put_fat           ff.o
    0x0800a0fa   0x0800a0fa   0x0000006c   Code   RO         4762    i.remove_chain      ff.o
    0x0800a166   0x0800a166   0x00000046   Code   RO         5832    i.rf24l01_irq_init  bsp_24l01.o
    0x0800a1ac   0x0800a1ac   0x00000018   Code   RO         5833    i.rf24l01_rx_process  bsp_24l01.o
    0x0800a1c4   0x0800a1c4   0x00000072   Code   RO         5194    i.second_to_rtc     bsp_uart_fifo.o
    0x0800a236   0x0800a236   0x00000002   PAD
    0x0800a238   0x0800a238   0x00000114   Code   RO         5382    i.sf_AutoWritePage  bsp_spi_flash.o
    0x0800a34c   0x0800a34c   0x0000007c   Code   RO         5383    i.sf_CmpData        bsp_spi_flash.o
    0x0800a3c8   0x0800a3c8   0x00000024   Code   RO         5384    i.sf_EraseChip      bsp_spi_flash.o
    0x0800a3ec   0x0800a3ec   0x0000003c   Code   RO         5385    i.sf_EraseSector    bsp_spi_flash.o
    0x0800a428   0x0800a428   0x00000028   Code   RO         5386    i.sf_NeedErase      bsp_spi_flash.o
    0x0800a450   0x0800a450   0x00000088   Code   RO         5387    i.sf_PageWrite      bsp_spi_flash.o
    0x0800a4d8   0x0800a4d8   0x00000060   Code   RO         5388    i.sf_ReadBuffer     bsp_spi_flash.o
    0x0800a538   0x0800a538   0x00000044   Code   RO         5389    i.sf_ReadID         bsp_spi_flash.o
    0x0800a57c   0x0800a57c   0x00000158   Code   RO         5390    i.sf_ReadInfo       bsp_spi_flash.o
    0x0800a6d4   0x0800a6d4   0x0000002c   Code   RO         5391    i.sf_WaitForWriteEnd  bsp_spi_flash.o
    0x0800a700   0x0800a700   0x00000174   Code   RO         5392    i.sf_WriteBuffer    bsp_spi_flash.o
    0x0800a874   0x0800a874   0x0000001c   Code   RO         5393    i.sf_WriteEnable    bsp_spi_flash.o
    0x0800a890   0x0800a890   0x00000064   Code   RO         5394    i.sf_WriteStatus    bsp_spi_flash.o
    0x0800a8f4   0x0800a8f4   0x00000010   Code   RO         4763    i.st_clust          ff.o
    0x0800a904   0x0800a904   0x000000c0   Code   RO         5005    i.study_mode_filterAC_DC  bsp_io.o
    0x0800a9c4   0x0800a9c4   0x00000158   Code   RO         5006    i.study_mode_time_calculation  bsp_io.o
    0x0800ab1c   0x0800ab1c   0x000000c8   Code   RO         4764    i.sync_fs           ff.o
    0x0800abe4   0x0800abe4   0x0000004c   Code   RO         4765    i.sync_window       ff.o
    0x0800ac30   0x0800ac30   0x0000017c   Code   RO         5195    i.utc_to_local      bsp_uart_fifo.o
    0x0800adac   0x0800adac   0x00000036   Code   RO         4766    i.validate          ff.o
    0x0800ade2   0x0800ade2   0x0000000c   Code   RO         5473    i.vs1053_HardInit   bsp_vs1053b.o
    0x0800adee   0x0800adee   0x00000002   PAD
    0x0800adf0   0x0800adf0   0x00000094   Code   RO         5474    i.vs1053_IO_Init    bsp_vs1053b.o
    0x0800ae84   0x0800ae84   0x00000010   Code   RO         5475    i.vs1053_PreWriteData  bsp_vs1053b.o
    0x0800ae94   0x0800ae94   0x000000a0   Code   RO         5476    i.vs1053_ReadChipID  bsp_vs1053b.o
    0x0800af34   0x0800af34   0x0000003c   Code   RO         5477    i.vs1053_ReadReg    bsp_vs1053b.o
    0x0800af70   0x0800af70   0x00000018   Code   RO         5478    i.vs1053_ReqNewData  bsp_vs1053b.o
    0x0800af88   0x0800af88   0x00000028   Code   RO         5480    i.vs1053_SetCS      bsp_vs1053b.o
    0x0800afb0   0x0800afb0   0x00000018   Code   RO         5481    i.vs1053_SetDS      bsp_vs1053b.o
    0x0800afc8   0x0800afc8   0x00000024   Code   RO         5482    i.vs1053_SetVolume  bsp_vs1053b.o
    0x0800afec   0x0800afec   0x00000100   Code   RO         5483    i.vs1053_SoftReset  bsp_vs1053b.o
    0x0800b0ec   0x0800b0ec   0x00000030   Code   RO         5487    i.vs1053_WaitTimeOut  bsp_vs1053b.o
    0x0800b11c   0x0800b11c   0x00000036   Code   RO         5488    i.vs1053_WriteCmd   bsp_vs1053b.o
    0x0800b152   0x0800b152   0x00000028   Code   RO         5490    i.vs1053_WriteDatas  bsp_vs1053b.o
    0x0800b17a   0x0800b17a   0x000000b4   Data   RO          230    .constdata          demo_spi_flash_fatfs.o
    0x0800b22e   0x0800b22e   0x00000092   Data   RO         3689    .constdata          usb_desc.o
    0x0800b2c0   0x0800b2c0   0x0000002c   Data   RO         4767    .constdata          ff.o
    0x0800b2ec   0x0800b2ec   0x0000000d   Data   RO         5197    .constdata          bsp_uart_fifo.o
    0x0800b2f9   0x0800b2f9   0x00000040   Data   RO         6241    .constdata          mc_w.l(ctype_c.o)
    0x0800b339   0x0800b339   0x00000003   PAD
    0x0800b33c   0x0800b33c   0x0000028b   Data   RO          231    .conststring        demo_spi_flash_fatfs.o
    0x0800b5c7   0x0800b5c7   0x00000001   PAD
    0x0800b5c8   0x0800b5c8   0x00000020   Data   RO         6243    Region$$Table       anon$$obj.o


    Execution Region RW_IRAM1 (Exec base: 0x20000000, Load base: 0x0800b5e8, Size: 0x0000bd98, Max: 0x0000c000, ABSOLUTE, COMPRESSED[0x0000013c])

    Exec Addr    Load Addr    Size         Type   Attr      Idx    E Section Name        Object

    0x20000000   COMPRESSED   0x00000010   Data   RW            5    .data               main.o
    0x20000010   COMPRESSED   0x000000b2   Data   RW          232    .data               demo_spi_flash_fatfs.o
    0x200000c2   COMPRESSED   0x00000002   PAD
    0x200000c4   COMPRESSED   0x00000014   Data   RW          416    .data               system_stm32f10x.o
    0x200000d8   COMPRESSED   0x00000004   Data   RW          489    .data               stm32f10x_it.o
    0x200000dc   COMPRESSED   0x00000014   Data   RW         2189    .data               stm32f10x_rcc.o
    0x200000f0   COMPRESSED   0x00000010   Data   RW         3563    .data               mass_mal.o
    0x20000100   COMPRESSED   0x00000024   Data   RW         3598    .data               memory.o
    0x20000124   COMPRESSED   0x0000005b   Data   RW         3631    .data               scsi_data.o
    0x2000017f   COMPRESSED   0x00000001   PAD
    0x20000180   COMPRESSED   0x0000000c   Data   RW         3650    .data               usb_bot.o
    0x2000018c   COMPRESSED   0x0000001a   Data   RW         3690    .data               usb_desc.o
    0x200001a6   COMPRESSED   0x00000002   PAD
    0x200001a8   COMPRESSED   0x0000003c   Data   RW         3818    .data               usb_istr.o
    0x200001e4   COMPRESSED   0x00000090   Data   RW         3849    .data               usb_prop.o
    0x20000274   COMPRESSED   0x00000007   Data   RW         3945    .data               usb_pwr.o
    0x2000027b   COMPRESSED   0x00000001   PAD
    0x2000027c   COMPRESSED   0x00000014   Data   RW         4099    .data               usb_init.o
    0x20000290   COMPRESSED   0x00000004   Data   RW         4122    .data               usb_int.o
    0x20000294   COMPRESSED   0x00000003   Data   RW         4571    .data               usb_core.o
    0x20000297   COMPRESSED   0x00000001   PAD
    0x20000298   COMPRESSED   0x0000000a   Data   RW         4768    .data               ff.o
    0x200002a2   COMPRESSED   0x00000030   Data   RW         5009    .data               bsp_io.o
    0x200002d2   COMPRESSED   0x00000002   PAD
    0x200002d4   COMPRESSED   0x0000000c   Data   RW         5094    .data               bsp_i2c.o
    0x200002e0   COMPRESSED   0x00000002   Data   RW         5198    .data               bsp_uart_fifo.o
    0x200002e2   COMPRESSED   0x0000000a   Data   RW         5835    .data               bsp_24l01.o
    0x200002ec   COMPRESSED   0x00000004   Data   RW         6204    .data               mc_w.l(stdout.o)
    0x200002f0        -       0x000071b4   Zero   RW          229    .bss                demo_spi_flash_fatfs.o
    0x200074a4        -       0x00001000   Zero   RW         3597    .bss                memory.o
    0x200084a4        -       0x00000070   Zero   RW         3649    .bss                usb_bot.o
    0x20008514        -       0x0000001c   Zero   RW         4098    .bss                usb_init.o
    0x20008530        -       0x000000b0   Zero   RW         5008    .bss                bsp_io.o
    0x200085e0        -       0x000012d8   Zero   RW         5196    .bss                bsp_uart_fifo.o
    0x200098b8        -       0x0000101c   Zero   RW         5395    .bss                bsp_spi_flash.o
    0x2000a8d4        -       0x000010c4   Zero   RW         5618    .bss                bsp_w5500.o
    0x2000b998        -       0x00000400   Zero   RW          469    STACK               startup_stm32f10x_hd.o


==============================================================================

Image component sizes


      Code (inc. data)   RO Data    RW Data    ZI Data      Debug   Object Name

       586         56          0         10          0       6190   bsp_24l01.o
       180         10          0          0          0       1486   bsp_adc.o
       964         60          0         12          0       7478   bsp_i2c.o
      2282        318          0         48        176      11137   bsp_io.o
        54          0          0          0          0        955   bsp_iwdg.o
       428         32          0          0          0       3140   bsp_spi_bus.o
      1808        180          0          0       4124      10509   bsp_spi_flash.o
      2970        314         13          2       4824      29487   bsp_uart_fifo.o
      1010        202          0          0          0       8129   bsp_vs1053b.o
      2278         96          0          0       4292      18599   bsp_w5500.o
         0          0          0          0          0         32   core_cm3.o
      6122       1948        831        178      29108      22265   demo_spi_flash_fatfs.o
       376         12          0          0          0       5352   diskio.o
      8358        112         44         10          0      37027   ff.o
      2000        346          0         16          0     297128   main.o
       140         16          0         16          0       2671   mass_mal.o
       556         80          0         36       4096       3637   memory.o
       132         22          0          0          0       1651   misc.o
         0          0          0         91          0        967   scsi_data.o
        36          8        304          0       1024        832   startup_stm32f10x_hd.o
       390         10          0          0          0       7729   stm32f10x_adc.o
       428          8          0          0          0       4744   stm32f10x_dma.o
       212         24          0          0          0       2785   stm32f10x_exti.o
       494         10          0          0          0       4684   stm32f10x_gpio.o
       462         14          0          0          0       8060   stm32f10x_i2c.o
       108         16          0          4          0       6245   stm32f10x_it.o
        68         30          0          0          0       2622   stm32f10x_iwdg.o
       388         48          0         20          0       6382   stm32f10x_rcc.o
       112          0          0          0          0       4034   stm32f10x_spi.o
       452          6          0          0          0       6980   stm32f10x_usart.o
       328         28          0         20          0       2217   system_stm32f10x.o
      1148        108          0         12        112       4417   usb_bot.o
      3058        288          0          3          0      14931   usb_core.o
         0          0        146         26          0        944   usb_desc.o
        16          0          0          0          0        913   usb_endp.o
       206         34          0          0          0       3492   usb_hw.o
         0          0          0         20         28       3687   usb_init.o
       848         58          0          4          0       2369   usb_int.o
        80         18          0         60          0       1328   usb_istr.o
        96         10          0          0          0       1844   usb_mem.o
       690        120          0        144          0      11206   usb_prop.o
        64         10          0          7          0       1913   usb_pwr.o
       660         96          0          0          0       9596   usb_regs.o
      1054        126          0          0          0       9414   usb_scsi.o
       128          8          0          0          0       2250   usb_sil.o

    ----------------------------------------------------------------------
     41822       4882       1371        748      47784     593458   Object Totals
         0          0         32          0          0          0   (incl. Generated)
        52          0          1          9          0          0   (incl. Padding)

    ----------------------------------------------------------------------

      Code (inc. data)   RO Data    RW Data    ZI Data      Debug   Library Member Name

        56          8          0          0          0         84   __0sscanf.o
        86          0          0          0          0          0   __dczerorl2.o
        28          0          0          0          0         68   _chval.o
       812          4          0          0          0        112   _scanf.o
       332          0          0          0          0         96   _scanf_int.o
       224          0          0          0          0         96   _scanf_str.o
        64          0          0          0          0         84   _sgetc.o
        40          6         64          0          0         68   ctype_c.o
         0          0          0          0          0          0   entry.o
         0          0          0          0          0          0   entry10a.o
         0          0          0          0          0          0   entry11a.o
         8          4          0          0          0          0   entry2.o
         4          0          0          0          0          0   entry5.o
         0          0          0          0          0          0   entry7b.o
         0          0          0          0          0          0   entry8b.o
         8          4          0          0          0          0   entry9a.o
        30          0          0          0          0          0   handlers.o
        36          8          0          0          0         68   init.o
        10          0          0          0          0         68   isspace_c.o
        30          0          0          0          0         68   llshl.o
        32          0          0          0          0         68   llushr.o
        26          0          0          0          0         80   memcmp.o
        36          0          0          0          0         68   memcpya.o
        36          0          0          0          0        108   memseta.o
      1154         54          0          0          0        352   printf8.o
        40          8          0          0          0         84   scanf_char.o
         0          0          0          4          0          0   stdout.o
        28          0          0          0          0         76   strcmp.o
        18          0          0          0          0         68   strcpy.o
        30          0          0          0          0         80   strncmp.o
        36          0          0          0          0         80   strstr.o
        98          0          0          0          0         92   uldiv.o

    ----------------------------------------------------------------------
      3308         96         67          4          0       1968   Library Totals
         6          0          3          0          0          0   (incl. Padding)

    ----------------------------------------------------------------------

      Code (inc. data)   RO Data    RW Data    ZI Data      Debug   Library Name

      3302         96         64          4          0       1968   mc_w.l

    ----------------------------------------------------------------------
      3308         96         67          4          0       1968   Library Totals

    ----------------------------------------------------------------------

==============================================================================


      Code (inc. data)   RO Data    RW Data    ZI Data      Debug   

     45130       4978       1438        752      47784     576366   Grand Totals
     45130       4978       1438        316      47784     576366   ELF Image Totals (compressed)
     45130       4978       1438        316          0          0   ROM Totals

==============================================================================

    Total RO  Size (Code + RO Data)                46568 (  45.48kB)
    Total RW  Size (RW Data + ZI Data)             48536 (  47.40kB)
    Total ROM Size (Code + RO Data + RW Data)      46884 (  45.79kB)

==============================================================================

