*** Using Compiler 'V5.06 update 6 (build 750)', folder: 'C:\Keil_v5\ARM\ARMCC\Bin'
Rebuild target 'Project'
assembling startup_stm32f10x_hd.s...
compiling core_cm3.c...
compiling system_stm32f10x.c...
compiling main.c...
compiling uart_consola.c...
compiling spi_w5500_eth.c...
compiling demo_spi_flash_fatfs.c...
USER\demo_spi_flash_fatfs.c(294): warning:  #177-D: function "CreateNewFile"  was declared but never referenced
  void CreateNewFile(char *filename, uint8_t* data, uint16_t len)
USER\demo_spi_flash_fatfs.c: 1 warning, 0 errors
compiling stm32f10x_it.c...
compiling misc.c...
compiling stm32f10x_adc.c...
compiling stm32f10x_bkp.c...
compiling stm32f10x_cec.c...
compiling stm32f10x_crc.c...
compiling stm32f10x_can.c...
compiling stm32f10x_dac.c...
compiling stm32f10x_dbgmcu.c...
compiling stm32f10x_exti.c...
compiling stm32f10x_dma.c...
compiling stm32f10x_i2c.c...
compiling stm32f10x_gpio.c...
compiling stm32f10x_iwdg.c...
compiling stm32f10x_fsmc.c...
compiling stm32f10x_flash.c...
compiling stm32f10x_rtc.c...
compiling stm32f10x_pwr.c...
compiling stm32f10x_usart.c...
compiling stm32f10x_sdio.c...
compiling stm32f10x_spi.c...
compiling stm32f10x_rcc.c...
compiling stm32f10x_tim.c...
compiling mass_mal.c...
compiling usb_desc.c...
compiling scsi_data.c...
compiling stm32f10x_wwdg.c...
compiling usb_endp.c...
compiling usb_bot.c...
compiling memory.c...
compiling otgd_fs_cal.c...
compiling otgd_fs_dev.c...
compiling otgd_fs_int.c...
compiling otgd_fs_pcd.c...
compiling usb_hw.c...
compiling usb_pwr.c...
compiling usb_istr.c...
compiling usb_prop.c...
compiling usb_scsi.c...
compiling usb_init.c...
compiling usb_int.c...
compiling ff.c...
compiling usb_mem.c...
compiling usb_sil.c...
compiling diskio.c...
compiling bsp_io.c...
compiling usb_core.c...
compiling usb_regs.c...
compiling bsp_i2c.c...
compiling bsp_uart_fifo.c...
compiling bsp_spi_bus.c...
compiling bsp_spi_flash.c...
compiling bsp_adc.c...
compiling bsp_vs1053b.c...
compiling bsp_w5500.c...
compiling bsp_iwdg.c...
compiling bsp_24L01.c...
linking...
Program Size: Code=48174 RO-data=1502 RW-data=744 ZI-data=47784  
FromELF: creating hex file...
".\USER\Output\Project.axf" - 0 Error(s), 1 Warning(s).
Build Time Elapsed:  00:00:10
